Archive member included to satisfy reference by file (symbol)

c:/altera_lite/16.0/nios2eds/bin/gnu/h-x86_64-mingw32/bin/../lib/gcc/nios2-elf/5.2.0/../../../../../H-x86_64-mingw32/nios2-elf/lib\libc.a(lib_a-puts.o)
                              obj/default/hello_world.o (puts)
c:/altera_lite/16.0/nios2eds/bin/gnu/h-x86_64-mingw32/bin/../lib/gcc/nios2-elf/5.2.0/../../../../../H-x86_64-mingw32/nios2-elf/lib\libc.a(lib_a-strlen.o)
                              c:/altera_lite/16.0/nios2eds/bin/gnu/h-x86_64-mingw32/bin/../lib/gcc/nios2-elf/5.2.0/../../../../../H-x86_64-mingw32/nios2-elf/lib\libc.a(lib_a-puts.o) (strlen)
c:/altera_lite/16.0/nios2eds/bin/gnu/h-x86_64-mingw32/bin/../lib/gcc/nios2-elf/5.2.0/../../../../../H-x86_64-mingw32/nios2-elf/lib\libc.a(lib_a-findfp.o)
                              c:/altera_lite/16.0/nios2eds/bin/gnu/h-x86_64-mingw32/bin/../lib/gcc/nios2-elf/5.2.0/../../../../../H-x86_64-mingw32/nios2-elf/lib\libc.a(lib_a-puts.o) (__sinit)
c:/altera_lite/16.0/nios2eds/bin/gnu/h-x86_64-mingw32/bin/../lib/gcc/nios2-elf/5.2.0/../../../../../H-x86_64-mingw32/nios2-elf/lib\libc.a(lib_a-fvwrite.o)
                              c:/altera_lite/16.0/nios2eds/bin/gnu/h-x86_64-mingw32/bin/../lib/gcc/nios2-elf/5.2.0/../../../../../H-x86_64-mingw32/nios2-elf/lib\libc.a(lib_a-puts.o) (__sfvwrite_r)
c:/altera_lite/16.0/nios2eds/bin/gnu/h-x86_64-mingw32/bin/../lib/gcc/nios2-elf/5.2.0/../../../../../H-x86_64-mingw32/nios2-elf/lib\libc.a(lib_a-fwalk.o)
                              c:/altera_lite/16.0/nios2eds/bin/gnu/h-x86_64-mingw32/bin/../lib/gcc/nios2-elf/5.2.0/../../../../../H-x86_64-mingw32/nios2-elf/lib\libc.a(lib_a-findfp.o) (_fwalk)
c:/altera_lite/16.0/nios2eds/bin/gnu/h-x86_64-mingw32/bin/../lib/gcc/nios2-elf/5.2.0/../../../../../H-x86_64-mingw32/nios2-elf/lib\libc.a(lib_a-impure.o)
                              c:/altera_lite/16.0/nios2eds/bin/gnu/h-x86_64-mingw32/bin/../lib/gcc/nios2-elf/5.2.0/../../../../../H-x86_64-mingw32/nios2-elf/lib\libc.a(lib_a-findfp.o) (_global_impure_ptr)
c:/altera_lite/16.0/nios2eds/bin/gnu/h-x86_64-mingw32/bin/../lib/gcc/nios2-elf/5.2.0/../../../../../H-x86_64-mingw32/nios2-elf/lib\libc.a(lib_a-mallocr.o)
                              c:/altera_lite/16.0/nios2eds/bin/gnu/h-x86_64-mingw32/bin/../lib/gcc/nios2-elf/5.2.0/../../../../../H-x86_64-mingw32/nios2-elf/lib\libc.a(lib_a-findfp.o) (_malloc_r)
c:/altera_lite/16.0/nios2eds/bin/gnu/h-x86_64-mingw32/bin/../lib/gcc/nios2-elf/5.2.0/../../../../../H-x86_64-mingw32/nios2-elf/lib\libc.a(lib_a-memchr.o)
                              c:/altera_lite/16.0/nios2eds/bin/gnu/h-x86_64-mingw32/bin/../lib/gcc/nios2-elf/5.2.0/../../../../../H-x86_64-mingw32/nios2-elf/lib\libc.a(lib_a-fvwrite.o) (memchr)
c:/altera_lite/16.0/nios2eds/bin/gnu/h-x86_64-mingw32/bin/../lib/gcc/nios2-elf/5.2.0/../../../../../H-x86_64-mingw32/nios2-elf/lib\libc.a(lib_a-memcpy.o)
                              c:/altera_lite/16.0/nios2eds/bin/gnu/h-x86_64-mingw32/bin/../lib/gcc/nios2-elf/5.2.0/../../../../../H-x86_64-mingw32/nios2-elf/lib\libc.a(lib_a-fvwrite.o) (memcpy)
c:/altera_lite/16.0/nios2eds/bin/gnu/h-x86_64-mingw32/bin/../lib/gcc/nios2-elf/5.2.0/../../../../../H-x86_64-mingw32/nios2-elf/lib\libc.a(lib_a-memmove.o)
                              c:/altera_lite/16.0/nios2eds/bin/gnu/h-x86_64-mingw32/bin/../lib/gcc/nios2-elf/5.2.0/../../../../../H-x86_64-mingw32/nios2-elf/lib\libc.a(lib_a-fvwrite.o) (memmove)
c:/altera_lite/16.0/nios2eds/bin/gnu/h-x86_64-mingw32/bin/../lib/gcc/nios2-elf/5.2.0/../../../../../H-x86_64-mingw32/nios2-elf/lib\libc.a(lib_a-memset.o)
                              c:/altera_lite/16.0/nios2eds/bin/gnu/h-x86_64-mingw32/bin/../lib/gcc/nios2-elf/5.2.0/../../../../../H-x86_64-mingw32/nios2-elf/lib\libc.a(lib_a-findfp.o) (memset)
c:/altera_lite/16.0/nios2eds/bin/gnu/h-x86_64-mingw32/bin/../lib/gcc/nios2-elf/5.2.0/../../../../../H-x86_64-mingw32/nios2-elf/lib\libc.a(lib_a-reallocr.o)
                              c:/altera_lite/16.0/nios2eds/bin/gnu/h-x86_64-mingw32/bin/../lib/gcc/nios2-elf/5.2.0/../../../../../H-x86_64-mingw32/nios2-elf/lib\libc.a(lib_a-fvwrite.o) (_realloc_r)
c:/altera_lite/16.0/nios2eds/bin/gnu/h-x86_64-mingw32/bin/../lib/gcc/nios2-elf/5.2.0/../../../../../H-x86_64-mingw32/nios2-elf/lib\libc.a(lib_a-sbrkr.o)
                              c:/altera_lite/16.0/nios2eds/bin/gnu/h-x86_64-mingw32/bin/../lib/gcc/nios2-elf/5.2.0/../../../../../H-x86_64-mingw32/nios2-elf/lib\libc.a(lib_a-mallocr.o) (_sbrk_r)
c:/altera_lite/16.0/nios2eds/bin/gnu/h-x86_64-mingw32/bin/../lib/gcc/nios2-elf/5.2.0/../../../../../H-x86_64-mingw32/nios2-elf/lib\libc.a(lib_a-stdio.o)
                              c:/altera_lite/16.0/nios2eds/bin/gnu/h-x86_64-mingw32/bin/../lib/gcc/nios2-elf/5.2.0/../../../../../H-x86_64-mingw32/nios2-elf/lib\libc.a(lib_a-findfp.o) (__sread)
c:/altera_lite/16.0/nios2eds/bin/gnu/h-x86_64-mingw32/bin/../lib/gcc/nios2-elf/5.2.0/../../../../../H-x86_64-mingw32/nios2-elf/lib\libc.a(lib_a-writer.o)
[...]
Memory Configuration

Name             Origin             Length             Attributes
reset            0x0000000000020000 0x0000000000000020
onchip_memory2_0 0x0000000000020020 0x000000000001ffe0
*default*        0x0000000000000000 0xffffffffffffffff

Linker script and memory map

LOAD C:/Users/Lukas/OneDrive/Documents/EPFL/Autumn_16/Embedded_Systems/GIT/fpga_seg/sw/fpga_rtc_bsp//obj/HAL/src/crt0.o
LOAD obj/default/hello_world.o
LOAD c:/altera_lite/16.0/nios2eds/bin/gnu/h-x86_64-mingw32/bin/../lib/gcc/nios2-elf/5.2.0/../../../../../H-x86_64-mingw32/nios2-elf/lib\libstdc++.a
LOAD c:/altera_lite/16.0/nios2eds/bin/gnu/h-x86_64-mingw32/bin/../lib/gcc/nios2-elf/5.2.0/../../../../../H-x86_64-mingw32/nios2-elf/lib\libm.a
LOAD c:/altera_lite/16.0/nios2eds/bin/gnu/h-x86_64-mingw32/bin/../lib/gcc/nios2-elf/5.2.0\libgcc.a
START GROUP
LOAD c:/altera_lite/16.0/nios2eds/bin/gnu/h-x86_64-mingw32/bin/../lib/gcc/nios2-elf/5.2.0/../../../../../H-x86_64-mingw32/nios2-elf/lib\libc.a
LOAD c:/altera_lite/16.0/nios2eds/bin/gnu/h-x86_64-mingw32/bin/../lib/gcc/nios2-elf/5.2.0\libgcc.a
LOAD C:/Users/Lukas/OneDrive/Documents/EPFL/Autumn_16/Embedded_Systems/GIT/fpga_seg/sw/fpga_rtc_bsp/\libhal_bsp.a
LOAD c:/altera_lite/16.0/nios2eds/bin/gnu/h-x86_64-mingw32/bin/../lib/gcc/nios2-elf/5.2.0/../../../../../H-x86_64-mingw32/nios2-elf/lib\libm.a
END GROUP
LOAD c:/altera_lite/16.0/nios2eds/bin/gnu/h-x86_64-mingw32/bin/../lib/gcc/nios2-elf/5.2.0\libgcc.a
                0x0000000000020000                __alt_mem_onchip_memory2_0 = 0x20000

.entry          0x0000000000020000       0x20
 *(.entry)
 .entry         0x0000000000020000       0x20 C:/Users/Lukas/OneDrive/Documents/EPFL/Autumn_16/Embedded_Systems/GIT/fpga_seg/sw/fpga_rtc_bsp//obj/HAL/src/crt0.o
                0x0000000000020000                __reset

.exceptions     0x0000000000020020        0x0
                0x0000000000020020                PROVIDE (__ram_exceptions_start, ABSOLUTE (.))
                0x0000000000020020                . = ALIGN (0x20)
 *(.irq)
 *(.exceptions.entry.label)
 *(.exceptions.entry.user)
 *(.exceptions.entry.ecc_fatal)
 *(.exceptions.entry)
 *(.exceptions.irqtest.user)
 *(.exceptions.irqtest)
 *(.exceptions.irqhandler.user)
 *(.exceptions.irqhandler)
 *(.exceptions.irqreturn.user)
 *(.exceptions.irqreturn)
 *(.exceptions.notirq.label)
 *(.exceptions.notirq.user)
 *(.exceptions.notirq)
 *(.exceptions.soft.user)
 *(.exceptions.soft)
 *(.exceptions.unknown.user)
 *(.exceptions.unknown)
 *(.exceptions.exit.label)
 *(.exceptions.exit.user)
 *(.exceptions.exit)
 *(.exceptions)
                0x0000000000020020                PROVIDE (__ram_exceptions_end, ABSOLUTE (.))
                0x0000000000020020                PROVIDE (__flash_exceptions_start, LOADADDR (.exceptions))

.text           0x0000000000020020     0x3d48
                [!provide]                        PROVIDE (stext, ABSOLUTE (.))
 *(.interp)
 *(.hash)
 *(.dynsym)
 *(.dynstr)
 *(.gnu.version)
 *(.gnu.version_d)
 *(.gnu.version_r)
 *(.rel.init)
 *(.rela.init)
 *(.rel.text .rel.text.* .rel.gnu.linkonce.t.*)
 *(.rela.text .rela.text.* .rela.gnu.linkonce.t.*)
 *(.rel.fini)
 *(.rela.fini)
 *(.rel.rodata .rel.rodata.* .rel.gnu.linkonce.r.*)
 *(.rela.rodata .rela.rodata.* .rela.gnu.linkonce.r.*)
 *(.rel.data .rel.data.* .rel.gnu.linkonce.d.*)
 *(.rela.data .rela.data.* .rela.gnu.linkonce.d.*)
 *(.rel.tdata .rel.tdata.* .rel.gnu.linkonce.td.*)
 *(.rela.tdata .rela.tdata.* .rela.gnu.linkonce.td.*)
 *(.rel.tbss .rel.tbss.* .rel.gnu.linkonce.tb.*)
 *(.rela.tbss .rela.tbss.* .rela.gnu.linkonce.tb.*)
 *(.rel.ctors)
 *(.rela.ctors)
 *(.rel.dtors)
 *(.rela.dtors)
 *(.rel.got)
 *(.rela.got)
 *(.rel.sdata .rel.sdata.* .rel.gnu.linkonce.s.*)
 *(.rela.sdata .rela.sdata.* .rela.gnu.linkonce.s.*)
 *(.rel.sbss .rel.sbss.* .rel.gnu.linkonce.sb.*)
 *(.rela.sbss .rela.sbss.* .rela.gnu.linkonce.sb.*)
 *(.rel.sdata2 .rel.sdata2.* .rel.gnu.linkonce.s2.*)
 *(.rela.sdata2 .rela.sdata2.* .rela.gnu.linkonce.s2.*)
 *(.rel.sbss2 .rel.sbss2.* .rel.gnu.linkonce.sb2.*)
 *(.rela.sbss2 .rela.sbss2.* .rela.gnu.linkonce.sb2.*)
 *(.rel.bss .rel.bss.* .rel.gnu.linkonce.b.*)
 *(.rela.bss .rela.bss.* .rela.gnu.linkonce.b.*)
 *(.rel.plt)
 *(.rela.plt)
 *(.rel.dyn)
 *(.init)
 *(.plt)
 *(.text .stub .text.* .gnu.linkonce.t.*)
 .text          0x0000000000020020       0x4c C:/Users/Lukas/OneDrive/Documents/EPFL/Autumn_16/Embedded_Systems/GIT/fpga_seg/sw/fpga_rtc_bsp//obj/HAL/src/crt0.o
                0x0000000000020020                _start
 .text          0x000000000002006c       0x34 obj/default/hello_world.o
                0x000000000002006c                main
 .text          0x00000000000200a0        0x0 c:/altera_lite/16.0/nios2eds/bin/gnu/h-x86_64-mingw32/bin/../lib/gcc/nios2-elf/5.2.0/../../../../../H-x86_64-mingw32/nios2-elf/lib\libc.a(lib_a-puts.o)
 .text._puts_r  0x00000000000200a0       0xc0 c:/altera_lite/16.0/nios2eds/bin/gnu/h-x86_64-mingw32/bin/../lib/gcc/nios2-elf/5.2.0/../../../../../H-x86_64-mingw32/nios2-elf/lib\libc.a(lib_a-puts.o)
                0x00000000000200a0                _puts_r
 .text.puts     0x0000000000020160       0x14 c:/altera_lite/16.0/nios2eds/bin/gnu/h-x86_64-mingw32/bin/../lib/gcc/nios2-elf/5.2.0/../../../../../H-x86_64-mingw32/nios2-elf/lib\libc.a(lib_a-puts.o)
                0x0000000000020160                puts
 .text          0x0000000000020174        0x0 c:/altera_lite/16.0/nios2eds/bin/gnu/h-x86_64-mingw32/bin/../lib/gcc/nios2-elf/5.2.0/../../../../../H-x86_64-mingw32/nios2-elf/lib\libc.a(lib_a-strlen.o)
 .text.strlen   0x0000000000020174       0x98 c:/altera_lite/16.0/nios2eds/bin/gnu/h-x86_64-mingw32/bin/../lib/gcc/nios2-elf/5.2.0/../../../../../H-x86_64-mingw32/nios2-elf/lib\libc.a(lib_a-strlen.o)
                0x0000000000020174                strlen
 .text          0x000000000002020c        0x0 c:/altera_lite/16.0/nios2eds/bin/gnu/h-x86_64-mingw32/bin/../lib/gcc/nios2-elf/5.2.0/../../../../../H-x86_64-mingw32/nios2-elf/lib\libc.a(lib_a-findfp.o)
 .text.__fp_unlock
                0x000000000002020c        0x8 c:/altera_lite/16.0/nios2eds/bin/gnu/h-x86_64-mingw32/bin/../lib/gcc/nios2-elf/5.2.0/../../../../../H-x86_64-mingw32/nios2-elf/lib\libc.a(lib_a-findfp.o)
 .text._cleanup_r
                0x0000000000020214        0xc c:/altera_lite/16.0/nios2eds/bin/gnu/h-x86_64-mingw32/bin/../lib/gcc/nios2-elf/5.2.0/../../../../../H-x86_64-mingw32/nios2-elf/lib\libc.a(lib_a-findfp.o)
                0x0000000000020214                _cleanup_r
 .text.__sinit.part.1
                0x0000000000020220      0x19c c:/altera_lite/16.0/nios2eds/bin/gnu/h-x86_64-mingw32/bin/../lib/gcc/nios2-elf/5.2.0/../../../../../H-x86_64-mingw32/nios2-elf/lib\libc.a(lib_a-findfp.o)
 .text.__fp_lock
                0x00000000000203bc        0x8 c:/altera_lite/16.0/nios2eds/bin/gnu/h-x86_64-mingw32/bin/../lib/gcc/nios2-elf/5.2.0/../../../../../H-x86_64-mingw32/nios2-elf/lib\libc.a(lib_a-findfp.o)
 .text.__sfmoreglue
                0x00000000000203c4       0x68 c:/altera_lite/16.0/nios2eds/bin/gnu/h-x86_64-mingw32/bin/../lib/gcc/nios2-elf/5.2.0/../../../../../H-x86_64-mingw32/nios2-elf/lib\libc.a(lib_a-findfp.o)
                0x00000000000203c4                __sfmoreglue
 .text.__sfp    0x000000000002042c      0x118 c:/altera_lite/16.0/nios2eds/bin/gnu/h-x86_64-mingw32/bin/../lib/gcc/nios2-elf/5.2.0/../../../../../H-x86_64-mingw32/nios2-elf/lib\libc.a(lib_a-findfp.o)
                0x000000000002042c                __sfp
 .text._cleanup
                0x0000000000020544       0x18 c:/altera_lite/16.0/nios2eds/bin/gnu/h-x86_64-mingw32/bin/../lib/gcc/nios2-elf/5.2.0/../../../../../H-x86_64-mingw32/nios2-elf/lib\libc.a(lib_a-findfp.o)
                0x0000000000020544                _cleanup
 .text.__sinit  0x000000000002055c       0x10 c:/altera_lite/16.0/nios2eds/bin/gnu/h-x86_64-mingw32/bin/../lib/gcc/nios2-elf/5.2.0/../../../../../H-x86_64-mingw32/nios2-elf/lib\libc.a(lib_a-findfp.o)
                0x000000000002055c                __sinit
 .text.__sfp_lock_acquire
                0x000000000002056c        0x4 c:/altera_lite/16.0/nios2eds/bin/gnu/h-x86_64-mingw32/bin/../lib/gcc/nios2-elf/5.2.0/../../../../../H-x86_64-mingw32/nios2-elf/lib\libc.a(lib_a-findfp.o)
                0x000000000002056c                __sfp_lock_acquire
 .text.__sfp_lock_release
                0x0000000000020570        0x4 c:/altera_lite/16.0/nios2eds/bin/gnu/h-x86_64-mingw32/bin/../lib/gcc/nios2-elf/5.2.0/../../../../../H-x86_64-mingw32/nios2-elf/lib\libc.a(lib_a-findfp.o)
                0x0000000000020570                __sfp_lock_release
 .text.__sinit_lock_acquire
                0x0000000000020574        0x4 c:/altera_lite/16.0/nios2eds/bin/gnu/h-x86_64-mingw32/bin/../lib/gcc/nios2-elf/5.2.0/../../../../../H-x86_64-mingw32/nios2-elf/lib\libc.a(lib_a-findfp.o)
                0x0000000000020574                __sinit_lock_acquire
 .text.__sinit_lock_release
                0x0000000000020578        0x4 c:/altera_lite/16.0/nios2eds/bin/gnu/h-x86_64-mingw32/bin/../lib/gcc/nios2-elf/5.2.0/../../../../../H-x86_64-mingw32/nios2-elf/lib\libc.a(lib_a-findfp.o)
                0x0000000000020578                __sinit_lock_release
 .text.__fp_lock_all
                0x000000000002057c       0x18 c:/altera_lite/16.0/nios2eds/bin/gnu/h-x86_64-mingw32/bin/../lib/gcc/nios2-elf/5.2.0/../../../../../H-x86_64-mingw32/nios2-elf/lib\libc.a(lib_a-findfp.o)
                0x000000000002057c                __fp_lock_all
 .text.__fp_unlock_all
                0x0000000000020594       0x18 c:/altera_lite/16.0/nios2eds/bin/gnu/h-x86_64-mingw32/bin/../lib/gcc/nios2-elf/5.2.0/../../../../../H-x86_64-mingw32/nios2-elf/lib\libc.a(lib_a-findfp.o)
                0x0000000000020594                __fp_unlock_all
 .text          0x00000000000205ac        0x0 c:/altera_lite/16.0/nios2eds/bin/gnu/h-x86_64-mingw32/bin/../lib/gcc/nios2-elf/5.2.0/../../../../../H-x86_64-mingw32/nios2-elf/lib\libc.a(lib_a-fvwrite.o)
 .text.__sfvwrite_r
                0x00000000000205ac      0x4bc c:/altera_lite/16.0/nios2eds/bin/gnu/h-x86_64-mingw32/bin/../lib/gcc/nios2-elf/5.2.0/../../../../../H-x86_64-mingw32/nios2-elf/lib\libc.a(lib_a-fvwrite.o)
                0x00000000000205ac                __sfvwrite_r
 .text          0x0000000000020a68        0x0 c:/altera_lite/16.0/nios2eds/bin/gnu/h-x86_64-mingw32/bin/../lib/gcc/nios2-elf/5.2.0/../../../../../H-x86_64-mingw32/nios2-elf/lib\libc.a(lib_a-fwalk.o)
 .text._fwalk   0x0000000000020a68       0xc4 c:/altera_lite/16.0/nios2eds/bin/gnu/h-x86_64-mingw32/bin/../lib/gcc/nios2-elf/5.2.0/../../../../../H-x86_64-mingw32/nios2-elf/lib\libc.a(lib_a-fwalk.o)
                0x0000000000020a68                _fwalk
 .text._fwalk_reent
                0x0000000000020b2c       0xc4 c:/altera_lite/16.0/nios2eds/bin/gnu/h-x86_64-mingw32/bin/../lib/gcc/nios2-elf/5.2.0/../../../../../H-x86_64-mingw32/nios2-elf/lib\libc.a(lib_a-fwalk.o)
                0x0000000000020b2c                _fwalk_reent
 .text          0x0000000000020bf0        0x0 c:/altera_lite/16.0/nios2eds/bin/gnu/h-x86_64-mingw32/bin/../lib/gcc/nios2-elf/5.2.0/../../../../../H-x86_64-mingw32/nios2-elf/lib\libc.a(lib_a-impure.o)
 .text          0x0000000000020bf0        0x0 c:/altera_lite/16.0/nios2eds/bin/gnu/h-x86_64-mingw32/bin/../lib/gcc/nios2-elf/5.2.0/../../../../../H-x86_64-mingw32/nios2-elf/lib\libc.a(lib_a-mallocr.o)
 .text._malloc_r
                0x0000000000020bf0      0x80c c:/altera_lite/16.0/nios2eds/bin/gnu/h-x86_64-mingw32/bin/../lib/gcc/nios2-elf/5.2.0/../../../../../H-x86_64-mingw32/nios2-elf/lib\libc.a(lib_a-mallocr.o)
                0x0000000000020bf0                _malloc_r
 .text          0x00000000000213fc        0x0 c:/altera_lite/16.0/nios2eds/bin/gnu/h-x86_64-mingw32/bin/../lib/gcc/nios2-elf/5.2.0/../../../../../H-x86_64-mingw32/nios2-elf/lib\libc.a(lib_a-memchr.o)
 .text.memchr   0x00000000000213fc       0xe4 c:/altera_lite/16.0/nios2eds/bin/gnu/h-x86_64-mingw32/bin/../lib/gcc/nios2-elf/5.2.0/../../../../../H-x86_64-mingw32/nios2-elf/lib\libc.a(lib_a-memchr.o)
                0x00000000000213fc                memchr
 .text          0x00000000000214e0        0x0 c:/altera_lite/16.0/nios2eds/bin/gnu/h-x86_64-mingw32/bin/../lib/gcc/nios2-elf/5.2.0/../../../../../H-x86_64-mingw32/nios2-elf/lib\libc.a(lib_a-memcpy.o)
 .text.memcpy   0x00000000000214e0      0x148 c:/altera_lite/16.0/nios2eds/bin/gnu/h-x86_64-mingw32/bin/../lib/gcc/nios2-elf/5.2.0/../../../../../H-x86_64-mingw32/nios2-elf/lib\libc.a(lib_a-memcpy.o)
                0x00000000000214e0                memcpy
 .text          0x0000000000021628        0x0 c:/altera_lite/16.0/nios2eds/bin/gnu/h-x86_64-mingw32/bin/../lib/gcc/nios2-elf/5.2.0/../../../../../H-x86_64-mingw32/nios2-elf/lib\libc.a(lib_a-memmove.o)
 .text.memmove  0x0000000000021628      0x15c c:/altera_lite/16.0/nios2eds/bin/gnu/h-x86_64-mingw32/bin/../lib/gcc/nios2-elf/5.2.0/../../../../../H-x86_64-mingw32/nios2-elf/lib\libc.a(lib_a-memmove.o)
                0x0000000000021628                memmove
 .text          0x0000000000021784        0x0 c:/altera_lite/16.0/nios2eds/bin/gnu/h-x86_64-mingw32/bin/../lib/gcc/nios2-elf/5.2.0/../../../../../H-x86_64-mingw32/nios2-elf/lib\libc.a(lib_a-memset.o)
 .text.memset   0x0000000000021784      0x128 c:/altera_lite/16.0/nios2eds/bin/gnu/h-x86_64-mingw32/bin/../lib/gcc/nios2-elf/5.2.0/../../../../../H-x86_64-mingw32/nios2-elf/lib\libc.a(lib_a-memset.o)
                0x0000000000021784                memset
 .text          0x00000000000218ac        0x0 c:/altera_lite/16.0/nios2eds/bin/gnu/h-x86_64-mingw32/bin/../lib/gcc/nios2-elf/5.2.0/../../../../../H-x86_64-mingw32/nios2-elf/lib\libc.a(lib_a-reallocr.o)
 .text._realloc_r
                0x00000000000218ac      0x564 c:/altera_lite/16.0/nios2eds/bin/gnu/h-x86_64-mingw32/bin/../lib/gcc/nios2-elf/5.2.0/../../../../../H-x86_64-mingw32/nios2-elf/lib\libc.a(lib_a-reallocr.o)
                0x00000000000218ac                _realloc_r
 .text          0x0000000000021e10        0x0 c:/altera_lite/16.0/nios2eds/bin/gnu/h-x86_64-mingw32/bin/../lib/gcc/nios2-elf/5.2.0/../../../../../H-x86_64-mingw32/nios2-elf/lib\libc.a(lib_a-sbrkr.o)
 .text._sbrk_r  0x0000000000021e10       0x54 c:/altera_lite/16.0/nios2eds/bin/gnu/h-x86_64-mingw32/bin/../lib/gcc/nios2-elf/5.2.0/../../../../../H-x86_64-mingw32/nios2-elf/lib\libc.a(lib_a-sbrkr.o)
                0x0000000000021e10                _sbrk_r
 .text          0x0000000000021e64        0x0 c:/altera_lite/16.0/nios2eds/bin/gnu/h-x86_64-mingw32/bin/../lib/gcc/nios2-elf/5.2.0/../../../../../H-x86_64-mingw32/nios2-elf/lib\libc.a(lib_a-stdio.o)
 .text.__sread  0x0000000000021e64       0x54 c:/altera_lite/16.0/nios2eds/bin/gnu/h-x86_64-mingw32/bin/../lib/gcc/nios2-elf/5.2.0/../../../../../H-x86_64-mingw32/nios2-elf/lib\libc.a(lib_a-stdio.o)
                0x0000000000021e64                __sread
 .text.__seofread
                0x0000000000021eb8        0x8 c:/altera_lite/16.0/nios2eds/bin/gnu/h-x86_64-mingw32/bin/../lib/gcc/nios2-elf/5.2.0/../../../../../H-x86_64-mingw32/nios2-elf/lib\libc.a(lib_a-stdio.o)
                0x0000000000021eb8                __seofread
 .text.__swrite
                0x0000000000021ec0       0x7c c:/altera_lite/16.0/nios2eds/bin/gnu/h-x86_64-mingw32/bin/../lib/gcc/nios2-elf/5.2.0/../../../../../H-x86_64-mingw32/nios2-elf/lib\libc.a(lib_a-stdio.o)
                0x0000000000021ec0                __swrite
 .text.__sseek  0x0000000000021f3c       0x5c c:/altera_lite/16.0/nios2eds/bin/gnu/h-x86_64-mingw32/bin/../lib/gcc/nios2-elf/5.2.0/../../../../../H-x86_64-mingw32/nios2-elf/lib\libc.a(lib_a-stdio.o)
                0x0000000000021f3c                __sseek
 .text.__sclose
                0x0000000000021f98        0x8 c:/altera_lite/16.0/nios2eds/bin/gnu/h-x86_64-mingw32/bin/../lib/gcc/nios2-elf/5.2.0/../../../../../H-x86_64-mingw32/nios2-elf/lib\libc.a(lib_a-stdio.o)
                0x0000000000021f98                __sclose
 .text          0x0000000000021fa0        0x0 c:/altera_lite/16.0/nios2eds/bin/gnu/h-x86_64-mingw32/bin/../lib/gcc/nios2-elf/5.2.0/../../../../../H-x86_64-mingw32/nios2-elf/lib\libc.a(lib_a-writer.o)
 .text._write_r
                0x0000000000021fa0       0x60 c:/altera_lite/16.0/nios2eds/bin/gnu/h-x86_64-mingw32/bin/../lib/gcc/nios2-elf/5.2.0/../../../../../H-x86_64-mingw32/nios2-elf/lib\libc.a(lib_a-writer.o)
                0x0000000000021fa0                _write_r
 .text          0x0000000000022000        0x0 c:/altera_lite/16.0/nios2eds/bin/gnu/h-x86_64-mingw32/bin/../lib/gcc/nios2-elf/5.2.0/../../../../../H-x86_64-mingw32/nios2-elf/lib\libc.a(lib_a-wsetup.o)
 .text.__swsetup_r
                0x0000000000022000      0x154 c:/altera_lite/16.0/nios2eds/bin/gnu/h-x86_64-mingw32/bin/../lib/gcc/nios2-elf/5.2.0/../../../../../H-x86_64-mingw32/nios2-elf/lib\libc.a(lib_a-wsetup.o)
                0x0000000000022000                __swsetup_r
 .text          0x0000000000022154        0x0 c:/altera_lite/16.0/nios2eds/bin/gnu/h-x86_64-mingw32/bin/../lib/gcc/nios2-elf/5.2.0/../../../../../H-x86_64-mingw32/nios2-elf/lib\libc.a(closer.o)
 .text._close_r
                0x0000000000022154       0x54 c:/altera_lite/16.0/nios2eds/bin/gnu/h-x86_64-mingw32/bin/../lib/gcc/nios2-elf/5.2.0/../../../../../H-x86_64-mingw32/nios2-elf/lib\libc.a(closer.o)
                0x0000000000022154                _close_r
 .text          0x00000000000221a8        0x0 c:/altera_lite/16.0/nios2eds/bin/gnu/h-x86_64-mingw32/bin/../lib/gcc/nios2-elf/5.2.0/../../../../../H-x86_64-mingw32/nios2-elf/lib\libc.a(lib_a-fclose.o)
 .text._fclose_r
                0x00000000000221a8       0xf0 c:/altera_lite/16.0/nios2eds/bin/gnu/h-x86_64-mingw32/bin/../lib/gcc/nios2-elf/5.2.0/../../../../../H-x86_64-mingw32/nios2-elf/lib\libc.a(lib_a-fclose.o)
                0x00000000000221a8                _fclose_r
 .text.fclose   0x0000000000022298       0x14 c:/altera_lite/16.0/nios2eds/bin/gnu/h-x86_64-mingw32/bin/../lib/gcc/nios2-elf/5.2.0/../../../../../H-x86_64-mingw32/nios2-elf/lib\libc.a(lib_a-fclose.o)
                0x0000000000022298                fclose
 .text          0x00000000000222ac        0x0 c:/altera_lite/16.0/nios2eds/bin/gnu/h-x86_64-mingw32/bin/../lib/gcc/nios2-elf/5.2.0/../../../../../H-x86_64-mingw32/nios2-elf/lib\libc.a(lib_a-fflush.o)
 .text.__sflush_r
                0x00000000000222ac      0x21c c:/altera_lite/16.0/nios2eds/bin/gnu/h-x86_64-mingw32/bin/../lib/gcc/nios2-elf/5.2.0/../../../../../H-x86_64-mingw32/nios2-elf/lib\libc.a(lib_a-fflush.o)
                0x00000000000222ac                __sflush_r
 .text._fflush_r
                0x00000000000224c8       0x5c c:/altera_lite/16.0/nios2eds/bin/gnu/h-x86_64-mingw32/bin/../lib/gcc/nios2-elf/5.2.0/../../../../../H-x86_64-mingw32/nios2-elf/lib\libc.a(lib_a-fflush.o)
                0x00000000000224c8                _fflush_r
 .text.fflush   0x0000000000022524       0x30 c:/altera_lite/16.0/nios2eds/bin/gnu/h-x86_64-mingw32/bin/../lib/gcc/nios2-elf/5.2.0/../../../../../H-x86_64-mingw32/nios2-elf/lib\libc.a(lib_a-fflush.o)
                0x0000000000022524                fflush
 .text          0x0000000000022554        0x0 c:/altera_lite/16.0/nios2eds/bin/gnu/h-x86_64-mingw32/bin/../lib/gcc/nios2-elf/5.2.0/../../../../../H-x86_64-mingw32/nios2-elf/lib\libc.a(lib_a-freer.o)
 .text._malloc_trim_r
                0x0000000000022554      0x124 c:/altera_lite/16.0/nios2eds/bin/gnu/h-x86_64-mingw32/bin/../lib/gcc/nios2-elf/5.2.0/../../../../../H-x86_64-mingw32/nios2-elf/lib\libc.a(lib_a-freer.o)
                0x0000000000022554                _malloc_trim_r
 .text._free_r  0x0000000000022678      0x310 c:/altera_lite/16.0/nios2eds/bin/gnu/h-x86_64-mingw32/bin/../lib/gcc/nios2-elf/5.2.0/../../../../../H-x86_64-mingw32/nios2-elf/lib\libc.a(lib_a-freer.o)
                0x0000000000022678                _free_r
 .text          0x0000000000022988        0x0 c:/altera_lite/16.0/nios2eds/bin/gnu/h-x86_64-mingw32/bin/../lib/gcc/nios2-elf/5.2.0/../../../../../H-x86_64-mingw32/nios2-elf/lib\libc.a(lib_a-int_errno.o)
 .text          0x0000000000022988        0x0 c:/altera_lite/16.0/nios2eds/bin/gnu/h-x86_64-mingw32/bin/../lib/gcc/nios2-elf/5.2.0/../../../../../H-x86_64-mingw32/nios2-elf/lib\libc.a(lib_a-lseekr.o)
 .text._lseek_r
                0x0000000000022988       0x60 c:/altera_lite/16.0/nios2eds/bin/gnu/h-x86_64-mingw32/bin/../lib/gcc/nios2-elf/5.2.0/../../../../../H-x86_64-mingw32/nios2-elf/lib\libc.a(lib_a-lseekr.o)
                0x0000000000022988                _lseek_r
 .text          0x00000000000229e8        0x0 c:/altera_lite/16.0/nios2eds/bin/gnu/h-x86_64-mingw32/bin/../lib/gcc/nios2-elf/5.2.0/../../../../../H-x86_64-mingw32/nios2-elf/lib\libc.a(lib_a-makebuf.o)
 .text.__smakebuf_r
                0x00000000000229e8      0x1bc c:/altera_lite/16.0/nios2eds/bin/gnu/h-x86_64-mingw32/bin/../lib/gcc/nios2-elf/5.2.0/../../../../../H-x86_64-mingw32/nios2-elf/lib\libc.a(lib_a-makebuf.o)
                0x00000000000229e8                __smakebuf_r
 .text          0x0000000000022ba4        0x0 c:/altera_lite/16.0/nios2eds/bin/gnu/h-x86_64-mingw32/bin/../lib/gcc/nios2-elf/5.2.0/../../../../../H-x86_64-mingw32/nios2-elf/lib\libc.a(lib_a-readr.o)
 .text._read_r  0x0000000000022ba4       0x60 c:/altera_lite/16.0/nios2eds/bin/gnu/h-x86_64-mingw32/bin/../lib/gcc/nios2-elf/5.2.0/../../../../../H-x86_64-mingw32/nios2-elf/lib\libc.a(lib_a-readr.o)
                0x0000000000022ba4                _read_r
 .text          0x0000000000022c04        0x0 c:/altera_lite/16.0/nios2eds/bin/gnu/h-x86_64-mingw32/bin/../lib/gcc/nios2-elf/5.2.0/../../../../../H-x86_64-mingw32/nios2-elf/lib\libc.a(lib_a-fstatr.o)
 .text._fstat_r
                0x0000000000022c04       0x5c c:/altera_lite/16.0/nios2eds/bin/gnu/h-x86_64-mingw32/bin/../lib/gcc/nios2-elf/5.2.0/../../../../../H-x86_64-mingw32/nios2-elf/lib\libc.a(lib_a-fstatr.o)
                0x0000000000022c04                _fstat_r
 .text          0x0000000000022c60        0x0 c:/altera_lite/16.0/nios2eds/bin/gnu/h-x86_64-mingw32/bin/../lib/gcc/nios2-elf/5.2.0/../../../../../H-x86_64-mingw32/nios2-elf/lib\libc.a(lib_a-isattyr.o)
 .text._isatty_r
                0x0000000000022c60       0x54 c:/altera_lite/16.0/nios2eds/bin/gnu/h-x86_64-mingw32/bin/../lib/gcc/nios2-elf/5.2.0/../../../../../H-x86_64-mingw32/nios2-elf/lib\libc.a(lib_a-isattyr.o)
                0x0000000000022c60                _isatty_r
 .text          0x0000000000022cb4      0x1b4 c:/altera_lite/16.0/nios2eds/bin/gnu/h-x86_64-mingw32/bin/../lib/gcc/nios2-elf/5.2.0\libgcc.a(lib2-divmod.o)
                0x0000000000022cb4                __divsi3
                0x0000000000022d38                __modsi3
                0x0000000000022dac                __udivsi3
                0x0000000000022e10                __umodsi3
 .text          0x0000000000022e68      0x120 C:/Users/Lukas/OneDrive/Documents/EPFL/Autumn_16/Embedded_Systems/GIT/fpga_seg/sw/fpga_rtc_bsp/\libhal_bsp.a(alt_close.o)
                0x0000000000022eb8                close
 .text          0x0000000000022f88       0x2c C:/Users/Lukas/OneDrive/Documents/EPFL/Autumn_16/Embedded_Systems/GIT/fpga_seg/sw/fpga_rtc_bsp/\libhal_bsp.a(alt_dev.o)
 .text          0x0000000000022fb4        0x0 C:/Users/Lukas/OneDrive/Documents/EPFL/Autumn_16/Embedded_Systems/GIT/fpga_seg/sw/fpga_rtc_bsp/\libhal_bsp.a(alt_errno.o)
 .text          0x0000000000022fb4      0x100 C:/Users/Lukas/OneDrive/Documents/EPFL/Autumn_16/Embedded_Systems/GIT/fpga_seg/sw/fpga_rtc_bsp/\libhal_bsp.a(alt_fstat.o)
                0x0000000000023004                fstat
 .text          0x00000000000230b4       0xf4 C:/Users/Lukas/OneDrive/Documents/EPFL/Autumn_16/Embedded_Systems/GIT/fpga_seg/sw/fpga_rtc_bsp/\libhal_bsp.a(alt_isatty.o)
                0x0000000000023104                isatty
 .text          0x00000000000231a8       0xec C:/Users/Lukas/OneDrive/Documents/EPFL/Autumn_16/Embedded_Systems/GIT/fpga_seg/sw/fpga_rtc_bsp/\libhal_bsp.a(alt_load.o)
                0x0000000000023210                alt_load
 .text          0x0000000000023294      0x124 C:/Users/Lukas/OneDrive/Documents/EPFL/Autumn_16/Embedded_Systems/GIT/fpga_seg/sw/fpga_rtc_bsp/\libhal_bsp.a(alt_lseek.o)
                0x00000000000232e4                lseek
 .text          0x00000000000233b8       0x60 C:/Users/Lukas/OneDrive/Documents/EPFL/Autumn_16/Embedded_Systems/GIT/fpga_seg/sw/fpga_rtc_bsp/\libhal_bsp.a(alt_main.o)
                0x00000000000233b8                alt_main
 .text          0x0000000000023418       0x48 C:/Users/Lukas/OneDrive/Documents/EPFL/Autumn_16/Embedded_Systems/GIT/fpga_seg/sw/fpga_rtc_bsp/\libhal_bsp.a(alt_malloc_lock.o)
                0x0000000000023418                __malloc_lock
                0x000000000002343c                __malloc_unlock
 .text          0x0000000000023460      0x14c C:/Users/Lukas/OneDrive/Documents/EPFL/Autumn_16/Embedded_Systems/GIT/fpga_seg/sw/fpga_rtc_bsp/\libhal_bsp.a(alt_read.o)
                0x00000000000234b0                read
 .text          0x00000000000235ac       0x64 C:/Users/Lukas/OneDrive/Documents/EPFL/Autumn_16/Embedded_Systems/GIT/fpga_seg/sw/fpga_rtc_bsp/\libhal_bsp.a(alt_release_fd.o)
                0x00000000000235ac                alt_release_fd
 .text          0x0000000000023610       0xb0 C:/Users/Lukas/OneDrive/Documents/EPFL/Autumn_16/Embedded_Systems/GIT/fpga_seg/sw/fpga_rtc_bsp/\libhal_bsp.a(alt_sbrk.o)
                0x0000000000023610                sbrk
 .text          0x00000000000236c0      0x148 C:/Users/Lukas/OneDrive/Documents/EPFL/Autumn_16/Embedded_Systems/GIT/fpga_seg/sw/fpga_rtc_bsp/\libhal_bsp.a(alt_write.o)
                0x0000000000023710                write
 .text          0x0000000000023808       0x58 C:/Users/Lukas/OneDrive/Documents/EPFL/Autumn_16/Embedded_Systems/GIT/fpga_seg/sw/fpga_rtc_bsp/\libhal_bsp.a(alt_sys_init.o)
                0x0000000000023808                alt_irq_init
                0x0000000000023840                alt_sys_init
 .text          0x0000000000023860       0x48 C:/Users/Lukas/OneDrive/Documents/EPFL/Autumn_16/Embedded_Systems/GIT/fpga_seg/sw/fpga_rtc_bsp/\libhal_bsp.a(alt_dcache_flush_all.o)
                0x0000000000023860                alt_dcache_flush_all
 .text          0x00000000000238a8       0x60 C:/Users/Lukas/OneDrive/Documents/EPFL/Autumn_16/Embedded_Systems/GIT/fpga_seg/sw/fpga_rtc_bsp/\libhal_bsp.a(alt_do_ctors.o)
                0x00000000000238a8                _do_ctors
 .text          0x0000000000023908       0x60 C:/Users/Lukas/OneDrive/Documents/EPFL/Autumn_16/Embedded_Systems/GIT/fpga_seg/sw/fpga_rtc_bsp/\libhal_bsp.a(alt_do_dtors.o)
                0x0000000000023908                _do_dtors
 .text          0x0000000000023968       0x34 C:/Users/Lukas/OneDrive/Documents/EPFL/Autumn_16/Embedded_Systems/GIT/fpga_seg/sw/fpga_rtc_bsp/\libhal_bsp.a(alt_icache_flush_all.o)
                0x0000000000023968                alt_icache_flush_all
 .text          0x000000000002399c       0x24 C:/Users/Lukas/OneDrive/Documents/EPFL/Autumn_16/Embedded_Systems/GIT/fpga_seg/sw/fpga_rtc_bsp/\libhal_bsp.a(altera_nios2_gen2_irq.o)
                0x000000000002399c                altera_nios2_gen2_irq_init
 .text          0x00000000000239c0       0x90 C:/Users/Lukas/OneDrive/Documents/EPFL/Autumn_16/Embedded_Systems/GIT/fpga_seg/sw/fpga_rtc_bsp/\libhal_bsp.a(alt_icache_flush.o)
                0x00000000000239c0                alt_icache_flush
 .text          0x0000000000023a50        0x0 c:/altera_lite/16.0/nios2eds/bin/gnu/h-x86_64-mingw32/bin/../lib/gcc/nios2-elf/5.2.0/../../../../../H-x86_64-mingw32/nios2-elf/lib\libc.a(lib_a-atexit.o)
 .text.atexit   0x0000000000023a50       0x14 c:/altera_lite/16.0/nios2eds/bin/gnu/h-x86_64-mingw32/bin/../lib/gcc/nios2-elf/5.2.0/../../../../../H-x86_64-mingw32/nios2-elf/lib\libc.a(lib_a-atexit.o)
                0x0000000000023a50                atexit
 .text          0x0000000000023a64        0x0 c:/altera_lite/16.0/nios2eds/bin/gnu/h-x86_64-mingw32/bin/../lib/gcc/nios2-elf/5.2.0/../../../../../H-x86_64-mingw32/nios2-elf/lib\libc.a(lib_a-exit.o)
 .text.exit     0x0000000000023a64       0x38 c:/altera_lite/16.0/nios2eds/bin/gnu/h-x86_64-mingw32/bin/../lib/gcc/nios2-elf/5.2.0/../../../../../H-x86_64-mingw32/nios2-elf/lib\libc.a(lib_a-exit.o)
                0x0000000000023a64                exit
 .text          0x0000000000023a9c        0x0 c:/altera_lite/16.0/nios2eds/bin/gnu/h-x86_64-mingw32/bin/../lib/gcc/nios2-elf/5.2.0/../../../../../H-x86_64-mingw32/nios2-elf/lib\libc.a(lib_a-__atexit.o)
 .text.__register_exitproc
                0x0000000000023a9c      0x118 c:/altera_lite/16.0/nios2eds/bin/gnu/h-x86_64-mingw32/bin/../lib/gcc/nios2-elf/5.2.0/../../../../../H-x86_64-mingw32/nios2-elf/lib\libc.a(lib_a-__atexit.o)
                0x0000000000023a9c                __register_exitproc
 .text          0x0000000000023bb4        0x0 c:/altera_lite/16.0/nios2eds/bin/gnu/h-x86_64-mingw32/bin/../lib/gcc/nios2-elf/5.2.0/../../../../../H-x86_64-mingw32/nios2-elf/lib\libc.a(lib_a-__call_atexit.o)
 .text.__call_exitprocs
                0x0000000000023bb4      0x180 c:/altera_lite/16.0/nios2eds/bin/gnu/h-x86_64-mingw32/bin/../lib/gcc/nios2-elf/5.2.0/../../../../../H-x86_64-mingw32/nios2-elf/lib\libc.a(lib_a-__call_atexit.o)
                0x0000000000023bb4                __call_exitprocs
 .text          0x0000000000023d34       0x34 C:/Users/Lukas/OneDrive/Documents/EPFL/Autumn_16/Embedded_Systems/GIT/fpga_seg/sw/fpga_rtc_bsp/\libhal_bsp.a(alt_exit.o)
                0x0000000000023d34                _exit
 *(.gnu.warning.*)
 *(.fini)
                [!provide]                        PROVIDE (__etext, ABSOLUTE (.))
                [!provide]                        PROVIDE (_etext, ABSOLUTE (.))
                [!provide]                        PROVIDE (etext, ABSOLUTE (.))
 *(.eh_frame_hdr)
                0x0000000000023d68                . = ALIGN (0x4)
                [!provide]                        PROVIDE (__preinit_array_start, ABSOLUTE (.))
 *(.preinit_array)
                [!provide]                        PROVIDE (__preinit_array_end, ABSOLUTE (.))
                [!provide]                        PROVIDE (__init_array_start, ABSOLUTE (.))
 *(.init_array)
                [!provide]                        PROVIDE (__init_array_end, ABSOLUTE (.))
                [!provide]                        PROVIDE (__fini_array_start, ABSOLUTE (.))
 *(.fini_array)
                [!provide]                        PROVIDE (__fini_array_end, ABSOLUTE (.))
 *(.eh_frame)
 *(.gcc_except_table .gcc_except_table.*)
 *(.dynamic)
                0x0000000000023d68                PROVIDE (__CTOR_LIST__, ABSOLUTE (.))
 *(.ctors)
 *(SORT(.ctors.*))
                0x0000000000023d68                PROVIDE (__CTOR_END__, ABSOLUTE (.))
                0x0000000000023d68                PROVIDE (__DTOR_LIST__, ABSOLUTE (.))
 *(.dtors)
 *(SORT(.dtors.*))
                0x0000000000023d68                PROVIDE (__DTOR_END__, ABSOLUTE (.))
 *(.jcr)
                0x0000000000023d68                . = ALIGN (0x4)

.rodata         0x0000000000023d68       0x28
                0x0000000000023d68                PROVIDE (__ram_rodata_start, ABSOLUTE (.))
                0x0000000000023d68                . = ALIGN (0x4)
 *(.rodata .rodata.* .gnu.linkonce.r.*)
 .rodata        0x0000000000023d68       0x14 obj/default/hello_world.o
 .rodata.str1.4
                0x0000000000023d7c        0x2 c:/altera_lite/16.0/nios2eds/bin/gnu/h-x86_64-mingw32/bin/../lib/gcc/nios2-elf/5.2.0/../../../../../H-x86_64-mingw32/nios2-elf/lib\libc.a(lib_a-puts.o)
 *fill*         0x0000000000023d7e        0x2 
 .rodata.str1.4
                0x0000000000023d80        0x4 c:/altera_lite/16.0/nios2eds/bin/gnu/h-x86_64-mingw32/bin/../lib/gcc/nios2-elf/5.2.0/../../../../../H-x86_64-mingw32/nios2-elf/lib\libc.a(lib_a-impure.o)
                                          0x2 (size before relaxing)
 .rodata        0x0000000000023d84        0xa C:/Users/Lukas/OneDrive/Documents/EPFL/Autumn_16/Embedded_Systems/GIT/fpga_seg/sw/fpga_rtc_bsp/\libhal_bsp.a(alt_dev.o)
 *(.rodata1)
                0x0000000000023d90                . = ALIGN (0x4)
 *fill*         0x0000000000023d8e        0x2 
                0x0000000000023d90                PROVIDE (__ram_rodata_end, ABSOLUTE (.))
                0x0000000000023d68                PROVIDE (__flash_rodata_start, LOADADDR (.rodata))

.rwdata         0x0000000000023d90      0xa00 load address 0x0000000000024790
                0x0000000000023d90                PROVIDE (__ram_rwdata_start, ABSOLUTE (.))
                0x0000000000023d90                . = ALIGN (0x4)
 *(.got.plt)
 *(.got)
 *(.data1)
 *(.data .data.* .gnu.linkonce.d.*)
 .data          0x0000000000023d90        0x0 C:/Users/Lukas/OneDrive/Documents/EPFL/Autumn_16/Embedded_Systems/GIT/fpga_seg/sw/fpga_rtc_bsp//obj/HAL/src/crt0.o
 .data          0x0000000000023d90        0x0 obj/default/hello_world.o
 .data          0x0000000000023d90        0x0 c:/altera_lite/16.0/nios2eds/bin/gnu/h-x86_64-mingw32/bin/../lib/gcc/nios2-elf/5.2.0/../../../../../H-x86_64-mingw32/nios2-elf/lib\libc.a(lib_a-puts.o)
 .data          0x0000000000023d90        0x0 c:/altera_lite/16.0/nios2eds/bin/gnu/h-x86_64-mingw32/bin/../lib/gcc/nios2-elf/5.2.0/../../../../../H-x86_64-mingw32/nios2-elf/lib\libc.a(lib_a-strlen.o)
 .data          0x0000000000023d90        0x0 c:/altera_lite/16.0/nios2eds/bin/gnu/h-x86_64-mingw32/bin/../lib/gcc/nios2-elf/5.2.0/../../../../../H-x86_64-mingw32/nios2-elf/lib\libc.a(lib_a-findfp.o)
 .data          0x0000000000023d90        0x0 c:/altera_lite/16.0/nios2eds/bin/gnu/h-x86_64-mingw32/bin/../lib/gcc/nios2-elf/5.2.0/../../../../../H-x86_64-mingw32/nios2-elf/lib\libc.a(lib_a-fvwrite.o)
 .data          0x0000000000023d90        0x0 c:/altera_lite/16.0/nios2eds/bin/gnu/h-x86_64-mingw32/bin/../lib/gcc/nios2-elf/5.2.0/../../../../../H-x86_64-mingw32/nios2-elf/lib\libc.a(lib_a-fwalk.o)
 .data          0x0000000000023d90        0x0 c:/altera_lite/16.0/nios2eds/bin/gnu/h-x86_64-mingw32/bin/../lib/gcc/nios2-elf/5.2.0/../../../../../H-x86_64-mingw32/nios2-elf/lib\libc.a(lib_a-impure.o)
 .data.impure_data
                0x0000000000023d90      0x424 c:/altera_lite/16.0/nios2eds/bin/gnu/h-x86_64-mingw32/bin/../lib/gcc/nios2-elf/5.2.0/../../../../../H-x86_64-mingw32/nios2-elf/lib\libc.a(lib_a-impure.o)
 .data          0x00000000000241b4        0x0 c:/altera_lite/16.0/nios2eds/bin/gnu/h-x86_64-mingw32/bin/../lib/gcc/nios2-elf/5.2.0/../../../../../H-x86_64-mingw32/nios2-elf/lib\libc.a(lib_a-mallocr.o)
 .data.__malloc_av_
                0x00000000000241b4      0x408 c:/altera_lite/16.0/nios2eds/bin/gnu/h-x86_64-mingw32/bin/../lib/gcc/nios2-elf/5.2.0/../../../../../H-x86_64-mingw32/nios2-elf/lib\libc.a(lib_a-mallocr.o)
                0x00000000000241b4                __malloc_av_
 .data          0x00000000000245bc        0x0 c:/altera_lite/16.0/nios2eds/bin/gnu/h-x86_64-mingw32/bin/../lib/gcc/nios2-elf/5.2.0/../../../../../H-x86_64-mingw32/nios2-elf/lib\libc.a(lib_a-memchr.o)
 .data          0x00000000000245bc        0x0 c:/altera_lite/16.0/nios2eds/bin/gnu/h-x86_64-mingw32/bin/../lib/gcc/nios2-elf/5.2.0/../../../../../H-x86_64-mingw32/nios2-elf/lib\libc.a(lib_a-memcpy.o)
 .data          0x00000000000245bc        0x0 c:/altera_lite/16.0/nios2eds/bin/gnu/h-x86_64-mingw32/bin/../lib/gcc/nios2-elf/5.2.0/../../../../../H-x86_64-mingw32/nios2-elf/lib\libc.a(lib_a-memmove.o)
 .data          0x00000000000245bc        0x0 c:/altera_lite/16.0/nios2eds/bin/gnu/h-x86_64-mingw32/bin/../lib/gcc/nios2-elf/5.2.0/../../../../../H-x86_64-mingw32/nios2-elf/lib\libc.a(lib_a-memset.o)
 .data          0x00000000000245bc        0x0 c:/altera_lite/16.0/nios2eds/bin/gnu/h-x86_64-mingw32/bin/../lib/gcc/nios2-elf/5.2.0/../../../../../H-x86_64-mingw32/nios2-elf/lib\libc.a(lib_a-reallocr.o)
 .data          0x00000000000245bc        0x0 c:/altera_lite/16.0/nios2eds/bin/gnu/h-x86_64-mingw32/bin/../lib/gcc/nios2-elf/5.2.0/../../../../../H-x86_64-mingw32/nios2-elf/lib\libc.a(lib_a-sbrkr.o)
 .data          0x00000000000245bc        0x0 c:/altera_lite/16.0/nios2eds/bin/gnu/h-x86_64-mingw32/bin/../lib/gcc/nios2-elf/5.2.0/../../../../../H-x86_64-mingw32/nios2-elf/lib\libc.a(lib_a-stdio.o)
 .data          0x00000000000245bc        0x0 c:/altera_lite/16.0/nios2eds/bin/gnu/h-x86_64-mingw32/bin/../lib/gcc/nios2-elf/5.2.0/../../../../../H-x86_64-mingw32/nios2-elf/lib\libc.a(lib_a-writer.o)
 .data          0x00000000000245bc        0x0 c:/altera_lite/16.0/nios2eds/bin/gnu/h-x86_64-mingw32/bin/../lib/gcc/nios2-elf/5.2.0/../../../../../H-x86_64-mingw32/nios2-elf/lib\libc.a(lib_a-wsetup.o)
 .data          0x00000000000245bc        0x0 c:/altera_lite/16.0/nios2eds/bin/gnu/h-x86_64-mingw32/bin/../lib/gcc/nios2-elf/5.2.0/../../../../../H-x86_64-mingw32/nios2-elf/lib\libc.a(closer.o)
 .data          0x00000000000245bc        0x0 c:/altera_lite/16.0/nios2eds/bin/gnu/h-x86_64-mingw32/bin/../lib/gcc/nios2-elf/5.2.0/../../../../../H-x86_64-mingw32/nios2-elf/lib\libc.a(lib_a-fclose.o)
 .data          0x00000000000245bc        0x0 c:/altera_lite/16.0/nios2eds/bin/gnu/h-x86_64-mingw32/bin/../lib/gcc/nios2-elf/5.2.0/../../../../../H-x86_64-mingw32/nios2-elf/lib\libc.a(lib_a-fflush.o)
 .data          0x00000000000245bc        0x0 c:/altera_lite/16.0/nios2eds/bin/gnu/h-x86_64-mingw32/bin/../lib/gcc/nios2-elf/5.2.0/../../../../../H-x86_64-mingw32/nios2-elf/lib\libc.a(lib_a-freer.o)
 .data          0x00000000000245bc        0x0 c:/altera_lite/16.0/nios2eds/bin/gnu/h-x86_64-mingw32/bin/../lib/gcc/nios2-elf/5.2.0/../../../../../H-x86_64-mingw32/nios2-elf/lib\libc.a(lib_a-int_errno.o)
 .data          0x00000000000245bc        0x0 c:/altera_lite/16.0/nios2eds/bin/gnu/h-x86_64-mingw32/bin/../lib/gcc/nios2-elf/5.2.0/../../../../../H-x86_64-mingw32/nios2-elf/lib\libc.a(lib_a-lseekr.o)
 .data          0x00000000000245bc        0x0 c:/altera_lite/16.0/nios2eds/bin/gnu/h-x86_64-mingw32/bin/../lib/gcc/nios2-elf/5.2.0/../../../../../H-x86_64-mingw32/nios2-elf/lib\libc.a(lib_a-makebuf.o)
 .data          0x00000000000245bc        0x0 c:/altera_lite/16.0/nios2eds/bin/gnu/h-x86_64-mingw32/bin/../lib/gcc/nios2-elf/5.2.0/../../../../../H-x86_64-mingw32/nios2-elf/lib\libc.a(lib_a-readr.o)
 .data          0x00000000000245bc        0x0 c:/altera_lite/16.0/nios2eds/bin/gnu/h-x86_64-mingw32/bin/../lib/gcc/nios2-elf/5.2.0/../../../../../H-x86_64-mingw32/nios2-elf/lib\libc.a(lib_a-fstatr.o)
 .data          0x00000000000245bc        0x0 c:/altera_lite/16.0/nios2eds/bin/gnu/h-x86_64-mingw32/bin/../lib/gcc/nios2-elf/5.2.0/../../../../../H-x86_64-mingw32/nios2-elf/lib\libc.a(lib_a-isattyr.o)
 .data          0x00000000000245bc        0x0 c:/altera_lite/16.0/nios2eds/bin/gnu/h-x86_64-mingw32/bin/../lib/gcc/nios2-elf/5.2.0\libgcc.a(lib2-divmod.o)
 .data          0x00000000000245bc        0x0 C:/Users/Lukas/OneDrive/Documents/EPFL/Autumn_16/Embedded_Systems/GIT/fpga_seg/sw/fpga_rtc_bsp/\libhal_bsp.a(alt_close.o)
 .data          0x00000000000245bc      0x1a8 C:/Users/Lukas/OneDrive/Documents/EPFL/Autumn_16/Embedded_Systems/GIT/fpga_seg/sw/fpga_rtc_bsp/\libhal_bsp.a(alt_dev.o)
                0x00000000000245bc                alt_dev_null
                0x00000000000245e4                alt_fd_list
 .data          0x0000000000024764        0x0 C:/Users/Lukas/OneDrive/Documents/EPFL/Autumn_16/Embedded_Systems/GIT/fpga_seg/sw/fpga_rtc_bsp/\libhal_bsp.a(alt_errno.o)
 .data          0x0000000000024764        0x0 C:/Users/Lukas/OneDrive/Documents/EPFL/Autumn_16/Embedded_Systems/GIT/fpga_seg/sw/fpga_rtc_bsp/\libhal_bsp.a(alt_fstat.o)
 .data          0x0000000000024764        0x0 C:/Users/Lukas/OneDrive/Documents/EPFL/Autumn_16/Embedded_Systems/GIT/fpga_seg/sw/fpga_rtc_bsp/\libhal_bsp.a(alt_isatty.o)
 .data          0x0000000000024764        0x0 C:/Users/Lukas/OneDrive/Documents/EPFL/Autumn_16/Embedded_Systems/GIT/fpga_seg/sw/fpga_rtc_bsp/\libhal_bsp.a(alt_load.o)
 .data          0x0000000000024764        0x0 C:/Users/Lukas/OneDrive/Documents/EPFL/Autumn_16/Embedded_Systems/GIT/fpga_seg/sw/fpga_rtc_bsp/\libhal_bsp.a(alt_lseek.o)
 .data          0x0000000000024764        0x0 C:/Users/Lukas/OneDrive/Documents/EPFL/Autumn_16/Embedded_Systems/GIT/fpga_seg/sw/fpga_rtc_bsp/\libhal_bsp.a(alt_main.o)
 .data          0x0000000000024764        0x0 C:/Users/Lukas/OneDrive/Documents/EPFL/Autumn_16/Embedded_Systems/GIT/fpga_seg/sw/fpga_rtc_bsp/\libhal_bsp.a(alt_malloc_lock.o)
 .data          0x0000000000024764        0x0 C:/Users/Lukas/OneDrive/Documents/EPFL/Autumn_16/Embedded_Systems/GIT/fpga_seg/sw/fpga_rtc_bsp/\libhal_bsp.a(alt_read.o)
 .data          0x0000000000024764        0x0 C:/Users/Lukas/OneDrive/Documents/EPFL/Autumn_16/Embedded_Systems/GIT/fpga_seg/sw/fpga_rtc_bsp/\libhal_bsp.a(alt_release_fd.o)
 .data          0x0000000000024764        0x0 C:/Users/Lukas/OneDrive/Documents/EPFL/Autumn_16/Embedded_Systems/GIT/fpga_seg/sw/fpga_rtc_bsp/\libhal_bsp.a(alt_sbrk.o)
 .data          0x0000000000024764        0x0 C:/Users/Lukas/OneDrive/Documents/EPFL/Autumn_16/Embedded_Systems/GIT/fpga_seg/sw/fpga_rtc_bsp/\libhal_bsp.a(alt_write.o)
 .data          0x0000000000024764        0x0 C:/Users/Lukas/OneDrive/Documents/EPFL/Autumn_16/Embedded_Systems/GIT/fpga_seg/sw/fpga_rtc_bsp/\libhal_bsp.a(alt_sys_init.o)
 .data          0x0000000000024764        0x0 C:/Users/Lukas/OneDrive/Documents/EPFL/Autumn_16/Embedded_Systems/GIT/fpga_seg/sw/fpga_rtc_bsp/\libhal_bsp.a(alt_dcache_flush_all.o)
 .data          0x0000000000024764        0x0 C:/Users/Lukas/OneDrive/Documents/EPFL/Autumn_16/Embedded_Systems/GIT/fpga_seg/sw/fpga_rtc_bsp/\libhal_bsp.a(alt_do_ctors.o)
 .data          0x0000000000024764        0x0 C:/Users/Lukas/OneDrive/Documents/EPFL/Autumn_16/Embedded_Systems/GIT/fpga_seg/sw/fpga_rtc_bsp/\libhal_bsp.a(alt_do_dtors.o)
 .data          0x0000000000024764        0x0 C:/Users/Lukas/OneDrive/Documents/EPFL/Autumn_16/Embedded_Systems/GIT/fpga_seg/sw/fpga_rtc_bsp/\libhal_bsp.a(alt_icache_flush_all.o)
 .data          0x0000000000024764        0x0 C:/Users/Lukas/OneDrive/Documents/EPFL/Autumn_16/Embedded_Systems/GIT/fpga_seg/sw/fpga_rtc_bsp/\libhal_bsp.a(altera_nios2_gen2_irq.o)
 .data          0x0000000000024764        0x0 C:/Users/Lukas/OneDrive/Documents/EPFL/Autumn_16/Embedded_Systems/GIT/fpga_seg/sw/fpga_rtc_bsp/\libhal_bsp.a(alt_icache_flush.o)
 .data          0x0000000000024764        0x0 c:/altera_lite/16.0/nios2eds/bin/gnu/h-x86_64-mingw32/bin/../lib/gcc/nios2-elf/5.2.0/../../../../../H-x86_64-mingw32/nios2-elf/lib\libc.a(lib_a-atexit.o)
 .data          0x0000000000024764        0x0 c:/altera_lite/16.0/nios2eds/bin/gnu/h-x86_64-mingw32/bin/../lib/gcc/nios2-elf/5.2.0/../../../../../H-x86_64-mingw32/nios2-elf/lib\libc.a(lib_a-exit.o)
 .data          0x0000000000024764        0x0 c:/altera_lite/16.0/nios2eds/bin/gnu/h-x86_64-mingw32/bin/../lib/gcc/nios2-elf/5.2.0/../../../../../H-x86_64-mingw32/nios2-elf/lib\libc.a(lib_a-__atexit.o)
 .data          0x0000000000024764        0x0 c:/altera_lite/16.0/nios2eds/bin/gnu/h-x86_64-mingw32/bin/../lib/gcc/nios2-elf/5.2.0/../../../../../H-x86_64-mingw32/nios2-elf/lib\libc.a(lib_a-__call_atexit.o)
 .data          0x0000000000024764        0x0 C:/Users/Lukas/OneDrive/Documents/EPFL/Autumn_16/Embedded_Systems/GIT/fpga_seg/sw/fpga_rtc_bsp/\libhal_bsp.a(alt_exit.o)
                0x000000000002c764                _gp = ABSOLUTE ((. + 0x8000))
                [!provide]                        PROVIDE (gp, _gp)
 *(.rwdata .rwdata.*)
 *(.sdata .sdata.* .gnu.linkonce.s.*)
 .sdata._global_impure_ptr
                0x0000000000024764        0x4 c:/altera_lite/16.0/nios2eds/bin/gnu/h-x86_64-mingw32/bin/../lib/gcc/nios2-elf/5.2.0/../../../../../H-x86_64-mingw32/nios2-elf/lib\libc.a(lib_a-impure.o)
                0x0000000000024764                _global_impure_ptr
 .sdata._impure_ptr
                0x0000000000024768        0x4 c:/altera_lite/16.0/nios2eds/bin/gnu/h-x86_64-mingw32/bin/../lib/gcc/nios2-elf/5.2.0/../../../../../H-x86_64-mingw32/nios2-elf/lib\libc.a(lib_a-impure.o)
                0x0000000000024768                _impure_ptr
 .sdata.__malloc_sbrk_base
                0x000000000002476c        0x4 c:/altera_lite/16.0/nios2eds/bin/gnu/h-x86_64-mingw32/bin/../lib/gcc/nios2-elf/5.2.0/../../../../../H-x86_64-mingw32/nios2-elf/lib\libc.a(lib_a-mallocr.o)
                0x000000000002476c                __malloc_sbrk_base
 .sdata.__malloc_trim_threshold
                0x0000000000024770        0x4 c:/altera_lite/16.0/nios2eds/bin/gnu/h-x86_64-mingw32/bin/../lib/gcc/nios2-elf/5.2.0/../../../../../H-x86_64-mingw32/nios2-elf/lib\libc.a(lib_a-mallocr.o)
                0x0000000000024770                __malloc_trim_threshold
 .sdata         0x0000000000024774       0x14 C:/Users/Lukas/OneDrive/Documents/EPFL/Autumn_16/Embedded_Systems/GIT/fpga_seg/sw/fpga_rtc_bsp/\libhal_bsp.a(alt_dev.o)
                0x0000000000024774                alt_fs_list
                0x000000000002477c                alt_dev_list
                0x0000000000024784                alt_max_fd
 .sdata         0x0000000000024788        0x4 C:/Users/Lukas/OneDrive/Documents/EPFL/Autumn_16/Embedded_Systems/GIT/fpga_seg/sw/fpga_rtc_bsp/\libhal_bsp.a(alt_errno.o)
                0x0000000000024788                alt_errno
 .sdata         0x000000000002478c        0x4 C:/Users/Lukas/OneDrive/Documents/EPFL/Autumn_16/Embedded_Systems/GIT/fpga_seg/sw/fpga_rtc_bsp/\libhal_bsp.a(alt_sbrk.o)
 *(.sdata2 .sdata2.* .gnu.linkonce.s2.*)
                0x0000000000024790                . = ALIGN (0x4)
                0x0000000000024790                _edata = ABSOLUTE (.)
                [!provide]                        PROVIDE (edata, ABSOLUTE (.))
                0x0000000000024790                PROVIDE (__ram_rwdata_end, ABSOLUTE (.))
                0x0000000000024790                PROVIDE (__flash_rwdata_start, LOADADDR (.rwdata))

.bss            0x0000000000025190       0x44
                0x0000000000025190                __bss_start = ABSOLUTE (.)
                [!provide]                        PROVIDE (__sbss_start, ABSOLUTE (.))
                [!provide]                        PROVIDE (___sbss_start, ABSOLUTE (.))
 *(.dynsbss)
 *(.sbss .sbss.* .gnu.linkonce.sb.*)
 .sbss.__malloc_max_total_mem
                0x0000000000025190        0x4 c:/altera_lite/16.0/nios2eds/bin/gnu/h-x86_64-mingw32/bin/../lib/gcc/nios2-elf/5.2.0/../../../../../H-x86_64-mingw32/nios2-elf/lib\libc.a(lib_a-mallocr.o)
                0x0000000000025190                __malloc_max_total_mem
 .sbss.__malloc_max_sbrked_mem
                0x0000000000025194        0x4 c:/altera_lite/16.0/nios2eds/bin/gnu/h-x86_64-mingw32/bin/../lib/gcc/nios2-elf/5.2.0/../../../../../H-x86_64-mingw32/nios2-elf/lib\libc.a(lib_a-mallocr.o)
                0x0000000000025194                __malloc_max_sbrked_mem
 .sbss.__malloc_top_pad
                0x0000000000025198        0x4 c:/altera_lite/16.0/nios2eds/bin/gnu/h-x86_64-mingw32/bin/../lib/gcc/nios2-elf/5.2.0/../../../../../H-x86_64-mingw32/nios2-elf/lib\libc.a(lib_a-mallocr.o)
                0x0000000000025198                __malloc_top_pad
 .sbss          0x000000000002519c        0x4 c:/altera_lite/16.0/nios2eds/bin/gnu/h-x86_64-mingw32/bin/../lib/gcc/nios2-elf/5.2.0/../../../../../H-x86_64-mingw32/nios2-elf/lib\libc.a(lib_a-int_errno.o)
                0x000000000002519c                errno
 .sbss          0x00000000000251a0        0xc C:/Users/Lukas/OneDrive/Documents/EPFL/Autumn_16/Embedded_Systems/GIT/fpga_seg/sw/fpga_rtc_bsp/\libhal_bsp.a(alt_main.o)
                0x00000000000251a0                alt_argc
                0x00000000000251a4                alt_argv
                0x00000000000251a8                alt_envp
 *(.sbss2 .sbss2.* .gnu.linkonce.sb2.*)
 *(.scommon)
                [!provide]                        PROVIDE (__sbss_end, ABSOLUTE (.))
                [!provide]                        PROVIDE (___sbss_end, ABSOLUTE (.))
 *(.dynbss)
 *(.bss .bss.* .gnu.linkonce.b.*)
 .bss           0x00000000000251ac        0x0 C:/Users/Lukas/OneDrive/Documents/EPFL/Autumn_16/Embedded_Systems/GIT/fpga_seg/sw/fpga_rtc_bsp//obj/HAL/src/crt0.o
 .bss           0x00000000000251ac        0x0 obj/default/hello_world.o
 .bss           0x00000000000251ac        0x0 c:/altera_lite/16.0/nios2eds/bin/gnu/h-x86_64-mingw32/bin/../lib/gcc/nios2-elf/5.2.0/../../../../../H-x86_64-mingw32/nios2-elf/lib\libc.a(lib_a-puts.o)
 .bss           0x00000000000251ac        0x0 c:/altera_lite/16.0/nios2eds/bin/gnu/h-x86_64-mingw32/bin/../lib/gcc/nios2-elf/5.2.0/../../../../../H-x86_64-mingw32/nios2-elf/lib\libc.a(lib_a-strlen.o)
 .bss           0x00000000000251ac        0x0 c:/altera_lite/16.0/nios2eds/bin/gnu/h-x86_64-mingw32/bin/../lib/gcc/nios2-elf/5.2.0/../../../../../H-x86_64-mingw32/nios2-elf/lib\libc.a(lib_a-findfp.o)
 .bss           0x00000000000251ac        0x0 c:/altera_lite/16.0/nios2eds/bin/gnu/h-x86_64-mingw32/bin/../lib/gcc/nios2-elf/5.2.0/../../../../../H-x86_64-mingw32/nios2-elf/lib\libc.a(lib_a-fvwrite.o)
 .bss           0x00000000000251ac        0x0 c:/altera_lite/16.0/nios2eds/bin/gnu/h-x86_64-mingw32/bin/../lib/gcc/nios2-elf/5.2.0/../../../../../H-x86_64-mingw32/nios2-elf/lib\libc.a(lib_a-fwalk.o)
 .bss           0x00000000000251ac        0x0 c:/altera_lite/16.0/nios2eds/bin/gnu/h-x86_64-mingw32/bin/../lib/gcc/nios2-elf/5.2.0/../../../../../H-x86_64-mingw32/nios2-elf/lib\libc.a(lib_a-impure.o)
 .bss           0x00000000000251ac        0x0 c:/altera_lite/16.0/nios2eds/bin/gnu/h-x86_64-mingw32/bin/../lib/gcc/nios2-elf/5.2.0/../../../../../H-x86_64-mingw32/nios2-elf/lib\libc.a(lib_a-mallocr.o)
 .bss.__malloc_current_mallinfo
                0x00000000000251ac       0x28 c:/altera_lite/16.0/nios2eds/bin/gnu/h-x86_64-mingw32/bin/../lib/gcc/nios2-elf/5.2.0/../../../../../H-x86_64-mingw32/nios2-elf/lib\libc.a(lib_a-mallocr.o)
                0x00000000000251ac                __malloc_current_mallinfo
 .bss           0x00000000000251d4        0x0 c:/altera_lite/16.0/nios2eds/bin/gnu/h-x86_64-mingw32/bin/../lib/gcc/nios2-elf/5.2.0/../../../../../H-x86_64-mingw32/nios2-elf/lib\libc.a(lib_a-memchr.o)
 .bss           0x00000000000251d4        0x0 c:/altera_lite/16.0/nios2eds/bin/gnu/h-x86_64-mingw32/bin/../lib/gcc/nios2-elf/5.2.0/../../../../../H-x86_64-mingw32/nios2-elf/lib\libc.a(lib_a-memcpy.o)
 .bss           0x00000000000251d4        0x0 c:/altera_lite/16.0/nios2eds/bin/gnu/h-x86_64-mingw32/bin/../lib/gcc/nios2-elf/5.2.0/../../../../../H-x86_64-mingw32/nios2-elf/lib\libc.a(lib_a-memmove.o)
 .bss           0x00000000000251d4        0x0 c:/altera_lite/16.0/nios2eds/bin/gnu/h-x86_64-mingw32/bin/../lib/gcc/nios2-elf/5.2.0/../../../../../H-x86_64-mingw32/nios2-elf/lib\libc.a(lib_a-memset.o)
 .bss           0x00000000000251d4        0x0 c:/altera_lite/16.0/nios2eds/bin/gnu/h-x86_64-mingw32/bin/../lib/gcc/nios2-elf/5.2.0/../../../../../H-x86_64-mingw32/nios2-elf/lib\libc.a(lib_a-reallocr.o)
 .bss           0x00000000000251d4        0x0 c:/altera_lite/16.0/nios2eds/bin/gnu/h-x86_64-mingw32/bin/../lib/gcc/nios2-elf/5.2.0/../../../../../H-x86_64-mingw32/nios2-elf/lib\libc.a(lib_a-sbrkr.o)
 .bss           0x00000000000251d4        0x0 c:/altera_lite/16.0/nios2eds/bin/gnu/h-x86_64-mingw32/bin/../lib/gcc/nios2-elf/5.2.0/../../../../../H-x86_64-mingw32/nios2-elf/lib\libc.a(lib_a-stdio.o)
 .bss           0x00000000000251d4        0x0 c:/altera_lite/16.0/nios2eds/bin/gnu/h-x86_64-mingw32/bin/../lib/gcc/nios2-elf/5.2.0/../../../../../H-x86_64-mingw32/nios2-elf/lib\libc.a(lib_a-writer.o)
 .bss           0x00000000000251d4        0x0 c:/altera_lite/16.0/nios2eds/bin/gnu/h-x86_64-mingw32/bin/../lib/gcc/nios2-elf/5.2.0/../../../../../H-x86_64-mingw32/nios2-elf/lib\libc.a(lib_a-wsetup.o)
 .bss           0x00000000000251d4        0x0 c:/altera_lite/16.0/nios2eds/bin/gnu/h-x86_64-mingw32/bin/../lib/gcc/nios2-elf/5.2.0/../../../../../H-x86_64-mingw32/nios2-elf/lib\libc.a(closer.o)
 .bss           0x00000000000251d4        0x0 c:/altera_lite/16.0/nios2eds/bin/gnu/h-x86_64-mingw32/bin/../lib/gcc/nios2-elf/5.2.0/../../../../../H-x86_64-mingw32/nios2-elf/lib\libc.a(lib_a-fclose.o)
 .bss           0x00000000000251d4        0x0 c:/altera_lite/16.0/nios2eds/bin/gnu/h-x86_64-mingw32/bin/../lib/gcc/nios2-elf/5.2.0/../../../../../H-x86_64-mingw32/nios2-elf/lib\libc.a(lib_a-fflush.o)
 .bss           0x00000000000251d4        0x0 c:/altera_lite/16.0/nios2eds/bin/gnu/h-x86_64-mingw32/bin/../lib/gcc/nios2-elf/5.2.0/../../../../../H-x86_64-mingw32/nios2-elf/lib\libc.a(lib_a-freer.o)
 .bss           0x00000000000251d4        0x0 c:/altera_lite/16.0/nios2eds/bin/gnu/h-x86_64-mingw32/bin/../lib/gcc/nios2-elf/5.2.0/../../../../../H-x86_64-mingw32/nios2-elf/lib\libc.a(lib_a-int_errno.o)
 .bss           0x00000000000251d4        0x0 c:/altera_lite/16.0/nios2eds/bin/gnu/h-x86_64-mingw32/bin/../lib/gcc/nios2-elf/5.2.0/../../../../../H-x86_64-mingw32/nios2-elf/lib\libc.a(lib_a-lseekr.o)
 .bss           0x00000000000251d4        0x0 c:/altera_lite/16.0/nios2eds/bin/gnu/h-x86_64-mingw32/bin/../lib/gcc/nios2-elf/5.2.0/../../../../../H-x86_64-mingw32/nios2-elf/lib\libc.a(lib_a-makebuf.o)
 .bss           0x00000000000251d4        0x0 c:/altera_lite/16.0/nios2eds/bin/gnu/h-x86_64-mingw32/bin/../lib/gcc/nios2-elf/5.2.0/../../../../../H-x86_64-mingw32/nios2-elf/lib\libc.a(lib_a-readr.o)
 .bss           0x00000000000251d4        0x0 c:/altera_lite/16.0/nios2eds/bin/gnu/h-x86_64-mingw32/bin/../lib/gcc/nios2-elf/5.2.0/../../../../../H-x86_64-mingw32/nios2-elf/lib\libc.a(lib_a-fstatr.o)
 .bss           0x00000000000251d4        0x0 c:/altera_lite/16.0/nios2eds/bin/gnu/h-x86_64-mingw32/bin/../lib/gcc/nios2-elf/5.2.0/../../../../../H-x86_64-mingw32/nios2-elf/lib\libc.a(lib_a-isattyr.o)
 .bss           0x00000000000251d4        0x0 c:/altera_lite/16.0/nios2eds/bin/gnu/h-x86_64-mingw32/bin/../lib/gcc/nios2-elf/5.2.0\libgcc.a(lib2-divmod.o)
 .bss           0x00000000000251d4        0x0 C:/Users/Lukas/OneDrive/Documents/EPFL/Autumn_16/Embedded_Systems/GIT/fpga_seg/sw/fpga_rtc_bsp/\libhal_bsp.a(alt_close.o)
 .bss           0x00000000000251d4        0x0 C:/Users/Lukas/OneDrive/Documents/EPFL/Autumn_16/Embedded_Systems/GIT/fpga_seg/sw/fpga_rtc_bsp/\libhal_bsp.a(alt_dev.o)
 .bss           0x00000000000251d4        0x0 C:/Users/Lukas/OneDrive/Documents/EPFL/Autumn_16/Embedded_Systems/GIT/fpga_seg/sw/fpga_rtc_bsp/\libhal_bsp.a(alt_errno.o)
 .bss           0x00000000000251d4        0x0 C:/Users/Lukas/OneDrive/Documents/EPFL/Autumn_16/Embedded_Systems/GIT/fpga_seg/sw/fpga_rtc_bsp/\libhal_bsp.a(alt_fstat.o)
 .bss           0x00000000000251d4        0x0 C:/Users/Lukas/OneDrive/Documents/EPFL/Autumn_16/Embedded_Systems/GIT/fpga_seg/sw/fpga_rtc_bsp/\libhal_bsp.a(alt_isatty.o)
 .bss           0x00000000000251d4        0x0 C:/Users/Lukas/OneDrive/Documents/EPFL/Autumn_16/Embedded_Systems/GIT/fpga_seg/sw/fpga_rtc_bsp/\libhal_bsp.a(alt_load.o)
 .bss           0x00000000000251d4        0x0 C:/Users/Lukas/OneDrive/Documents/EPFL/Autumn_16/Embedded_Systems/GIT/fpga_seg/sw/fpga_rtc_bsp/\libhal_bsp.a(alt_lseek.o)
 .bss           0x00000000000251d4        0x0 C:/Users/Lukas/OneDrive/Documents/EPFL/Autumn_16/Embedded_Systems/GIT/fpga_seg/sw/fpga_rtc_bsp/\libhal_bsp.a(alt_main.o)
 .bss           0x00000000000251d4        0x0 C:/Users/Lukas/OneDrive/Documents/EPFL/Autumn_16/Embedded_Systems/GIT/fpga_seg/sw/fpga_rtc_bsp/\libhal_bsp.a(alt_malloc_lock.o)
 .bss           0x00000000000251d4        0x0 C:/Users/Lukas/OneDrive/Documents/EPFL/Autumn_16/Embedded_Systems/GIT/fpga_seg/sw/fpga_rtc_bsp/\libhal_bsp.a(alt_read.o)
 .bss           0x00000000000251d4        0x0 C:/Users/Lukas/OneDrive/Documents/EPFL/Autumn_16/Embedded_Systems/GIT/fpga_seg/sw/fpga_rtc_bsp/\libhal_bsp.a(alt_release_fd.o)
 .bss           0x00000000000251d4        0x0 C:/Users/Lukas/OneDrive/Documents/EPFL/Autumn_16/Embedded_Systems/GIT/fpga_seg/sw/fpga_rtc_bsp/\libhal_bsp.a(alt_sbrk.o)
 .bss           0x00000000000251d4        0x0 C:/Users/Lukas/OneDrive/Documents/EPFL/Autumn_16/Embedded_Systems/GIT/fpga_seg/sw/fpga_rtc_bsp/\libhal_bsp.a(alt_write.o)
 .bss           0x00000000000251d4        0x0 C:/Users/Lukas/OneDrive/Documents/EPFL/Autumn_16/Embedded_Systems/GIT/fpga_seg/sw/fpga_rtc_bsp/\libhal_bsp.a(alt_sys_init.o)
 .bss           0x00000000000251d4        0x0 C:/Users/Lukas/OneDrive/Documents/EPFL/Autumn_16/Embedded_Systems/GIT/fpga_seg/sw/fpga_rtc_bsp/\libhal_bsp.a(alt_dcache_flush_all.o)
 .bss           0x00000000000251d4        0x0 C:/Users/Lukas/OneDrive/Documents/EPFL/Autumn_16/Embedded_Systems/GIT/fpga_seg/sw/fpga_rtc_bsp/\libhal_bsp.a(alt_do_ctors.o)
 .bss           0x00000000000251d4        0x0 C:/Users/Lukas/OneDrive/Documents/EPFL/Autumn_16/Embedded_Systems/GIT/fpga_seg/sw/fpga_rtc_bsp/\libhal_bsp.a(alt_do_dtors.o)
 .bss           0x00000000000251d4        0x0 C:/Users/Lukas/OneDrive/Documents/EPFL/Autumn_16/Embedded_Systems/GIT/fpga_seg/sw/fpga_rtc_bsp/\libhal_bsp.a(alt_icache_flush_all.o)
 .bss           0x00000000000251d4        0x0 C:/Users/Lukas/OneDrive/Documents/EPFL/Autumn_16/Embedded_Systems/GIT/fpga_seg/sw/fpga_rtc_bsp/\libhal_bsp.a(altera_nios2_gen2_irq.o)
 .bss           0x00000000000251d4        0x0 C:/Users/Lukas/OneDrive/Documents/EPFL/Autumn_16/Embedded_Systems/GIT/fpga_seg/sw/fpga_rtc_bsp/\libhal_bsp.a(alt_icache_flush.o)
 .bss           0x00000000000251d4        0x0 c:/altera_lite/16.0/nios2eds/bin/gnu/h-x86_64-mingw32/bin/../lib/gcc/nios2-elf/5.2.0/../../../../../H-x86_64-mingw32/nios2-elf/lib\libc.a(lib_a-atexit.o)
 .bss           0x00000000000251d4        0x0 c:/altera_lite/16.0/nios2eds/bin/gnu/h-x86_64-mingw32/bin/../lib/gcc/nios2-elf/5.2.0/../../../../../H-x86_64-mingw32/nios2-elf/lib\libc.a(lib_a-exit.o)
 .bss           0x00000000000251d4        0x0 c:/altera_lite/16.0/nios2eds/bin/gnu/h-x86_64-mingw32/bin/../lib/gcc/nios2-elf/5.2.0/../../../../../H-x86_64-mingw32/nios2-elf/lib\libc.a(lib_a-__atexit.o)
 .bss           0x00000000000251d4        0x0 c:/altera_lite/16.0/nios2eds/bin/gnu/h-x86_64-mingw32/bin/../lib/gcc/nios2-elf/5.2.0/../../../../../H-x86_64-mingw32/nios2-elf/lib\libc.a(lib_a-__call_atexit.o)
 .bss           0x00000000000251d4        0x0 C:/Users/Lukas/OneDrive/Documents/EPFL/Autumn_16/Embedded_Systems/GIT/fpga_seg/sw/fpga_rtc_bsp/\libhal_bsp.a(alt_exit.o)
 *(COMMON)
                0x00000000000251d4                . = ALIGN (0x4)
                0x00000000000251d4                __bss_end = ABSOLUTE (.)

.onchip_memory2_0
                0x00000000000251d4        0x0
                [!provide]                        PROVIDE (_alt_partition_onchip_memory2_0_start, ABSOLUTE (.))
 *(.onchip_memory2_0 .onchip_memory2_0. onchip_memory2_0.*)
                0x00000000000251d4                . = ALIGN (0x4)
                [!provide]                        PROVIDE (_alt_partition_onchip_memory2_0_end, ABSOLUTE (.))
                0x00000000000251d4                _end = ABSOLUTE (.)
                0x00000000000251d4                end = ABSOLUTE (.)
                0x00000000000251d4                __alt_stack_base = ABSOLUTE (.)
                [!provide]                        PROVIDE (_alt_partition_onchip_memory2_0_load_addr, LOADADDR (.onchip_memory2_0))

.stab
 *(.stab)

.stabstr
 *(.stabstr)

.stab.excl
 *(.stab.excl)

.stab.exclstr
 *(.stab.exclstr)

.stab.index
 *(.stab.index)

.stab.indexstr
 *(.stab.indexstr)

.comment        0x0000000000000000       0x23
 *(.comment)
 .comment       0x0000000000000000       0x23 obj/default/hello_world.o
                                         0x24 (size before relaxing)
 .comment       0x0000000000000023       0x24 c:/altera_lite/16.0/nios2eds/bin/gnu/h-x86_64-mingw32/bin/../lib/gcc/nios2-elf/5.2.0/../../../../../H-x86_64-mingw32/nios2-elf/lib\libc.a(lib_a-puts.o)
 .comment       0x0000000000000023       0x24 c:/altera_lite/16.0/nios2eds/bin/gnu/h-x86_64-mingw32/bin/../lib/gcc/nios2-elf/5.2.0/../../../../../H-x86_64-mingw32/nios2-elf/lib\libc.a(lib_a-strlen.o)
 .comment       0x0000000000000023       0x24 c:/altera_lite/16.0/nios2eds/bin/gnu/h-x86_64-mingw32/bin/../lib/gcc/nios2-elf/5.2.0/../../../../../H-x86_64-mingw32/nios2-elf/lib\libc.a(lib_a-findfp.o)
 .comment       0x0000000000000023       0x24 c:/altera_lite/16.0/nios2eds/bin/gnu/h-x86_64-mingw32/bin/../lib/gcc/nios2-elf/5.2.0/../../../../../H-x86_64-mingw32/nios2-elf/lib\libc.a(lib_a-fvwrite.o)
 .comment       0x0000000000000023       0x24 c:/altera_lite/16.0/nios2eds/bin/gnu/h-x86_64-mingw32/bin/../lib/gcc/nios2-elf/5.2.0/../../../../../H-x86_64-mingw32/nios2-elf/lib\libc.a(lib_a-fwalk.o)
 .comment       0x0000000000000023       0x24 c:/altera_lite/16.0/nios2eds/bin/gnu/h-x86_64-mingw32/bin/../lib/gcc/nios2-elf/5.2.0/../../../../../H-x86_64-mingw32/nios2-elf/lib\libc.a(lib_a-impure.o)
 .comment       0x0000000000000023       0x24 c:/altera_lite/16.0/nios2eds/bin/gnu/h-x86_64-mingw32/bin/../lib/gcc/nios2-elf/5.2.0/../../../../../H-x86_64-mingw32/nios2-elf/lib\libc.a(lib_a-mallocr.o)
 .comment       0x0000000000000023       0x24 c:/altera_lite/16.0/nios2eds/bin/gnu/h-x86_64-mingw32/bin/../lib/gcc/nios2-elf/5.2.0/../../../../../H-x86_64-mingw32/nios2-elf/lib\libc.a(lib_a-memchr.o)
 .comment       0x0000000000000023       0x24 c:/altera_lite/16.0/nios2eds/bin/gnu/h-x86_64-mingw32/bin/../lib/gcc/nios2-elf/5.2.0/../../../../../H-x86_64-mingw32/nios2-elf/lib\libc.a(lib_a-memcpy.o)
 .comment       0x0000000000000023       0x24 c:/altera_lite/16.0/nios2eds/bin/gnu/h-x86_64-mingw32/bin/../lib/gcc/nios2-elf/5.2.0/../../../../../H-x86_64-mingw32/nios2-elf/lib\libc.a(lib_a-memmove.o)
 .comment       0x0000000000000023       0x24 c:/altera_lite/16.0/nios2eds/bin/gnu/h-x86_64-mingw32/bin/../lib/gcc/nios2-elf/5.2.0/../../../../../H-x86_64-mingw32/nios2-elf/lib\libc.a(lib_a-memset.o)
 .comment       0x0000000000000023       0x24 c:/altera_lite/16.0/nios2eds/bin/gnu/h-x86_64-mingw32/bin/../lib/gcc/nios2-elf/5.2.0/../../../../../H-x86_64-mingw32/nios2-elf/lib\libc.a(lib_a-reallocr.o)
 .comment       0x0000000000000023       0x24 c:/altera_lite/16.0/nios2eds/bin/gnu/h-x86_64-mingw32/bin/../lib/gcc/nios2-elf/5.2.0/../../../../../H-x86_64-mingw32/nios2-elf/lib\libc.a(lib_a-sbrkr.o)
 .comment       0x0000000000000023       0x24 c:/altera_lite/16.0/nios2eds/bin/gnu/h-x86_64-mingw32/bin/../lib/gcc/nios2-elf/5.2.0/../../../../../H-x86_64-mingw32/nios2-elf/lib\libc.a(lib_a-stdio.o)
 .comment       0x0000000000000023       0x24 c:/altera_lite/16.0/nios2eds/bin/gnu/h-x86_64-mingw32/bin/../lib/gcc/nios2-elf/5.2.0/../../../../../H-x86_64-mingw32/nios2-elf/lib\libc.a(lib_a-writer.o)
 .comment       0x0000000000000023       0x24 c:/altera_lite/16.0/nios2eds/bin/gnu/h-x86_64-mingw32/bin/../lib/gcc/nios2-elf/5.2.0/../../../../../H-x86_64-mingw32/nios2-elf/lib\libc.a(lib_a-wsetup.o)
 .comment       0x0000000000000023       0x24 c:/altera_lite/16.0/nios2eds/bin/gnu/h-x86_64-mingw32/bin/../lib/gcc/nios2-elf/5.2.0/../../../../../H-x86_64-mingw32/nios2-elf/lib\libc.a(closer.o)
 .comment       0x0000000000000023       0x24 c:/altera_lite/16.0/nios2eds/bin/gnu/h-x86_64-mingw32/bin/../lib/gcc/nios2-elf/5.2.0/../../../../../H-x86_64-mingw32/nios2-elf/lib\libc.a(lib_a-fclose.o)
 .comment       0x0000000000000023       0x24 c:/altera_lite/16.0/nios2eds/bin/gnu/h-x86_64-mingw32/bin/../lib/gcc/nios2-elf/5.2.0/../../../../../H-x86_64-mingw32/nios2-elf/lib\libc.a(lib_a-fflush.o)
 .comment       0x0000000000000023       0x24 c:/altera_lite/16.0/nios2eds/bin/gnu/h-x86_64-mingw32/bin/../lib/gcc/nios2-elf/5.2.0/../../../../../H-x86_64-mingw32/nios2-elf/lib\libc.a(lib_a-freer.o)
 .comment       0x0000000000000023       0x24 c:/altera_lite/16.0/nios2eds/bin/gnu/h-x86_64-mingw32/bin/../lib/gcc/nios2-elf/5.2.0/../../../../../H-x86_64-mingw32/nios2-elf/lib\libc.a(lib_a-int_errno.o)
 .comment       0x0000000000000023       0x24 c:/altera_lite/16.0/nios2eds/bin/gnu/h-x86_64-mingw32/bin/../lib/gcc/nios2-elf/5.2.0/../../../../../H-x86_64-mingw32/nios2-elf/lib\libc.a(lib_a-lseekr.o)
 .comment       0x0000000000000023       0x24 c:/altera_lite/16.0/nios2eds/bin/gnu/h-x86_64-mingw32/bin/../lib/gcc/nios2-elf/5.2.0/../../../../../H-x86_64-mingw32/nios2-elf/lib\libc.a(lib_a-makebuf.o)
 .comment       0x0000000000000023       0x24 c:/altera_lite/16.0/nios2eds/bin/gnu/h-x86_64-mingw32/bin/../lib/gcc/nios2-elf/5.2.0/../../../../../H-x86_64-mingw32/nios2-elf/lib\libc.a(lib_a-readr.o)
 .comment       0x0000000000000023       0x24 c:/altera_lite/16.0/nios2eds/bin/gnu/h-x86_64-mingw32/bin/../lib/gcc/nios2-elf/5.2.0/../../../../../H-x86_64-mingw32/nios2-elf/lib\libc.a(lib_a-fstatr.o)
 .comment       0x0000000000000023       0x24 c:/altera_lite/16.0/nios2eds/bin/gnu/h-x86_64-mingw32/bin/../lib/gcc/nios2-elf/5.2.0/../../../../../H-x86_64-mingw32/nios2-elf/lib\libc.a(lib_a-isattyr.o)
 .comment       0x0000000000000023       0x24 c:/altera_lite/16.0/nios2eds/bin/gnu/h-x86_64-mingw32/bin/../lib/gcc/nios2-elf/5.2.0\libgcc.a(lib2-divmod.o)
 .comment       0x0000000000000023       0x24 C:/Users/Lukas/OneDrive/Documents/EPFL/Autumn_16/Embedded_Systems/GIT/fpga_seg/sw/fpga_rtc_bsp/\libhal_bsp.a(alt_close.o)
 .comment       0x0000000000000023       0x24 C:/Users/Lukas/OneDrive/Documents/EPFL/Autumn_16/Embedded_Systems/GIT/fpga_seg/sw/fpga_rtc_bsp/\libhal_bsp.a(alt_dev.o)
 .comment       0x0000000000000023       0x24 C:/Users/Lukas/OneDrive/Documents/EPFL/Autumn_16/Embedded_Systems/GIT/fpga_seg/sw/fpga_rtc_bsp/\libhal_bsp.a(alt_errno.o)
 .comment       0x0000000000000023       0x24 C:/Users/Lukas/OneDrive/Documents/EPFL/Autumn_16/Embedded_Systems/GIT/fpga_seg/sw/fpga_rtc_bsp/\libhal_bsp.a(alt_fstat.o)
 .comment       0x0000000000000023       0x24 C:/Users/Lukas/OneDrive/Documents/EPFL/Autumn_16/Embedded_Systems/GIT/fpga_seg/sw/fpga_rtc_bsp/\libhal_bsp.a(alt_isatty.o)
 .comment       0x0000000000000023       0x24 C:/Users/Lukas/OneDrive/Documents/EPFL/Autumn_16/Embedded_Systems/GIT/fpga_seg/sw/fpga_rtc_bsp/\libhal_bsp.a(alt_load.o)
 .comment       0x0000000000000023       0x24 C:/Users/Lukas/OneDrive/Documents/EPFL/Autumn_16/Embedded_Systems/GIT/fpga_seg/sw/fpga_rtc_bsp/\libhal_bsp.a(alt_lseek.o)
 .comment       0x0000000000000023       0x24 C:/Users/Lukas/OneDrive/Documents/EPFL/Autumn_16/Embedded_Systems/GIT/fpga_seg/sw/fpga_rtc_bsp/\libhal_bsp.a(alt_main.o)
 .comment       0x0000000000000023       0x24 C:/Users/Lukas/OneDrive/Documents/EPFL/Autumn_16/Embedded_Systems/GIT/fpga_seg/sw/fpga_rtc_bsp/\libhal_bsp.a(alt_malloc_lock.o)
 .comment       0x0000000000000023       0x24 C:/Users/Lukas/OneDrive/Documents/EPFL/Autumn_16/Embedded_Systems/GIT/fpga_seg/sw/fpga_rtc_bsp/\libhal_bsp.a(alt_read.o)
 .comment       0x0000000000000023       0x24 C:/Users/Lukas/OneDrive/Documents/EPFL/Autumn_16/Embedded_Systems/GIT/fpga_seg/sw/fpga_rtc_bsp/\libhal_bsp.a(alt_release_fd.o)
 .comment       0x0000000000000023       0x24 C:/Users/Lukas/OneDrive/Documents/EPFL/Autumn_16/Embedded_Systems/GIT/fpga_seg/sw/fpga_rtc_bsp/\libhal_bsp.a(alt_sbrk.o)
 .comment       0x0000000000000023       0x24 C:/Users/Lukas/OneDrive/Documents/EPFL/Autumn_16/Embedded_Systems/GIT/fpga_seg/sw/fpga_rtc_bsp/\libhal_bsp.a(alt_write.o)
 .comment       0x0000000000000023       0x24 C:/Users/Lukas/OneDrive/Documents/EPFL/Autumn_16/Embedded_Systems/GIT/fpga_seg/sw/fpga_rtc_bsp/\libhal_bsp.a(alt_sys_init.o)
 .comment       0x0000000000000023       0x24 C:/Users/Lukas/OneDrive/Documents/EPFL/Autumn_16/Embedded_Systems/GIT/fpga_seg/sw/fpga_rtc_bsp/\libhal_bsp.a(alt_dcache_flush_all.o)
 .comment       0x0000000000000023       0x24 C:/Users/Lukas/OneDrive/Documents/EPFL/Autumn_16/Embedded_Systems/GIT/fpga_seg/sw/fpga_rtc_bsp/\libhal_bsp.a(alt_do_ctors.o)
 .comment       0x0000000000000023       0x24 C:/Users/Lukas/OneDrive/Documents/EPFL/Autumn_16/Embedded_Systems/GIT/fpga_seg/sw/fpga_rtc_bsp/\libhal_bsp.a(alt_do_dtors.o)
 .comment       0x0000000000000023       0x24 C:/Users/Lukas/OneDrive/Documents/EPFL/Autumn_16/Embedded_Systems/GIT/fpga_seg/sw/fpga_rtc_bsp/\libhal_bsp.a(alt_icache_flush_all.o)
 .comment       0x0000000000000023       0x24 C:/Users/Lukas/OneDrive/Documents/EPFL/Autumn_16/Embedded_Systems/GIT/fpga_seg/sw/fpga_rtc_bsp/\libhal_bsp.a(altera_nios2_gen2_irq.o)
 .comment       0x0000000000000023       0x24 C:/Users/Lukas/OneDrive/Documents/EPFL/Autumn_16/Embedded_Systems/GIT/fpga_seg/sw/fpga_rtc_bsp/\libhal_bsp.a(alt_icache_flush.o)
 .comment       0x0000000000000023       0x24 c:/altera_lite/16.0/nios2eds/bin/gnu/h-x86_64-mingw32/bin/../lib/gcc/nios2-elf/5.2.0/../../../../../H-x86_64-mingw32/nios2-elf/lib\libc.a(lib_a-atexit.o)
 .comment       0x0000000000000023       0x24 c:/altera_lite/16.0/nios2eds/bin/gnu/h-x86_64-mingw32/bin/../lib/gcc/nios2-elf/5.2.0/../../../../../H-x86_64-mingw32/nios2-elf/lib\libc.a(lib_a-exit.o)
 .comment       0x0000000000000023       0x24 c:/altera_lite/16.0/nios2eds/bin/gnu/h-x86_64-mingw32/bin/../lib/gcc/nios2-elf/5.2.0/../../../../../H-x86_64-mingw32/nios2-elf/lib\libc.a(lib_a-__atexit.o)
 .comment       0x0000000000000023       0x24 c:/altera_lite/16.0/nios2eds/bin/gnu/h-x86_64-mingw32/bin/../lib/gcc/nios2-elf/5.2.0/../../../../../H-x86_64-mingw32/nios2-elf/lib\libc.a(lib_a-__call_atexit.o)
 .comment       0x0000000000000023       0x24 C:/Users/Lukas/OneDrive/Documents/EPFL/Autumn_16/Embedded_Systems/GIT/fpga_seg/sw/fpga_rtc_bsp/\libhal_bsp.a(alt_exit.o)

.debug
 *(.debug)

.line
 *(.line)

.debug_srcinfo
 *(.debug_srcinfo)

.debug_sfnames
 *(.debug_sfnames)

.debug_aranges  0x0000000000000000      0x748
 *(.debug_aranges)
 .debug_aranges
                0x0000000000000000       0x28 C:/Users/Lukas/OneDrive/Documents/EPFL/Autumn_16/Embedded_Systems/GIT/fpga_seg/sw/fpga_rtc_bsp//obj/HAL/src/crt0.o
 .debug_aranges
                0x0000000000000028       0x20 obj/default/hello_world.o
 .debug_aranges
                0x0000000000000048       0x28 c:/altera_lite/16.0/nios2eds/bin/gnu/h-x86_64-mingw32/bin/../lib/gcc/nios2-elf/5.2.0/../../../../../H-x86_64-mingw32/nios2-elf/lib\libc.a(lib_a-puts.o)
 .debug_aranges
                0x0000000000000070       0x20 c:/altera_lite/16.0/nios2eds/bin/gnu/h-x86_64-mingw32/bin/../lib/gcc/nios2-elf/5.2.0/../../../../../H-x86_64-mingw32/nios2-elf/lib\libc.a(lib_a-strlen.o)
 .debug_aranges
                0x0000000000000090       0x68 c:/altera_lite/16.0/nios2eds/bin/gnu/h-x86_64-mingw32/bin/../lib/gcc/nios2-elf/5.2.0/../../../../../H-x86_64-mingw32/nios2-elf/lib\libc.a(lib_a-findfp.o)
 .debug_aranges
                0x00000000000000f8       0x20 c:/altera_lite/16.0/nios2eds/bin/gnu/h-x86_64-mingw32/bin/../lib/gcc/nios2-elf/5.2.0/../../../../../H-x86_64-mingw32/nios2-elf/lib\libc.a(lib_a-fvwrite.o)
 .debug_aranges
                0x0000000000000118       0x28 c:/altera_lite/16.0/nios2eds/bin/gnu/h-x86_64-mingw32/bin/../lib/gcc/nios2-elf/5.2.0/../../../../../H-x86_64-mingw32/nios2-elf/lib\libc.a(lib_a-fwalk.o)
 .debug_aranges
                0x0000000000000140       0x18 c:/altera_lite/16.0/nios2eds/bin/gnu/h-x86_64-mingw32/bin/../lib/gcc/nios2-elf/5.2.0/../../../../../H-x86_64-mingw32/nios2-elf/lib\libc.a(lib_a-impure.o)
 .debug_aranges
                0x0000000000000158       0x20 c:/altera_lite/16.0/nios2eds/bin/gnu/h-x86_64-mingw32/bin/../lib/gcc/nios2-elf/5.2.0/../../../../../H-x86_64-mingw32/nios2-elf/lib\libc.a(lib_a-mallocr.o)
 .debug_aranges
                0x0000000000000178       0x20 c:/altera_lite/16.0/nios2eds/bin/gnu/h-x86_64-mingw32/bin/../lib/gcc/nios2-elf/5.2.0/../../../../../H-x86_64-mingw32/nios2-elf/lib\libc.a(lib_a-memchr.o)
 .debug_aranges
                0x0000000000000198       0x20 c:/altera_lite/16.0/nios2eds/bin/gnu/h-x86_64-mingw32/bin/../lib/gcc/nios2-elf/5.2.0/../../../../../H-x86_64-mingw32/nios2-elf/lib\libc.a(lib_a-memcpy.o)
 .debug_aranges
                0x00000000000001b8       0x20 c:/altera_lite/16.0/nios2eds/bin/gnu/h-x86_64-mingw32/bin/../lib/gcc/nios2-elf/5.2.0/../../../../../H-x86_64-mingw32/nios2-elf/lib\libc.a(lib_a-memmove.o)
 .debug_aranges
                0x00000000000001d8       0x20 c:/altera_lite/16.0/nios2eds/bin/gnu/h-x86_64-mingw32/bin/../lib/gcc/nios2-elf/5.2.0/../../../../../H-x86_64-mingw32/nios2-elf/lib\libc.a(lib_a-memset.o)
 .debug_aranges
                0x00000000000001f8       0x20 c:/altera_lite/16.0/nios2eds/bin/gnu/h-x86_64-mingw32/bin/../lib/gcc/nios2-elf/5.2.0/../../../../../H-x86_64-mingw32/nios2-elf/lib\libc.a(lib_a-reallocr.o)
 .debug_aranges
                0x0000000000000218       0x20 c:/altera_lite/16.0/nios2eds/bin/gnu/h-x86_64-mingw32/bin/../lib/gcc/nios2-elf/5.2.0/../../../../../H-x86_64-mingw32/nios2-elf/lib\libc.a(lib_a-sbrkr.o)
 .debug_aranges
                0x0000000000000238       0x40 c:/altera_lite/16.0/nios2eds/bin/gnu/h-x86_64-mingw32/bin/../lib/gcc/nios2-elf/5.2.0/../../../../../H-x86_64-mingw32/nios2-elf/lib\libc.a(lib_a-stdio.o)
 .debug_aranges
                0x0000000000000278       0x20 c:/altera_lite/16.0/nios2eds/bin/gnu/h-x86_64-mingw32/bin/../lib/gcc/nios2-elf/5.2.0/../../../../../H-x86_64-mingw32/nios2-elf/lib\libc.a(lib_a-writer.o)
 .debug_aranges
                0x0000000000000298       0x20 c:/altera_lite/16.0/nios2eds/bin/gnu/h-x86_64-mingw32/bin/../lib/gcc/nios2-elf/5.2.0/../../../../../H-x86_64-mingw32/nios2-elf/lib\libc.a(lib_a-wsetup.o)
 .debug_aranges
                0x00000000000002b8       0x20 c:/altera_lite/16.0/nios2eds/bin/gnu/h-x86_64-mingw32/bin/../lib/gcc/nios2-elf/5.2.0/../../../../../H-x86_64-mingw32/nios2-elf/lib\libc.a(closer.o)
 .debug_aranges
                0x00000000000002d8       0x28 c:/altera_lite/16.0/nios2eds/bin/gnu/h-x86_64-mingw32/bin/../lib/gcc/nios2-elf/5.2.0/../../../../../H-x86_64-mingw32/nios2-elf/lib\libc.a(lib_a-fclose.o)
 .debug_aranges
                0x0000000000000300       0x30 c:/altera_lite/16.0/nios2eds/bin/gnu/h-x86_64-mingw32/bin/../lib/gcc/nios2-elf/5.2.0/../../../../../H-x86_64-mingw32/nios2-elf/lib\libc.a(lib_a-fflush.o)
 .debug_aranges
                0x0000000000000330       0x28 c:/altera_lite/16.0/nios2eds/bin/gnu/h-x86_64-mingw32/bin/../lib/gcc/nios2-elf/5.2.0/../../../../../H-x86_64-mingw32/nios2-elf/lib\libc.a(lib_a-freer.o)
 .debug_aranges
                0x0000000000000358       0x18 c:/altera_lite/16.0/nios2eds/bin/gnu/h-x86_64-mingw32/bin/../lib/gcc/nios2-elf/5.2.0/../../../../../H-x86_64-mingw32/nios2-elf/lib\libc.a(lib_a-int_errno.o)
 .debug_aranges
                0x0000000000000370       0x20 c:/altera_lite/16.0/nios2eds/bin/gnu/h-x86_64-mingw32/bin/../lib/gcc/nios2-elf/5.2.0/../../../../../H-x86_64-mingw32/nios2-elf/lib\libc.a(lib_a-lseekr.o)
 .debug_aranges
                0x0000000000000390       0x20 c:/altera_lite/16.0/nios2eds/bin/gnu/h-x86_64-mingw32/bin/../lib/gcc/nios2-elf/5.2.0/../../../../../H-x86_64-mingw32/nios2-elf/lib\libc.a(lib_a-makebuf.o)
 .debug_aranges
                0x00000000000003b0       0x20 c:/altera_lite/16.0/nios2eds/bin/gnu/h-x86_64-mingw32/bin/../lib/gcc/nios2-elf/5.2.0/../../../../../H-x86_64-mingw32/nios2-elf/lib\libc.a(lib_a-readr.o)
 .debug_aranges
                0x00000000000003d0       0x20 c:/altera_lite/16.0/nios2eds/bin/gnu/h-x86_64-mingw32/bin/../lib/gcc/nios2-elf/5.2.0/../../../../../H-x86_64-mingw32/nios2-elf/lib\libc.a(lib_a-fstatr.o)
 .debug_aranges
                0x00000000000003f0       0x20 c:/altera_lite/16.0/nios2eds/bin/gnu/h-x86_64-mingw32/bin/../lib/gcc/nios2-elf/5.2.0/../../../../../H-x86_64-mingw32/nios2-elf/lib\libc.a(lib_a-isattyr.o)
 .debug_aranges
                0x0000000000000410       0x20 c:/altera_lite/16.0/nios2eds/bin/gnu/h-x86_64-mingw32/bin/../lib/gcc/nios2-elf/5.2.0\libgcc.a(lib2-divmod.o)
 .debug_aranges
                0x0000000000000430       0x20 C:/Users/Lukas/OneDrive/Documents/EPFL/Autumn_16/Embedded_Systems/GIT/fpga_seg/sw/fpga_rtc_bsp/\libhal_bsp.a(alt_close.o)
 .debug_aranges
                0x0000000000000450       0x20 C:/Users/Lukas/OneDrive/Documents/EPFL/Autumn_16/Embedded_Systems/GIT/fpga_seg/sw/fpga_rtc_bsp/\libhal_bsp.a(alt_dev.o)
 .debug_aranges
                0x0000000000000470       0x18 C:/Users/Lukas/OneDrive/Documents/EPFL/Autumn_16/Embedded_Systems/GIT/fpga_seg/sw/fpga_rtc_bsp/\libhal_bsp.a(alt_errno.o)
 .debug_aranges
                0x0000000000000488       0x20 C:/Users/Lukas/OneDrive/Documents/EPFL/Autumn_16/Embedded_Systems/GIT/fpga_seg/sw/fpga_rtc_bsp/\libhal_bsp.a(alt_fstat.o)
 .debug_aranges
                0x00000000000004a8       0x20 C:/Users/Lukas/OneDrive/Documents/EPFL/Autumn_16/Embedded_Systems/GIT/fpga_seg/sw/fpga_rtc_bsp/\libhal_bsp.a(alt_isatty.o)
 .debug_aranges
                0x00000000000004c8       0x20 C:/Users/Lukas/OneDrive/Documents/EPFL/Autumn_16/Embedded_Systems/GIT/fpga_seg/sw/fpga_rtc_bsp/\libhal_bsp.a(alt_load.o)
 .debug_aranges
                0x00000000000004e8       0x20 C:/Users/Lukas/OneDrive/Documents/EPFL/Autumn_16/Embedded_Systems/GIT/fpga_seg/sw/fpga_rtc_bsp/\libhal_bsp.a(alt_lseek.o)
 .debug_aranges
                0x0000000000000508       0x20 C:/Users/Lukas/OneDrive/Documents/EPFL/Autumn_16/Embedded_Systems/GIT/fpga_seg/sw/fpga_rtc_bsp/\libhal_bsp.a(alt_main.o)
 .debug_aranges
                0x0000000000000528       0x20 C:/Users/Lukas/OneDrive/Documents/EPFL/Autumn_16/Embedded_Systems/GIT/fpga_seg/sw/fpga_rtc_bsp/\libhal_bsp.a(alt_malloc_lock.o)
 .debug_aranges
                0x0000000000000548       0x20 C:/Users/Lukas/OneDrive/Documents/EPFL/Autumn_16/Embedded_Systems/GIT/fpga_seg/sw/fpga_rtc_bsp/\libhal_bsp.a(alt_read.o)
 .debug_aranges
                0x0000000000000568       0x20 C:/Users/Lukas/OneDrive/Documents/EPFL/Autumn_16/Embedded_Systems/GIT/fpga_seg/sw/fpga_rtc_bsp/\libhal_bsp.a(alt_release_fd.o)
 .debug_aranges
                0x0000000000000588       0x20 C:/Users/Lukas/OneDrive/Documents/EPFL/Autumn_16/Embedded_Systems/GIT/fpga_seg/sw/fpga_rtc_bsp/\libhal_bsp.a(alt_sbrk.o)
 .debug_aranges
                0x00000000000005a8       0x20 C:/Users/Lukas/OneDrive/Documents/EPFL/Autumn_16/Embedded_Systems/GIT/fpga_seg/sw/fpga_rtc_bsp/\libhal_bsp.a(alt_write.o)
 .debug_aranges
                0x00000000000005c8       0x20 C:/Users/Lukas/OneDrive/Documents/EPFL/Autumn_16/Embedded_Systems/GIT/fpga_seg/sw/fpga_rtc_bsp/\libhal_bsp.a(alt_sys_init.o)
 .debug_aranges
                0x00000000000005e8       0x20 C:/Users/Lukas/OneDrive/Documents/EPFL/Autumn_16/Embedded_Systems/GIT/fpga_seg/sw/fpga_rtc_bsp/\libhal_bsp.a(alt_dcache_flush_all.o)
 .debug_aranges
                0x0000000000000608       0x20 C:/Users/Lukas/OneDrive/Documents/EPFL/Autumn_16/Embedded_Systems/GIT/fpga_seg/sw/fpga_rtc_bsp/\libhal_bsp.a(alt_do_ctors.o)
 .debug_aranges
                0x0000000000000628       0x20 C:/Users/Lukas/OneDrive/Documents/EPFL/Autumn_16/Embedded_Systems/GIT/fpga_seg/sw/fpga_rtc_bsp/\libhal_bsp.a(alt_do_dtors.o)
 .debug_aranges
                0x0000000000000648       0x20 C:/Users/Lukas/OneDrive/Documents/EPFL/Autumn_16/Embedded_Systems/GIT/fpga_seg/sw/fpga_rtc_bsp/\libhal_bsp.a(alt_icache_flush_all.o)
 .debug_aranges
                0x0000000000000668       0x20 C:/Users/Lukas/OneDrive/Documents/EPFL/Autumn_16/Embedded_Systems/GIT/fpga_seg/sw/fpga_rtc_bsp/\libhal_bsp.a(altera_nios2_gen2_irq.o)
 .debug_aranges
                0x0000000000000688       0x20 C:/Users/Lukas/OneDrive/Documents/EPFL/Autumn_16/Embedded_Systems/GIT/fpga_seg/sw/fpga_rtc_bsp/\libhal_bsp.a(alt_icache_flush.o)
 .debug_aranges
                0x00000000000006a8       0x20 c:/altera_lite/16.0/nios2eds/bin/gnu/h-x86_64-mingw32/bin/../lib/gcc/nios2-elf/5.2.0/../../../../../H-x86_64-mingw32/nios2-elf/lib\libc.a(lib_a-atexit.o)
 .debug_aranges
                0x00000000000006c8       0x20 c:/altera_lite/16.0/nios2eds/bin/gnu/h-x86_64-mingw32/bin/../lib/gcc/nios2-elf/5.2.0/../../../../../H-x86_64-mingw32/nios2-elf/lib\libc.a(lib_a-exit.o)
 .debug_aranges
                0x00000000000006e8       0x20 c:/altera_lite/16.0/nios2eds/bin/gnu/h-x86_64-mingw32/bin/../lib/gcc/nios2-elf/5.2.0/../../../../../H-x86_64-mingw32/nios2-elf/lib\libc.a(lib_a-__atexit.o)
 .debug_aranges
                0x0000000000000708       0x20 c:/altera_lite/16.0/nios2eds/bin/gnu/h-x86_64-mingw32/bin/../lib/gcc/nios2-elf/5.2.0/../../../../../H-x86_64-mingw32/nios2-elf/lib\libc.a(lib_a-__call_atexit.o)
 .debug_aranges
                0x0000000000000728       0x20 C:/Users/Lukas/OneDrive/Documents/EPFL/Autumn_16/Embedded_Systems/GIT/fpga_seg/sw/fpga_rtc_bsp/\libhal_bsp.a(alt_exit.o)

.debug_pubnames
 *(.debug_pubnames)

.debug_info     0x0000000000000000    0x12a17
 *(.debug_info .gnu.linkonce.wi.*)
 .debug_info    0x0000000000000000       0x93 C:/Users/Lukas/OneDrive/Documents/EPFL/Autumn_16/Embedded_Systems/GIT/fpga_seg/sw/fpga_rtc_bsp//obj/HAL/src/crt0.o
 .debug_info    0x0000000000000093       0x96 obj/default/hello_world.o
 .debug_info    0x0000000000000129      0xa38 c:/altera_lite/16.0/nios2eds/bin/gnu/h-x86_64-mingw32/bin/../lib/gcc/nios2-elf/5.2.0/../../../../../H-x86_64-mingw32/nios2-elf/lib\libc.a(lib_a-puts.o)
 .debug_info    0x0000000000000b61       0xe2 c:/altera_lite/16.0/nios2eds/bin/gnu/h-x86_64-mingw32/bin/../lib/gcc/nios2-elf/5.2.0/../../../../../H-x86_64-mingw32/nios2-elf/lib\libc.a(lib_a-strlen.o)
 .debug_info    0x0000000000000c43      0xd25 c:/altera_lite/16.0/nios2eds/bin/gnu/h-x86_64-mingw32/bin/../lib/gcc/nios2-elf/5.2.0/../../../../../H-x86_64-mingw32/nios2-elf/lib\libc.a(lib_a-findfp.o)
 .debug_info    0x0000000000001968      0xbb8 c:/altera_lite/16.0/nios2eds/bin/gnu/h-x86_64-mingw32/bin/../lib/gcc/nios2-elf/5.2.0/../../../../../H-x86_64-mingw32/nios2-elf/lib\libc.a(lib_a-fvwrite.o)
 .debug_info    0x0000000000002520      0x9b0 c:/altera_lite/16.0/nios2eds/bin/gnu/h-x86_64-mingw32/bin/../lib/gcc/nios2-elf/5.2.0/../../../../../H-x86_64-mingw32/nios2-elf/lib\libc.a(lib_a-fwalk.o)
 .debug_info    0x0000000000002ed0      0x8a1 c:/altera_lite/16.0/nios2eds/bin/gnu/h-x86_64-mingw32/bin/../lib/gcc/nios2-elf/5.2.0/../../../../../H-x86_64-mingw32/nios2-elf/lib\libc.a(lib_a-impure.o)
 .debug_info    0x0000000000003771      0xd57 c:/altera_lite/16.0/nios2eds/bin/gnu/h-x86_64-mingw32/bin/../lib/gcc/nios2-elf/5.2.0/../../../../../H-x86_64-mingw32/nios2-elf/lib\libc.a(lib_a-mallocr.o)
 .debug_info    0x00000000000044c8      0x132 c:/altera_lite/16.0/nios2eds/bin/gnu/h-x86_64-mingw32/bin/../lib/gcc/nios2-elf/5.2.0/../../../../../H-x86_64-mingw32/nios2-elf/lib\libc.a(lib_a-memchr.o)
 .debug_info    0x00000000000045fa      0x144 c:/altera_lite/16.0/nios2eds/bin/gnu/h-x86_64-mingw32/bin/../lib/gcc/nios2-elf/5.2.0/../../../../../H-x86_64-mingw32/nios2-elf/lib\libc.a(lib_a-memcpy.o)
 .debug_info    0x000000000000473e      0x13a c:/altera_lite/16.0/nios2eds/bin/gnu/h-x86_64-mingw32/bin/../lib/gcc/nios2-elf/5.2.0/../../../../../H-x86_64-mingw32/nios2-elf/lib\libc.a(lib_a-memmove.o)
 .debug_info    0x0000000000004878      0x121 c:/altera_lite/16.0/nios2eds/bin/gnu/h-x86_64-mingw32/bin/../lib/gcc/nios2-elf/5.2.0/../../../../../H-x86_64-mingw32/nios2-elf/lib\libc.a(lib_a-memset.o)
 .debug_info    0x0000000000004999      0xc76 c:/altera_lite/16.0/nios2eds/bin/gnu/h-x86_64-mingw32/bin/../lib/gcc/nios2-elf/5.2.0/../../../../../H-x86_64-mingw32/nios2-elf/lib\libc.a(lib_a-reallocr.o)
 .debug_info    0x000000000000560f      0x900 c:/altera_lite/16.0/nios2eds/bin/gnu/h-x86_64-mingw32/bin/../lib/gcc/nios2-elf/5.2.0/../../../../../H-x86_64-mingw32/nios2-elf/lib\libc.a(lib_a-sbrkr.o)
 .debug_info    0x0000000000005f0f      0xb32 c:/altera_lite/16.0/nios2eds/bin/gnu/h-x86_64-mingw32/bin/../lib/gcc/nios2-elf/5.2.0/../../../../../H-x86_64-mingw32/nios2-elf/lib\libc.a(lib_a-stdio.o)
 .debug_info    0x0000000000006a41      0x928 c:/altera_lite/16.0/nios2eds/bin/gnu/h-x86_64-mingw32/bin/../lib/gcc/nios2-elf/5.2.0/../../../../../H-x86_64-mingw32/nios2-elf/lib\libc.a(lib_a-writer.o)
 .debug_info    0x0000000000007369      0x936 c:/altera_lite/16.0/nios2eds/bin/gnu/h-x86_64-mingw32/bin/../lib/gcc/nios2-elf/5.2.0/../../../../../H-x86_64-mingw32/nios2-elf/lib\libc.a(lib_a-wsetup.o)
 .debug_info    0x0000000000007c9f      0x8df c:/altera_lite/16.0/nios2eds/bin/gnu/h-x86_64-mingw32/bin/../lib/gcc/nios2-elf/5.2.0/../../../../../H-x86_64-mingw32/nios2-elf/lib\libc.a(closer.o)
 .debug_info    0x000000000000857e      0xa23 c:/altera_lite/16.0/nios2eds/bin/gnu/h-x86_64-mingw32/bin/../lib/gcc/nios2-elf/5.2.0/../../../../../H-x86_64-mingw32/nios2-elf/lib\libc.a(lib_a-fclose.o)
 .debug_info    0x0000000000008fa1      0xa93 c:/altera_lite/16.0/nios2eds/bin/gnu/h-x86_64-mingw32/bin/../lib/gcc/nios2-elf/5.2.0/../../../../../H-x86_64-mingw32/nios2-elf/lib\libc.a(lib_a-fflush.o)
 .debug_info    0x0000000000009a34      0xbf7 c:/altera_lite/16.0/nios2eds/bin/gnu/h-x86_64-mingw32/bin/../lib/gcc/nios2-elf/5.2.0/../../../../../H-x86_64-mingw32/nios2-elf/lib\libc.a(lib_a-freer.o)
 .debug_info    0x000000000000a62b       0x8a c:/altera_lite/16.0/nios2eds/bin/gnu/h-x86_64-mingw32/bin/../lib/gcc/nios2-elf/5.2.0/../../../../../H-x86_64-mingw32/nios2-elf/lib\libc.a(lib_a-int_errno.o)
 .debug_info    0x000000000000a6b5      0x90b c:/altera_lite/16.0/nios2eds/bin/gnu/h-x86_64-mingw32/bin/../lib/gcc/nios2-elf/5.2.0/../../../../../H-x86_64-mingw32/nios2-elf/lib\libc.a(lib_a-lseekr.o)
 .debug_info    0x000000000000afc0      0xad8 c:/altera_lite/16.0/nios2eds/bin/gnu/h-x86_64-mingw32/bin/../lib/gcc/nios2-elf/5.2.0/../../../../../H-x86_64-mingw32/nios2-elf/lib\libc.a(lib_a-makebuf.o)
 .debug_info    0x000000000000ba98      0x921 c:/altera_lite/16.0/nios2eds/bin/gnu/h-x86_64-mingw32/bin/../lib/gcc/nios2-elf/5.2.0/../../../../../H-x86_64-mingw32/nios2-elf/lib\libc.a(lib_a-readr.o)
 .debug_info    0x000000000000c3b9      0xa5d c:/altera_lite/16.0/nios2eds/bin/gnu/h-x86_64-mingw32/bin/../lib/gcc/nios2-elf/5.2.0/../../../../../H-x86_64-mingw32/nios2-elf/lib\libc.a(lib_a-fstatr.o)
 .debug_info    0x000000000000ce16      0x8df c:/altera_lite/16.0/nios2eds/bin/gnu/h-x86_64-mingw32/bin/../lib/gcc/nios2-elf/5.2.0/../../../../../H-x86_64-mingw32/nios2-elf/lib\libc.a(lib_a-isattyr.o)
 .debug_info    0x000000000000d6f5      0x2c3 c:/altera_lite/16.0/nios2eds/bin/gnu/h-x86_64-mingw32/bin/../lib/gcc/nios2-elf/5.2.0\libgcc.a(lib2-divmod.o)
 .debug_info    0x000000000000d9b8      0x321 C:/Users/Lukas/OneDrive/Documents/EPFL/Autumn_16/Embedded_Systems/GIT/fpga_seg/sw/fpga_rtc_bsp/\libhal_bsp.a(alt_close.o)
 .debug_info    0x000000000000dcd9      0x49c C:/Users/Lukas/OneDrive/Documents/EPFL/Autumn_16/Embedded_Systems/GIT/fpga_seg/sw/fpga_rtc_bsp/\libhal_bsp.a(alt_dev.o)
 .debug_info    0x000000000000e175       0xa6 C:/Users/Lukas/OneDrive/Documents/EPFL/Autumn_16/Embedded_Systems/GIT/fpga_seg/sw/fpga_rtc_bsp/\libhal_bsp.a(alt_errno.o)
 .debug_info    0x000000000000e21b      0x488 C:/Users/Lukas/OneDrive/Documents/EPFL/Autumn_16/Embedded_Systems/GIT/fpga_seg/sw/fpga_rtc_bsp/\libhal_bsp.a(alt_fstat.o)
 .debug_info    0x000000000000e6a3      0x48b C:/Users/Lukas/OneDrive/Documents/EPFL/Autumn_16/Embedded_Systems/GIT/fpga_seg/sw/fpga_rtc_bsp/\libhal_bsp.a(alt_isatty.o)
 .debug_info    0x000000000000eb2e      0x145 C:/Users/Lukas/OneDrive/Documents/EPFL/Autumn_16/Embedded_Systems/GIT/fpga_seg/sw/fpga_rtc_bsp/\libhal_bsp.a(alt_load.o)
 .debug_info    0x000000000000ec73      0x352 C:/Users/Lukas/OneDrive/Documents/EPFL/Autumn_16/Embedded_Systems/GIT/fpga_seg/sw/fpga_rtc_bsp/\libhal_bsp.a(alt_lseek.o)
 .debug_info    0x000000000000efc5      0x157 C:/Users/Lukas/OneDrive/Documents/EPFL/Autumn_16/Embedded_Systems/GIT/fpga_seg/sw/fpga_rtc_bsp/\libhal_bsp.a(alt_main.o)
 .debug_info    0x000000000000f11c      0x8b6 C:/Users/Lukas/OneDrive/Documents/EPFL/Autumn_16/Embedded_Systems/GIT/fpga_seg/sw/fpga_rtc_bsp/\libhal_bsp.a(alt_malloc_lock.o)
 .debug_info    0x000000000000f9d2      0x4b0 C:/Users/Lukas/OneDrive/Documents/EPFL/Autumn_16/Embedded_Systems/GIT/fpga_seg/sw/fpga_rtc_bsp/\libhal_bsp.a(alt_read.o)
 .debug_info    0x000000000000fe82      0x2b0 C:/Users/Lukas/OneDrive/Documents/EPFL/Autumn_16/Embedded_Systems/GIT/fpga_seg/sw/fpga_rtc_bsp/\libhal_bsp.a(alt_release_fd.o)
 .debug_info    0x0000000000010132      0x1d2 C:/Users/Lukas/OneDrive/Documents/EPFL/Autumn_16/Embedded_Systems/GIT/fpga_seg/sw/fpga_rtc_bsp/\libhal_bsp.a(alt_sbrk.o)
 .debug_info    0x0000000000010304      0x4b7 C:/Users/Lukas/OneDrive/Documents/EPFL/Autumn_16/Embedded_Systems/GIT/fpga_seg/sw/fpga_rtc_bsp/\libhal_bsp.a(alt_write.o)
 .debug_info    0x00000000000107bb       0xfa C:/Users/Lukas/OneDrive/Documents/EPFL/Autumn_16/Embedded_Systems/GIT/fpga_seg/sw/fpga_rtc_bsp/\libhal_bsp.a(alt_sys_init.o)
 .debug_info    0x00000000000108b5       0xa5 C:/Users/Lukas/OneDrive/Documents/EPFL/Autumn_16/Embedded_Systems/GIT/fpga_seg/sw/fpga_rtc_bsp/\libhal_bsp.a(alt_dcache_flush_all.o)
 .debug_info    0x000000000001095a       0x83 C:/Users/Lukas/OneDrive/Documents/EPFL/Autumn_16/Embedded_Systems/GIT/fpga_seg/sw/fpga_rtc_bsp/\libhal_bsp.a(alt_do_ctors.o)
 .debug_info    0x00000000000109dd       0x83 C:/Users/Lukas/OneDrive/Documents/EPFL/Autumn_16/Embedded_Systems/GIT/fpga_seg/sw/fpga_rtc_bsp/\libhal_bsp.a(alt_do_dtors.o)
 .debug_info    0x0000000000010a60       0x92 C:/Users/Lukas/OneDrive/Documents/EPFL/Autumn_16/Embedded_Systems/GIT/fpga_seg/sw/fpga_rtc_bsp/\libhal_bsp.a(alt_icache_flush_all.o)
 .debug_info    0x0000000000010af2       0xb8 C:/Users/Lukas/OneDrive/Documents/EPFL/Autumn_16/Embedded_Systems/GIT/fpga_seg/sw/fpga_rtc_bsp/\libhal_bsp.a(altera_nios2_gen2_irq.o)
 .debug_info    0x0000000000010baa       0xdc C:/Users/Lukas/OneDrive/Documents/EPFL/Autumn_16/Embedded_Systems/GIT/fpga_seg/sw/fpga_rtc_bsp/\libhal_bsp.a(alt_icache_flush.o)
 .debug_info    0x0000000000010c86       0xfe c:/altera_lite/16.0/nios2eds/bin/gnu/h-x86_64-mingw32/bin/../lib/gcc/nios2-elf/5.2.0/../../../../../H-x86_64-mingw32/nios2-elf/lib\libc.a(lib_a-atexit.o)
 .debug_info    0x0000000000010d84      0x8e4 c:/altera_lite/16.0/nios2eds/bin/gnu/h-x86_64-mingw32/bin/../lib/gcc/nios2-elf/5.2.0/../../../../../H-x86_64-mingw32/nios2-elf/lib\libc.a(lib_a-exit.o)
 .debug_info    0x0000000000011668      0x934 c:/altera_lite/16.0/nios2eds/bin/gnu/h-x86_64-mingw32/bin/../lib/gcc/nios2-elf/5.2.0/../../../../../H-x86_64-mingw32/nios2-elf/lib\libc.a(lib_a-__atexit.o)
 .debug_info    0x0000000000011f9c      0x965 c:/altera_lite/16.0/nios2eds/bin/gnu/h-x86_64-mingw32/bin/../lib/gcc/nios2-elf/5.2.0/../../../../../H-x86_64-mingw32/nios2-elf/lib\libc.a(lib_a-__call_atexit.o)
 .debug_info    0x0000000000012901      0x116 C:/Users/Lukas/OneDrive/Documents/EPFL/Autumn_16/Embedded_Systems/GIT/fpga_seg/sw/fpga_rtc_bsp/\libhal_bsp.a(alt_exit.o)

.debug_abbrev   0x0000000000000000     0x4894
 *(.debug_abbrev)
 .debug_abbrev  0x0000000000000000       0x12 C:/Users/Lukas/OneDrive/Documents/EPFL/Autumn_16/Embedded_Systems/GIT/fpga_seg/sw/fpga_rtc_bsp//obj/HAL/src/crt0.o
 .debug_abbrev  0x0000000000000012       0x42 obj/default/hello_world.o
 .debug_abbrev  0x0000000000000054      0x249 c:/altera_lite/16.0/nios2eds/bin/gnu/h-x86_64-mingw32/bin/../lib/gcc/nios2-elf/5.2.0/../../../../../H-x86_64-mingw32/nios2-elf/lib\libc.a(lib_a-puts.o)
 .debug_abbrev  0x000000000000029d       0x90 c:/altera_lite/16.0/nios2eds/bin/gnu/h-x86_64-mingw32/bin/../lib/gcc/nios2-elf/5.2.0/../../../../../H-x86_64-mingw32/nios2-elf/lib\libc.a(lib_a-strlen.o)
 .debug_abbrev  0x000000000000032d      0x39a c:/altera_lite/16.0/nios2eds/bin/gnu/h-x86_64-mingw32/bin/../lib/gcc/nios2-elf/5.2.0/../../../../../H-x86_64-mingw32/nios2-elf/lib\libc.a(lib_a-findfp.o)
 .debug_abbrev  0x00000000000006c7      0x228 c:/altera_lite/16.0/nios2eds/bin/gnu/h-x86_64-mingw32/bin/../lib/gcc/nios2-elf/5.2.0/../../../../../H-x86_64-mingw32/nios2-elf/lib\libc.a(lib_a-fvwrite.o)
 .debug_abbrev  0x00000000000008ef      0x1d1 c:/altera_lite/16.0/nios2eds/bin/gnu/h-x86_64-mingw32/bin/../lib/gcc/nios2-elf/5.2.0/../../../../../H-x86_64-mingw32/nios2-elf/lib\libc.a(lib_a-fwalk.o)
 .debug_abbrev  0x0000000000000ac0      0x18f c:/altera_lite/16.0/nios2eds/bin/gnu/h-x86_64-mingw32/bin/../lib/gcc/nios2-elf/5.2.0/../../../../../H-x86_64-mingw32/nios2-elf/lib\libc.a(lib_a-impure.o)
 .debug_abbrev  0x0000000000000c4f      0x29d c:/altera_lite/16.0/nios2eds/bin/gnu/h-x86_64-mingw32/bin/../lib/gcc/nios2-elf/5.2.0/../../../../../H-x86_64-mingw32/nios2-elf/lib\libc.a(lib_a-mallocr.o)
 .debug_abbrev  0x0000000000000eec       0xab c:/altera_lite/16.0/nios2eds/bin/gnu/h-x86_64-mingw32/bin/../lib/gcc/nios2-elf/5.2.0/../../../../../H-x86_64-mingw32/nios2-elf/lib\libc.a(lib_a-memchr.o)
 .debug_abbrev  0x0000000000000f97       0xa3 c:/altera_lite/16.0/nios2eds/bin/gnu/h-x86_64-mingw32/bin/../lib/gcc/nios2-elf/5.2.0/../../../../../H-x86_64-mingw32/nios2-elf/lib\libc.a(lib_a-memcpy.o)
 .debug_abbrev  0x000000000000103a       0x9c c:/altera_lite/16.0/nios2eds/bin/gnu/h-x86_64-mingw32/bin/../lib/gcc/nios2-elf/5.2.0/../../../../../H-x86_64-mingw32/nios2-elf/lib\libc.a(lib_a-memmove.o)
 .debug_abbrev  0x00000000000010d6       0xae c:/altera_lite/16.0/nios2eds/bin/gnu/h-x86_64-mingw32/bin/../lib/gcc/nios2-elf/5.2.0/../../../../../H-x86_64-mingw32/nios2-elf/lib\libc.a(lib_a-memset.o)
 .debug_abbrev  0x0000000000001184      0x231 c:/altera_lite/16.0/nios2eds/bin/gnu/h-x86_64-mingw32/bin/../lib/gcc/nios2-elf/5.2.0/../../../../../H-x86_64-mingw32/nios2-elf/lib\libc.a(lib_a-reallocr.o)
 .debug_abbrev  0x00000000000013b5      0x20a c:/altera_lite/16.0/nios2eds/bin/gnu/h-x86_64-mingw32/bin/../lib/gcc/nios2-elf/5.2.0/../../../../../H-x86_64-mingw32/nios2-elf/lib\libc.a(lib_a-sbrkr.o)
 .debug_abbrev  0x00000000000015bf      0x239 c:/altera_lite/16.0/nios2eds/bin/gnu/h-x86_64-mingw32/bin/../lib/gcc/nios2-elf/5.2.0/../../../../../H-x86_64-mingw32/nios2-elf/lib\libc.a(lib_a-stdio.o)
 .debug_abbrev  0x00000000000017f8      0x1eb c:/altera_lite/16.0/nios2eds/bin/gnu/h-x86_64-mingw32/bin/../lib/gcc/nios2-elf/5.2.0/../../../../../H-x86_64-mingw32/nios2-elf/lib\libc.a(lib_a-writer.o)
 .debug_abbrev  0x00000000000019e3      0x218 c:/altera_lite/16.0/nios2eds/bin/gnu/h-x86_64-mingw32/bin/../lib/gcc/nios2-elf/5.2.0/../../../../../H-x86_64-mingw32/nios2-elf/lib\libc.a(lib_a-wsetup.o)
 .debug_abbrev  0x0000000000001bfb      0x1e6 c:/altera_lite/16.0/nios2eds/bin/gnu/h-x86_64-mingw32/bin/../lib/gcc/nios2-elf/5.2.0/../../../../../H-x86_64-mingw32/nios2-elf/lib\libc.a(closer.o)
 .debug_abbrev  0x0000000000001de1      0x2a2 c:/altera_lite/16.0/nios2eds/bin/gnu/h-x86_64-mingw32/bin/../lib/gcc/nios2-elf/5.2.0/../../../../../H-x86_64-mingw32/nios2-elf/lib\libc.a(lib_a-fclose.o)
 .debug_abbrev  0x0000000000002083      0x2a0 c:/altera_lite/16.0/nios2eds/bin/gnu/h-x86_64-mingw32/bin/../lib/gcc/nios2-elf/5.2.0/../../../../../H-x86_64-mingw32/nios2-elf/lib\libc.a(lib_a-fflush.o)
 .debug_abbrev  0x0000000000002323      0x264 c:/altera_lite/16.0/nios2eds/bin/gnu/h-x86_64-mingw32/bin/../lib/gcc/nios2-elf/5.2.0/../../../../../H-x86_64-mingw32/nios2-elf/lib\libc.a(lib_a-freer.o)