Archive member included to satisfy reference by file (symbol)

c:/altera_lite/16.0/nios2eds/bin/gnu/h-x86_64-mingw32/bin/../lib/gcc/nios2-elf/5.2.0\libgcc.a(lib2-divmod.o)
                              obj/default/hello_world.o (__modsi3)
c:/altera_lite/16.0/nios2eds/bin/gnu/h-x86_64-mingw32/bin/../lib/gcc/nios2-elf/5.2.0/../../../../../H-x86_64-mingw32/nios2-elf/lib\libc.a(lib_a-assert.o)
                              obj/default/hello_world.o (__assert_func)
c:/altera_lite/16.0/nios2eds/bin/gnu/h-x86_64-mingw32/bin/../lib/gcc/nios2-elf/5.2.0/../../../../../H-x86_64-mingw32/nios2-elf/lib\libc.a(lib_a-fiprintf.o)
                              c:/altera_lite/16.0/nios2eds/bin/gnu/h-x86_64-mingw32/bin/../lib/gcc/nios2-elf/5.2.0/../../../../../H-x86_64-mingw32/nios2-elf/lib\libc.a(lib_a-assert.o) (fiprintf)
c:/altera_lite/16.0/nios2eds/bin/gnu/h-x86_64-mingw32/bin/../lib/gcc/nios2-elf/5.2.0/../../../../../H-x86_64-mingw32/nios2-elf/lib\libc.a(lib_a-fopen.o)
                              obj/default/hello_world.o (fopen)
c:/altera_lite/16.0/nios2eds/bin/gnu/h-x86_64-mingw32/bin/../lib/gcc/nios2-elf/5.2.0/../../../../../H-x86_64-mingw32/nios2-elf/lib\libc.a(lib_a-fread.o)
                              obj/default/hello_world.o (fread)
c:/altera_lite/16.0/nios2eds/bin/gnu/h-x86_64-mingw32/bin/../lib/gcc/nios2-elf/5.2.0/../../../../../H-x86_64-mingw32/nios2-elf/lib\libc.a(lib_a-freer.o)
                              c:/altera_lite/16.0/nios2eds/bin/gnu/h-x86_64-mingw32/bin/../lib/gcc/nios2-elf/5.2.0/../../../../../H-x86_64-mingw32/nios2-elf/lib\libc.a(lib_a-fread.o) (_free_r)
c:/altera_lite/16.0/nios2eds/bin/gnu/h-x86_64-mingw32/bin/../lib/gcc/nios2-elf/5.2.0/../../../../../H-x86_64-mingw32/nios2-elf/lib\libc.a(lib_a-fseek.o)
                              c:/altera_lite/16.0/nios2eds/bin/gnu/h-x86_64-mingw32/bin/../lib/gcc/nios2-elf/5.2.0/../../../../../H-x86_64-mingw32/nios2-elf/lib\libc.a(lib_a-fopen.o) (_fseek_r)
c:/altera_lite/16.0/nios2eds/bin/gnu/h-x86_64-mingw32/bin/../lib/gcc/nios2-elf/5.2.0/../../../../../H-x86_64-mingw32/nios2-elf/lib\libc.a(lib_a-fseeko.o)
                              c:/altera_lite/16.0/nios2eds/bin/gnu/h-x86_64-mingw32/bin/../lib/gcc/nios2-elf/5.2.0/../../../../../H-x86_64-mingw32/nios2-elf/lib\libc.a(lib_a-fseek.o) (_fseeko_r)
c:/altera_lite/16.0/nios2eds/bin/gnu/h-x86_64-mingw32/bin/../lib/gcc/nios2-elf/5.2.0/../../../../../H-x86_64-mingw32/nios2-elf/lib\libc.a(lib_a-fstatr.o)
                              c:/altera_lite/16.0/nios2eds/bin/gnu/h-x86_64-mingw32/bin/../lib/gcc/nios2-elf/5.2.0/../../../../../H-x86_64-mingw32/nios2-elf/lib\libc.a(lib_a-fseeko.o) (_fstat_r)
c:/altera_lite/16.0/nios2eds/bin/gnu/h-x86_64-mingw32/bin/../lib/gcc/nios2-elf/5.2.0/../../../../../H-x86_64-mingw32/nios2-elf/lib\libc.a(lib_a-impure.o)
                              c:/altera_lite/16.0/nios2eds/bin/gnu/h-x86_64-mingw32/bin/../lib/gcc/nios2-elf/5.2.0/../../../../../H-x86_64-mingw32/nios2-elf/lib\libc.a(lib_a-assert.o) (_impure_ptr)
c:/altera_lite/16.0/nios2eds/bin/gnu/h-x86_64-mingw32/bin/../lib/gcc/nios2-elf/5.2.0/../../../../../H-x86_64-mingw32/nios2-elf/lib\libc.a(lib_a-int_errno.o)
                              c:/altera_lite/16.0/nios2eds/bin/gnu/h-x86_64-mingw32/bin/../lib/gcc/nios2-elf/5.2.0/../../../../../H-x86_64-mingw32/nios2-elf/lib\libc.a(lib_a-fstatr.o) (errno)
c:/altera_lite/16.0/nios2eds/bin/gnu/h-x86_64-mingw32/bin/../lib/gcc/nios2-elf/5.2.0/../../../../../H-x86_64-mingw32/nios2-elf/lib\libc.a(lib_a-makebuf.o)
                              c:/altera_lite/16.0/nios2eds/bin/gnu/h-x86_64-mingw32/bin/../lib/gcc/nios2-elf/5.2.0/../../../../../H-x86_64-mingw32/nios2-elf/lib\libc.a(lib_a-fseeko.o) (__smakebuf_r)
c:/altera_lite/16.0/nios2eds/bin/gnu/h-x86_64-mingw32/bin/../lib/gcc/nios2-elf/5.2.0/../../../../../H-x86_64-mingw32/nios2-elf/lib\libc.a(lib_a-mallocr.o)
                              c:/altera_lite/16.0/nios2eds/bin/gnu/h-x86_64-mingw32/bin/../lib/gcc/nios2-elf/5.2.0/../../../../../H-x86_64-mingw32/nios2-elf/lib\libc.a(lib_a-makebuf.o) (_malloc_r)
c:/altera_lite/16.0/nios2eds/bin/gnu/h-x86_64-mingw32/bin/../lib/gcc/nios2-elf/5.2.0/../../../../../H-x86_64-mingw32/nios2-elf/lib\libc.a(lib_a-memcpy.o)
                              c:/altera_lite/16.0/nios2eds/bin/gnu/h-x86_64-mingw32/bin/../lib/gcc/nios2-elf/5.2.0/../../../../../H-x86_64-mingw32/nios2-elf/lib\libc.a(lib_a-fread.o) (memcpy)
c:/altera_lite/16.0/nios2eds/bin/gnu/h-x86_64-mingw32/bin/../lib/gcc/nios2-elf/5.2.0/../../../../../H-x86_64-mingw32/nios2-elf/lib\libc.a(lib_a-memset.o)
                              c:/altera_lite/16.0/nios2eds/bin/gnu/h-x86_64-mingw32/bin/../lib/gcc/nios2-elf/5.2.0/../../../../../H-x86_64-mingw32/nios2-elf/lib\libc.a(lib_a-fseeko.o) (memset)
c:/altera_lite/16.0/nios2eds/bin/gnu/h-x86_64-mingw32/bin/../lib/gcc/nios2-elf/5.2.0/../../../../../H-x86_64-mingw32/nios2-elf/lib\libc.a(lib_a-openr.o)
[...]
Memory Configuration

Name             Origin             Length             Attributes
reset            0x0000000010100000 0x0000000000000020
onchip_memory2_0 0x0000000010100020 0x000000000001ffe0
*default*        0x0000000000000000 0xffffffffffffffff

Linker script and memory map

LOAD C:/Users/Lukas/OneDrive/Documents/EPFL/Autumn_16/Embedded_Systems/GIT/LCD/sw/nios2/lcd_bsp//obj/HAL/src/crt0.o
LOAD obj/default/hello_world.o
LOAD c:/altera_lite/16.0/nios2eds/bin/gnu/h-x86_64-mingw32/bin/../lib/gcc/nios2-elf/5.2.0/../../../../../H-x86_64-mingw32/nios2-elf/lib\libstdc++.a
LOAD c:/altera_lite/16.0/nios2eds/bin/gnu/h-x86_64-mingw32/bin/../lib/gcc/nios2-elf/5.2.0/../../../../../H-x86_64-mingw32/nios2-elf/lib\libm.a
LOAD c:/altera_lite/16.0/nios2eds/bin/gnu/h-x86_64-mingw32/bin/../lib/gcc/nios2-elf/5.2.0\libgcc.a
START GROUP
LOAD c:/altera_lite/16.0/nios2eds/bin/gnu/h-x86_64-mingw32/bin/../lib/gcc/nios2-elf/5.2.0/../../../../../H-x86_64-mingw32/nios2-elf/lib\libc.a
LOAD c:/altera_lite/16.0/nios2eds/bin/gnu/h-x86_64-mingw32/bin/../lib/gcc/nios2-elf/5.2.0\libgcc.a
LOAD C:/Users/Lukas/OneDrive/Documents/EPFL/Autumn_16/Embedded_Systems/GIT/LCD/sw/nios2/lcd_bsp/\libhal_bsp.a
LOAD c:/altera_lite/16.0/nios2eds/bin/gnu/h-x86_64-mingw32/bin/../lib/gcc/nios2-elf/5.2.0/../../../../../H-x86_64-mingw32/nios2-elf/lib\libm.a
END GROUP
LOAD c:/altera_lite/16.0/nios2eds/bin/gnu/h-x86_64-mingw32/bin/../lib/gcc/nios2-elf/5.2.0\libgcc.a
                0x0000000010100000                __alt_mem_onchip_memory2_0 = 0x10100000

.entry          0x0000000010100000       0x20
 *(.entry)
 .entry         0x0000000010100000       0x20 C:/Users/Lukas/OneDrive/Documents/EPFL/Autumn_16/Embedded_Systems/GIT/LCD/sw/nios2/lcd_bsp//obj/HAL/src/crt0.o
                0x0000000010100000                __reset

.exceptions     0x0000000010100020      0x224
                0x0000000010100020                PROVIDE (__ram_exceptions_start, ABSOLUTE (.))
                0x0000000010100020                . = ALIGN (0x20)
 *(.irq)
 *(.exceptions.entry.label)
 .exceptions.entry.label
                0x0000000010100020        0x0 C:/Users/Lukas/OneDrive/Documents/EPFL/Autumn_16/Embedded_Systems/GIT/LCD/sw/nios2/lcd_bsp/\libhal_bsp.a(alt_irq_entry.o)
                0x0000000010100020                alt_irq_entry
 .exceptions.entry.label
                0x0000000010100020        0x0 C:/Users/Lukas/OneDrive/Documents/EPFL/Autumn_16/Embedded_Systems/GIT/LCD/sw/nios2/lcd_bsp/\libhal_bsp.a(alt_exception_entry.o)
                0x0000000010100020                alt_exception
 *(.exceptions.entry.user)
 *(.exceptions.entry.ecc_fatal)
 *(.exceptions.entry)
 .exceptions.entry
                0x0000000010100020       0x54 C:/Users/Lukas/OneDrive/Documents/EPFL/Autumn_16/Embedded_Systems/GIT/LCD/sw/nios2/lcd_bsp/\libhal_bsp.a(alt_exception_entry.o)
 *(.exceptions.irqtest.user)
 *(.exceptions.irqtest)
 .exceptions.irqtest
                0x0000000010100074       0x10 C:/Users/Lukas/OneDrive/Documents/EPFL/Autumn_16/Embedded_Systems/GIT/LCD/sw/nios2/lcd_bsp/\libhal_bsp.a(alt_irq_entry.o)
 *(.exceptions.irqhandler.user)
 *(.exceptions.irqhandler)
 .exceptions.irqhandler
                0x0000000010100084        0x4 C:/Users/Lukas/OneDrive/Documents/EPFL/Autumn_16/Embedded_Systems/GIT/LCD/sw/nios2/lcd_bsp/\libhal_bsp.a(alt_irq_entry.o)
 *(.exceptions.irqreturn.user)
 *(.exceptions.irqreturn)
 .exceptions.irqreturn
                0x0000000010100088        0x4 C:/Users/Lukas/OneDrive/Documents/EPFL/Autumn_16/Embedded_Systems/GIT/LCD/sw/nios2/lcd_bsp/\libhal_bsp.a(alt_irq_entry.o)
 *(.exceptions.notirq.label)
 .exceptions.notirq.label
                0x000000001010008c        0x0 C:/Users/Lukas/OneDrive/Documents/EPFL/Autumn_16/Embedded_Systems/GIT/LCD/sw/nios2/lcd_bsp/\libhal_bsp.a(alt_irq_entry.o)
 *(.exceptions.notirq.user)
 *(.exceptions.notirq)
 .exceptions.notirq
                0x000000001010008c        0x8 C:/Users/Lukas/OneDrive/Documents/EPFL/Autumn_16/Embedded_Systems/GIT/LCD/sw/nios2/lcd_bsp/\libhal_bsp.a(alt_exception_entry.o)
 *(.exceptions.soft.user)
 *(.exceptions.soft)
 *(.exceptions.unknown.user)
 *(.exceptions.unknown)
 .exceptions.unknown
                0x0000000010100094       0x14 C:/Users/Lukas/OneDrive/Documents/EPFL/Autumn_16/Embedded_Systems/GIT/LCD/sw/nios2/lcd_bsp/\libhal_bsp.a(alt_exception_entry.o)
 *(.exceptions.exit.label)
 .exceptions.exit.label
                0x00000000101000a8        0x0 C:/Users/Lukas/OneDrive/Documents/EPFL/Autumn_16/Embedded_Systems/GIT/LCD/sw/nios2/lcd_bsp/\libhal_bsp.a(alt_irq_entry.o)
 .exceptions.exit.label
                0x00000000101000a8        0x0 C:/Users/Lukas/OneDrive/Documents/EPFL/Autumn_16/Embedded_Systems/GIT/LCD/sw/nios2/lcd_bsp/\libhal_bsp.a(alt_exception_entry.o)
 *(.exceptions.exit.user)
 *(.exceptions.exit)
 .exceptions.exit
                0x00000000101000a8       0x54 C:/Users/Lukas/OneDrive/Documents/EPFL/Autumn_16/Embedded_Systems/GIT/LCD/sw/nios2/lcd_bsp/\libhal_bsp.a(alt_exception_entry.o)
 *(.exceptions)
 .exceptions    0x00000000101000fc       0xd4 C:/Users/Lukas/OneDrive/Documents/EPFL/Autumn_16/Embedded_Systems/GIT/LCD/sw/nios2/lcd_bsp/\libhal_bsp.a(alt_irq_handler.o)
                0x00000000101000fc                alt_irq_handler
 .exceptions    0x00000000101001d0       0x74 C:/Users/Lukas/OneDrive/Documents/EPFL/Autumn_16/Embedded_Systems/GIT/LCD/sw/nios2/lcd_bsp/\libhal_bsp.a(alt_instruction_exception_entry.o)
                0x00000000101001d0                alt_instruction_exception_entry
                0x0000000010100244                PROVIDE (__ram_exceptions_end, ABSOLUTE (.))
                0x0000000010100020                PROVIDE (__flash_exceptions_start, LOADADDR (.exceptions))

.text           0x0000000010100244    0x11260
                [!provide]                        PROVIDE (stext, ABSOLUTE (.))
 *(.interp)
 *(.hash)
 *(.dynsym)
 *(.dynstr)
 *(.gnu.version)
 *(.gnu.version_d)
 *(.gnu.version_r)
 *(.rel.init)
 *(.rela.init)
 *(.rel.text .rel.text.* .rel.gnu.linkonce.t.*)
 *(.rela.text .rela.text.* .rela.gnu.linkonce.t.*)
 *(.rel.fini)
 *(.rela.fini)
 *(.rel.rodata .rel.rodata.* .rel.gnu.linkonce.r.*)
 *(.rela.rodata .rela.rodata.* .rela.gnu.linkonce.r.*)
 *(.rel.data .rel.data.* .rel.gnu.linkonce.d.*)
 *(.rela.data .rela.data.* .rela.gnu.linkonce.d.*)
 *(.rel.tdata .rel.tdata.* .rel.gnu.linkonce.td.*)
 *(.rela.tdata .rela.tdata.* .rela.gnu.linkonce.td.*)
 *(.rel.tbss .rel.tbss.* .rel.gnu.linkonce.tb.*)
 *(.rela.tbss .rela.tbss.* .rela.gnu.linkonce.tb.*)
 *(.rel.ctors)
 *(.rela.ctors)
 *(.rel.dtors)
 *(.rela.dtors)
 *(.rel.got)
 *(.rela.got)
 *(.rel.sdata .rel.sdata.* .rel.gnu.linkonce.s.*)
 *(.rela.sdata .rela.sdata.* .rela.gnu.linkonce.s.*)
 *(.rel.sbss .rel.sbss.* .rel.gnu.linkonce.sb.*)
 *(.rela.sbss .rela.sbss.* .rela.gnu.linkonce.sb.*)
 *(.rel.sdata2 .rel.sdata2.* .rel.gnu.linkonce.s2.*)
 *(.rela.sdata2 .rela.sdata2.* .rela.gnu.linkonce.s2.*)
 *(.rel.sbss2 .rel.sbss2.* .rel.gnu.linkonce.sb2.*)
 *(.rela.sbss2 .rela.sbss2.* .rela.gnu.linkonce.sb2.*)
 *(.rel.bss .rel.bss.* .rel.gnu.linkonce.b.*)
 *(.rela.bss .rela.bss.* .rela.gnu.linkonce.b.*)
 *(.rel.plt)
 *(.rela.plt)
 *(.rel.dyn)
 *(.init)
 *(.plt)
 *(.text .stub .text.* .gnu.linkonce.t.*)
 .text          0x0000000010100244       0x4c C:/Users/Lukas/OneDrive/Documents/EPFL/Autumn_16/Embedded_Systems/GIT/LCD/sw/nios2/lcd_bsp//obj/HAL/src/crt0.o
                0x0000000010100244                _start
 .text          0x0000000010100290      0xb8c obj/default/hello_world.o
                0x0000000010100290                ISBUSY
                0x00000000101002d4                LCD_SET_DMA_LENGTH
                0x0000000010100308                LCD_SHOW_FRAME
                0x000000001010033c                RD_LEN
                0x0000000010100364                RD_ADDR
                0x000000001010038c                LCD_WR_REG
                0x00000000101003c0                LCD_WR_DATA
                0x00000000101003f4                LCD_HW_RST
                0x0000000010100424                LCD_SW_RST
                0x0000000010100454                LCD_RD
                0x0000000010100490                LCD_Init
                0x0000000010100834                LCD_Pic
                0x0000000010100954                LCD_Easy
                0x0000000010100a3c                RAM_Init_Pic
                0x0000000010100b78                Load_pics
                0x0000000010100d74                main
 .text          0x0000000010100e1c      0x1b4 c:/altera_lite/16.0/nios2eds/bin/gnu/h-x86_64-mingw32/bin/../lib/gcc/nios2-elf/5.2.0\libgcc.a(lib2-divmod.o)
                0x0000000010100e1c                __divsi3
                0x0000000010100ea0                __modsi3
                0x0000000010100f14                __udivsi3
                0x0000000010100f78                __umodsi3
 .text          0x0000000010100fd0        0x0 c:/altera_lite/16.0/nios2eds/bin/gnu/h-x86_64-mingw32/bin/../lib/gcc/nios2-elf/5.2.0/../../../../../H-x86_64-mingw32/nios2-elf/lib\libc.a(lib_a-assert.o)
 .text.__assert_func
                0x0000000010100fd0       0x68 c:/altera_lite/16.0/nios2eds/bin/gnu/h-x86_64-mingw32/bin/../lib/gcc/nios2-elf/5.2.0/../../../../../H-x86_64-mingw32/nios2-elf/lib\libc.a(lib_a-assert.o)
                0x0000000010100fd0                __assert_func
 .text.__assert
                0x0000000010101038       0x14 c:/altera_lite/16.0/nios2eds/bin/gnu/h-x86_64-mingw32/bin/../lib/gcc/nios2-elf/5.2.0/../../../../../H-x86_64-mingw32/nios2-elf/lib\libc.a(lib_a-assert.o)
                0x0000000010101038                __assert
 .text          0x000000001010104c        0x0 c:/altera_lite/16.0/nios2eds/bin/gnu/h-x86_64-mingw32/bin/../lib/gcc/nios2-elf/5.2.0/../../../../../H-x86_64-mingw32/nios2-elf/lib\libc.a(lib_a-fiprintf.o)
 .text._fiprintf_r
                0x000000001010104c       0x20 c:/altera_lite/16.0/nios2eds/bin/gnu/h-x86_64-mingw32/bin/../lib/gcc/nios2-elf/5.2.0/../../../../../H-x86_64-mingw32/nios2-elf/lib\libc.a(lib_a-fiprintf.o)
                0x000000001010104c                _fiprintf_r
 .text.fiprintf
                0x000000001010106c       0x3c c:/altera_lite/16.0/nios2eds/bin/gnu/h-x86_64-mingw32/bin/../lib/gcc/nios2-elf/5.2.0/../../../../../H-x86_64-mingw32/nios2-elf/lib\libc.a(lib_a-fiprintf.o)
                0x000000001010106c                fiprintf
 .text          0x00000000101010a8        0x0 c:/altera_lite/16.0/nios2eds/bin/gnu/h-x86_64-mingw32/bin/../lib/gcc/nios2-elf/5.2.0/../../../../../H-x86_64-mingw32/nios2-elf/lib\libc.a(lib_a-fopen.o)
 .text._fopen_r
                0x00000000101010a8       0xf4 c:/altera_lite/16.0/nios2eds/bin/gnu/h-x86_64-mingw32/bin/../lib/gcc/nios2-elf/5.2.0/../../../../../H-x86_64-mingw32/nios2-elf/lib\libc.a(lib_a-fopen.o)
                0x00000000101010a8                _fopen_r
 .text.fopen    0x000000001010119c       0x18 c:/altera_lite/16.0/nios2eds/bin/gnu/h-x86_64-mingw32/bin/../lib/gcc/nios2-elf/5.2.0/../../../../../H-x86_64-mingw32/nios2-elf/lib\libc.a(lib_a-fopen.o)
                0x000000001010119c                fopen
 .text          0x00000000101011b4        0x0 c:/altera_lite/16.0/nios2eds/bin/gnu/h-x86_64-mingw32/bin/../lib/gcc/nios2-elf/5.2.0/../../../../../H-x86_64-mingw32/nios2-elf/lib\libc.a(lib_a-fread.o)
 .text._fread_r
                0x00000000101011b4      0x22c c:/altera_lite/16.0/nios2eds/bin/gnu/h-x86_64-mingw32/bin/../lib/gcc/nios2-elf/5.2.0/../../../../../H-x86_64-mingw32/nios2-elf/lib\libc.a(lib_a-fread.o)
                0x00000000101011b4                _fread_r
 .text.fread    0x00000000101013e0       0x34 c:/altera_lite/16.0/nios2eds/bin/gnu/h-x86_64-mingw32/bin/../lib/gcc/nios2-elf/5.2.0/../../../../../H-x86_64-mingw32/nios2-elf/lib\libc.a(lib_a-fread.o)
                0x00000000101013e0                fread
 .text          0x0000000010101414        0x0 c:/altera_lite/16.0/nios2eds/bin/gnu/h-x86_64-mingw32/bin/../lib/gcc/nios2-elf/5.2.0/../../../../../H-x86_64-mingw32/nios2-elf/lib\libc.a(lib_a-freer.o)
 .text._malloc_trim_r
                0x0000000010101414      0x124 c:/altera_lite/16.0/nios2eds/bin/gnu/h-x86_64-mingw32/bin/../lib/gcc/nios2-elf/5.2.0/../../../../../H-x86_64-mingw32/nios2-elf/lib\libc.a(lib_a-freer.o)
                0x0000000010101414                _malloc_trim_r
 .text._free_r  0x0000000010101538      0x310 c:/altera_lite/16.0/nios2eds/bin/gnu/h-x86_64-mingw32/bin/../lib/gcc/nios2-elf/5.2.0/../../../../../H-x86_64-mingw32/nios2-elf/lib\libc.a(lib_a-freer.o)
                0x0000000010101538                _free_r
 .text          0x0000000010101848        0x0 c:/altera_lite/16.0/nios2eds/bin/gnu/h-x86_64-mingw32/bin/../lib/gcc/nios2-elf/5.2.0/../../../../../H-x86_64-mingw32/nios2-elf/lib\libc.a(lib_a-fseek.o)
 .text._fseek_r
                0x0000000010101848        0x4 c:/altera_lite/16.0/nios2eds/bin/gnu/h-x86_64-mingw32/bin/../lib/gcc/nios2-elf/5.2.0/../../../../../H-x86_64-mingw32/nios2-elf/lib\libc.a(lib_a-fseek.o)
                0x0000000010101848                _fseek_r
 .text.fseek    0x000000001010184c       0x1c c:/altera_lite/16.0/nios2eds/bin/gnu/h-x86_64-mingw32/bin/../lib/gcc/nios2-elf/5.2.0/../../../../../H-x86_64-mingw32/nios2-elf/lib\libc.a(lib_a-fseek.o)
                0x000000001010184c                fseek
 .text          0x0000000010101868        0x0 c:/altera_lite/16.0/nios2eds/bin/gnu/h-x86_64-mingw32/bin/../lib/gcc/nios2-elf/5.2.0/../../../../../H-x86_64-mingw32/nios2-elf/lib\libc.a(lib_a-fseeko.o)
 .text._fseeko_r
                0x0000000010101868      0x444 c:/altera_lite/16.0/nios2eds/bin/gnu/h-x86_64-mingw32/bin/../lib/gcc/nios2-elf/5.2.0/../../../../../H-x86_64-mingw32/nios2-elf/lib\libc.a(lib_a-fseeko.o)
                0x0000000010101868                _fseeko_r
 .text.fseeko   0x0000000010101cac       0x1c c:/altera_lite/16.0/nios2eds/bin/gnu/h-x86_64-mingw32/bin/../lib/gcc/nios2-elf/5.2.0/../../../../../H-x86_64-mingw32/nios2-elf/lib\libc.a(lib_a-fseeko.o)
                0x0000000010101cac                fseeko
 .text          0x0000000010101cc8        0x0 c:/altera_lite/16.0/nios2eds/bin/gnu/h-x86_64-mingw32/bin/../lib/gcc/nios2-elf/5.2.0/../../../../../H-x86_64-mingw32/nios2-elf/lib\libc.a(lib_a-fstatr.o)
 .text._fstat_r
                0x0000000010101cc8       0x5c c:/altera_lite/16.0/nios2eds/bin/gnu/h-x86_64-mingw32/bin/../lib/gcc/nios2-elf/5.2.0/../../../../../H-x86_64-mingw32/nios2-elf/lib\libc.a(lib_a-fstatr.o)
                0x0000000010101cc8                _fstat_r
 .text          0x0000000010101d24        0x0 c:/altera_lite/16.0/nios2eds/bin/gnu/h-x86_64-mingw32/bin/../lib/gcc/nios2-elf/5.2.0/../../../../../H-x86_64-mingw32/nios2-elf/lib\libc.a(lib_a-impure.o)
 .text          0x0000000010101d24        0x0 c:/altera_lite/16.0/nios2eds/bin/gnu/h-x86_64-mingw32/bin/../lib/gcc/nios2-elf/5.2.0/../../../../../H-x86_64-mingw32/nios2-elf/lib\libc.a(lib_a-int_errno.o)
 .text          0x0000000010101d24        0x0 c:/altera_lite/16.0/nios2eds/bin/gnu/h-x86_64-mingw32/bin/../lib/gcc/nios2-elf/5.2.0/../../../../../H-x86_64-mingw32/nios2-elf/lib\libc.a(lib_a-makebuf.o)
 .text.__smakebuf_r
                0x0000000010101d24      0x1bc c:/altera_lite/16.0/nios2eds/bin/gnu/h-x86_64-mingw32/bin/../lib/gcc/nios2-elf/5.2.0/../../../../../H-x86_64-mingw32/nios2-elf/lib\libc.a(lib_a-makebuf.o)
                0x0000000010101d24                __smakebuf_r
 .text          0x0000000010101ee0        0x0 c:/altera_lite/16.0/nios2eds/bin/gnu/h-x86_64-mingw32/bin/../lib/gcc/nios2-elf/5.2.0/../../../../../H-x86_64-mingw32/nios2-elf/lib\libc.a(lib_a-mallocr.o)
 .text._malloc_r
                0x0000000010101ee0      0x80c c:/altera_lite/16.0/nios2eds/bin/gnu/h-x86_64-mingw32/bin/../lib/gcc/nios2-elf/5.2.0/../../../../../H-x86_64-mingw32/nios2-elf/lib\libc.a(lib_a-mallocr.o)
                0x0000000010101ee0                _malloc_r
 .text          0x00000000101026ec        0x0 c:/altera_lite/16.0/nios2eds/bin/gnu/h-x86_64-mingw32/bin/../lib/gcc/nios2-elf/5.2.0/../../../../../H-x86_64-mingw32/nios2-elf/lib\libc.a(lib_a-memcpy.o)
 .text.memcpy   0x00000000101026ec      0x148 c:/altera_lite/16.0/nios2eds/bin/gnu/h-x86_64-mingw32/bin/../lib/gcc/nios2-elf/5.2.0/../../../../../H-x86_64-mingw32/nios2-elf/lib\libc.a(lib_a-memcpy.o)
                0x00000000101026ec                memcpy
 .text          0x0000000010102834        0x0 c:/altera_lite/16.0/nios2eds/bin/gnu/h-x86_64-mingw32/bin/../lib/gcc/nios2-elf/5.2.0/../../../../../H-x86_64-mingw32/nios2-elf/lib\libc.a(lib_a-memset.o)
 .text.memset   0x0000000010102834      0x128 c:/altera_lite/16.0/nios2eds/bin/gnu/h-x86_64-mingw32/bin/../lib/gcc/nios2-elf/5.2.0/../../../../../H-x86_64-mingw32/nios2-elf/lib\libc.a(lib_a-memset.o)
                0x0000000010102834                memset
 .text          0x000000001010295c        0x0 c:/altera_lite/16.0/nios2eds/bin/gnu/h-x86_64-mingw32/bin/../lib/gcc/nios2-elf/5.2.0/../../../../../H-x86_64-mingw32/nios2-elf/lib\libc.a(lib_a-openr.o)
 .text._open_r  0x000000001010295c       0x60 c:/altera_lite/16.0/nios2eds/bin/gnu/h-x86_64-mingw32/bin/../lib/gcc/nios2-elf/5.2.0/../../../../../H-x86_64-mingw32/nios2-elf/lib\libc.a(lib_a-openr.o)
                0x000000001010295c                _open_r
 .text          0x00000000101029bc        0x0 c:/altera_lite/16.0/nios2eds/bin/gnu/h-x86_64-mingw32/bin/../lib/gcc/nios2-elf/5.2.0/../../../../../H-x86_64-mingw32/nios2-elf/lib\libc.a(lib_a-printf.o)
 .text._printf_r
                0x00000000101029bc       0x30 c:/altera_lite/16.0/nios2eds/bin/gnu/h-x86_64-mingw32/bin/../lib/gcc/nios2-elf/5.2.0/../../../../../H-x86_64-mingw32/nios2-elf/lib\libc.a(lib_a-printf.o)
                0x00000000101029bc                _printf_r
 .text.printf   0x00000000101029ec       0x3c c:/altera_lite/16.0/nios2eds/bin/gnu/h-x86_64-mingw32/bin/../lib/gcc/nios2-elf/5.2.0/../../../../../H-x86_64-mingw32/nios2-elf/lib\libc.a(lib_a-printf.o)
                0x00000000101029ec                printf
 .text          0x0000000010102a28        0x0 c:/altera_lite/16.0/nios2eds/bin/gnu/h-x86_64-mingw32/bin/../lib/gcc/nios2-elf/5.2.0/../../../../../H-x86_64-mingw32/nios2-elf/lib\libc.a(lib_a-puts.o)
 .text._puts_r  0x0000000010102a28       0xc0 c:/altera_lite/16.0/nios2eds/bin/gnu/h-x86_64-mingw32/bin/../lib/gcc/nios2-elf/5.2.0/../../../../../H-x86_64-mingw32/nios2-elf/lib\libc.a(lib_a-puts.o)
                0x0000000010102a28                _puts_r
 .text.puts     0x0000000010102ae8       0x14 c:/altera_lite/16.0/nios2eds/bin/gnu/h-x86_64-mingw32/bin/../lib/gcc/nios2-elf/5.2.0/../../../../../H-x86_64-mingw32/nios2-elf/lib\libc.a(lib_a-puts.o)
                0x0000000010102ae8                puts
 .text          0x0000000010102afc        0x0 c:/altera_lite/16.0/nios2eds/bin/gnu/h-x86_64-mingw32/bin/../lib/gcc/nios2-elf/5.2.0/../../../../../H-x86_64-mingw32/nios2-elf/lib\libc.a(lib_a-refill.o)
 .text.lflush   0x0000000010102afc       0x1c c:/altera_lite/16.0/nios2eds/bin/gnu/h-x86_64-mingw32/bin/../lib/gcc/nios2-elf/5.2.0/../../../../../H-x86_64-mingw32/nios2-elf/lib\libc.a(lib_a-refill.o)
 .text.__srefill_r
                0x0000000010102b18      0x1d4 c:/altera_lite/16.0/nios2eds/bin/gnu/h-x86_64-mingw32/bin/../lib/gcc/nios2-elf/5.2.0/../../../../../H-x86_64-mingw32/nios2-elf/lib\libc.a(lib_a-refill.o)
                0x0000000010102b18                __srefill_r
 .text          0x0000000010102cec        0x0 c:/altera_lite/16.0/nios2eds/bin/gnu/h-x86_64-mingw32/bin/../lib/gcc/nios2-elf/5.2.0/../../../../../H-x86_64-mingw32/nios2-elf/lib\libc.a(lib_a-sbrkr.o)
 .text._sbrk_r  0x0000000010102cec       0x54 c:/altera_lite/16.0/nios2eds/bin/gnu/h-x86_64-mingw32/bin/../lib/gcc/nios2-elf/5.2.0/../../../../../H-x86_64-mingw32/nios2-elf/lib\libc.a(lib_a-sbrkr.o)
                0x0000000010102cec                _sbrk_r
 .text          0x0000000010102d40        0x0 c:/altera_lite/16.0/nios2eds/bin/gnu/h-x86_64-mingw32/bin/../lib/gcc/nios2-elf/5.2.0/../../../../../H-x86_64-mingw32/nios2-elf/lib\libc.a(lib_a-stdio.o)
 .text.__sread  0x0000000010102d40       0x54 c:/altera_lite/16.0/nios2eds/bin/gnu/h-x86_64-mingw32/bin/../lib/gcc/nios2-elf/5.2.0/../../../../../H-x86_64-mingw32/nios2-elf/lib\libc.a(lib_a-stdio.o)
                0x0000000010102d40                __sread
 .text.__seofread
                0x0000000010102d94        0x8 c:/altera_lite/16.0/nios2eds/bin/gnu/h-x86_64-mingw32/bin/../lib/gcc/nios2-elf/5.2.0/../../../../../H-x86_64-mingw32/nios2-elf/lib\libc.a(lib_a-stdio.o)
                0x0000000010102d94                __seofread
 .text.__swrite
                0x0000000010102d9c       0x7c c:/altera_lite/16.0/nios2eds/bin/gnu/h-x86_64-mingw32/bin/../lib/gcc/nios2-elf/5.2.0/../../../../../H-x86_64-mingw32/nios2-elf/lib\libc.a(lib_a-stdio.o)
                0x0000000010102d9c                __swrite
 .text.__sseek  0x0000000010102e18       0x5c c:/altera_lite/16.0/nios2eds/bin/gnu/h-x86_64-mingw32/bin/../lib/gcc/nios2-elf/5.2.0/../../../../../H-x86_64-mingw32/nios2-elf/lib\libc.a(lib_a-stdio.o)
                0x0000000010102e18                __sseek
 .text.__sclose
                0x0000000010102e74        0x8 c:/altera_lite/16.0/nios2eds/bin/gnu/h-x86_64-mingw32/bin/../lib/gcc/nios2-elf/5.2.0/../../../../../H-x86_64-mingw32/nios2-elf/lib\libc.a(lib_a-stdio.o)
                0x0000000010102e74                __sclose
 .text          0x0000000010102e7c        0x0 c:/altera_lite/16.0/nios2eds/bin/gnu/h-x86_64-mingw32/bin/../lib/gcc/nios2-elf/5.2.0/../../../../../H-x86_64-mingw32/nios2-elf/lib\libc.a(lib_a-strlen.o)
 .text.strlen   0x0000000010102e7c       0x98 c:/altera_lite/16.0/nios2eds/bin/gnu/h-x86_64-mingw32/bin/../lib/gcc/nios2-elf/5.2.0/../../../../../H-x86_64-mingw32/nios2-elf/lib\libc.a(lib_a-strlen.o)
                0x0000000010102e7c                strlen
 .text          0x0000000010102f14        0x0 c:/altera_lite/16.0/nios2eds/bin/gnu/h-x86_64-mingw32/bin/../lib/gcc/nios2-elf/5.2.0/../../../../../H-x86_64-mingw32/nios2-elf/lib\libc.a(lib_a-vfiprintfr_1.o)
 .text._vfiprintf_r
                0x0000000010102f14       0x18 c:/altera_lite/16.0/nios2eds/bin/gnu/h-x86_64-mingw32/bin/../lib/gcc/nios2-elf/5.2.0/../../../../../H-x86_64-mingw32/nios2-elf/lib\libc.a(lib_a-vfiprintfr_1.o)
                0x0000000010102f14                _vfiprintf_r
 .text          0x0000000010102f2c        0x0 c:/altera_lite/16.0/nios2eds/bin/gnu/h-x86_64-mingw32/bin/../lib/gcc/nios2-elf/5.2.0/../../../../../H-x86_64-mingw32/nios2-elf/lib\libc.a(lib_a-vfprintf.o)
 .text.___vfprintf_internal_r
                0x0000000010102f2c     0x21f8 c:/altera_lite/16.0/nios2eds/bin/gnu/h-x86_64-mingw32/bin/../lib/gcc/nios2-elf/5.2.0/../../../../../H-x86_64-mingw32/nios2-elf/lib\libc.a(lib_a-vfprintf.o)
                0x0000000010102f2c                ___vfprintf_internal_r
 .text.__vfprintf_internal
                0x0000000010105124       0x1c c:/altera_lite/16.0/nios2eds/bin/gnu/h-x86_64-mingw32/bin/../lib/gcc/nios2-elf/5.2.0/../../../../../H-x86_64-mingw32/nios2-elf/lib\libc.a(lib_a-vfprintf.o)
                0x0000000010105124                __vfprintf_internal
 .text.__sbprintf
                0x0000000010105140       0xbc c:/altera_lite/16.0/nios2eds/bin/gnu/h-x86_64-mingw32/bin/../lib/gcc/nios2-elf/5.2.0/../../../../../H-x86_64-mingw32/nios2-elf/lib\libc.a(lib_a-vfprintf.o)
 .text          0x00000000101051fc        0x0 c:/altera_lite/16.0/nios2eds/bin/gnu/h-x86_64-mingw32/bin/../lib/gcc/nios2-elf/5.2.0/../../../../../H-x86_64-mingw32/nios2-elf/lib\libc.a(lib_a-writer.o)
 .text._write_r
                0x00000000101051fc       0x60 c:/altera_lite/16.0/nios2eds/bin/gnu/h-x86_64-mingw32/bin/../lib/gcc/nios2-elf/5.2.0/../../../../../H-x86_64-mingw32/nios2-elf/lib\libc.a(lib_a-writer.o)
                0x00000000101051fc                _write_r
 .text          0x000000001010525c        0x0 c:/altera_lite/16.0/nios2eds/bin/gnu/h-x86_64-mingw32/bin/../lib/gcc/nios2-elf/5.2.0/../../../../../H-x86_64-mingw32/nios2-elf/lib\libc.a(lib_a-wsetup.o)
 .text.__swsetup_r
                0x000000001010525c      0x154 c:/altera_lite/16.0/nios2eds/bin/gnu/h-x86_64-mingw32/bin/../lib/gcc/nios2-elf/5.2.0/../../../../../H-x86_64-mingw32/nios2-elf/lib\libc.a(lib_a-wsetup.o)
                0x000000001010525c                __swsetup_r
 .text          0x00000000101053b0        0x0 c:/altera_lite/16.0/nios2eds/bin/gnu/h-x86_64-mingw32/bin/../lib/gcc/nios2-elf/5.2.0/../../../../../H-x86_64-mingw32/nios2-elf/lib\libc.a(closer.o)
 .text._close_r
                0x00000000101053b0       0x54 c:/altera_lite/16.0/nios2eds/bin/gnu/h-x86_64-mingw32/bin/../lib/gcc/nios2-elf/5.2.0/../../../../../H-x86_64-mingw32/nios2-elf/lib\libc.a(closer.o)
                0x00000000101053b0                _close_r
 .text          0x0000000010105404        0x0 c:/altera_lite/16.0/nios2eds/bin/gnu/h-x86_64-mingw32/bin/../lib/gcc/nios2-elf/5.2.0/../../../../../H-x86_64-mingw32/nios2-elf/lib\libc.a(lib_a-abort.o)
 .text.abort    0x0000000010105404       0x18 c:/altera_lite/16.0/nios2eds/bin/gnu/h-x86_64-mingw32/bin/../lib/gcc/nios2-elf/5.2.0/../../../../../H-x86_64-mingw32/nios2-elf/lib\libc.a(lib_a-abort.o)
                0x0000000010105404                abort
 .text          0x000000001010541c        0x0 c:/altera_lite/16.0/nios2eds/bin/gnu/h-x86_64-mingw32/bin/../lib/gcc/nios2-elf/5.2.0/../../../../../H-x86_64-mingw32/nios2-elf/lib\libc.a(lib_a-dtoa.o)
 .text.quorem   0x000000001010541c      0x200 c:/altera_lite/16.0/nios2eds/bin/gnu/h-x86_64-mingw32/bin/../lib/gcc/nios2-elf/5.2.0/../../../../../H-x86_64-mingw32/nios2-elf/lib\libc.a(lib_a-dtoa.o)
 .text._dtoa_r  0x000000001010561c     0x1688 c:/altera_lite/16.0/nios2eds/bin/gnu/h-x86_64-mingw32/bin/../lib/gcc/nios2-elf/5.2.0/../../../../../H-x86_64-mingw32/nios2-elf/lib\libc.a(lib_a-dtoa.o)
                0x000000001010561c                _dtoa_r
 .text          0x0000000010106ca4        0x0 c:/altera_lite/16.0/nios2eds/bin/gnu/h-x86_64-mingw32/bin/../lib/gcc/nios2-elf/5.2.0/../../../../../H-x86_64-mingw32/nios2-elf/lib\libc.a(lib_a-fflush.o)
 .text.__sflush_r
                0x0000000010106ca4      0x21c c:/altera_lite/16.0/nios2eds/bin/gnu/h-x86_64-mingw32/bin/../lib/gcc/nios2-elf/5.2.0/../../../../../H-x86_64-mingw32/nios2-elf/lib\libc.a(lib_a-fflush.o)
                0x0000000010106ca4                __sflush_r
 .text._fflush_r
                0x0000000010106ec0       0x5c c:/altera_lite/16.0/nios2eds/bin/gnu/h-x86_64-mingw32/bin/../lib/gcc/nios2-elf/5.2.0/../../../../../H-x86_64-mingw32/nios2-elf/lib\libc.a(lib_a-fflush.o)
                0x0000000010106ec0                _fflush_r
 .text.fflush   0x0000000010106f1c       0x30 c:/altera_lite/16.0/nios2eds/bin/gnu/h-x86_64-mingw32/bin/../lib/gcc/nios2-elf/5.2.0/../../../../../H-x86_64-mingw32/nios2-elf/lib\libc.a(lib_a-fflush.o)
                0x0000000010106f1c                fflush
 .text          0x0000000010106f4c        0x0 c:/altera_lite/16.0/nios2eds/bin/gnu/h-x86_64-mingw32/bin/../lib/gcc/nios2-elf/5.2.0/../../../../../H-x86_64-mingw32/nios2-elf/lib\libc.a(lib_a-findfp.o)
 .text.__fp_unlock
                0x0000000010106f4c        0x8 c:/altera_lite/16.0/nios2eds/bin/gnu/h-x86_64-mingw32/bin/../lib/gcc/nios2-elf/5.2.0/../../../../../H-x86_64-mingw32/nios2-elf/lib\libc.a(lib_a-findfp.o)
 .text._cleanup_r
                0x0000000010106f54        0xc c:/altera_lite/16.0/nios2eds/bin/gnu/h-x86_64-mingw32/bin/../lib/gcc/nios2-elf/5.2.0/../../../../../H-x86_64-mingw32/nios2-elf/lib\libc.a(lib_a-findfp.o)
                0x0000000010106f54                _cleanup_r
 .text.__sinit.part.1
                0x0000000010106f60      0x19c c:/altera_lite/16.0/nios2eds/bin/gnu/h-x86_64-mingw32/bin/../lib/gcc/nios2-elf/5.2.0/../../../../../H-x86_64-mingw32/nios2-elf/lib\libc.a(lib_a-findfp.o)
 .text.__fp_lock
                0x00000000101070fc        0x8 c:/altera_lite/16.0/nios2eds/bin/gnu/h-x86_64-mingw32/bin/../lib/gcc/nios2-elf/5.2.0/../../../../../H-x86_64-mingw32/nios2-elf/lib\libc.a(lib_a-findfp.o)
 .text.__sfmoreglue
                0x0000000010107104       0x68 c:/altera_lite/16.0/nios2eds/bin/gnu/h-x86_64-mingw32/bin/../lib/gcc/nios2-elf/5.2.0/../../../../../H-x86_64-mingw32/nios2-elf/lib\libc.a(lib_a-findfp.o)
                0x0000000010107104                __sfmoreglue
 .text.__sfp    0x000000001010716c      0x118 c:/altera_lite/16.0/nios2eds/bin/gnu/h-x86_64-mingw32/bin/../lib/gcc/nios2-elf/5.2.0/../../../../../H-x86_64-mingw32/nios2-elf/lib\libc.a(lib_a-findfp.o)
                0x000000001010716c                __sfp
 .text._cleanup
                0x0000000010107284       0x18 c:/altera_lite/16.0/nios2eds/bin/gnu/h-x86_64-mingw32/bin/../lib/gcc/nios2-elf/5.2.0/../../../../../H-x86_64-mingw32/nios2-elf/lib\libc.a(lib_a-findfp.o)
                0x0000000010107284                _cleanup
 .text.__sinit  0x000000001010729c       0x10 c:/altera_lite/16.0/nios2eds/bin/gnu/h-x86_64-mingw32/bin/../lib/gcc/nios2-elf/5.2.0/../../../../../H-x86_64-mingw32/nios2-elf/lib\libc.a(lib_a-findfp.o)
                0x000000001010729c                __sinit
 .text.__sfp_lock_acquire
                0x00000000101072ac        0x4 c:/altera_lite/16.0/nios2eds/bin/gnu/h-x86_64-mingw32/bin/../lib/gcc/nios2-elf/5.2.0/../../../../../H-x86_64-mingw32/nios2-elf/lib\libc.a(lib_a-findfp.o)
                0x00000000101072ac                __sfp_lock_acquire
 .text.__sfp_lock_release
                0x00000000101072b0        0x4 c:/altera_lite/16.0/nios2eds/bin/gnu/h-x86_64-mingw32/bin/../lib/gcc/nios2-elf/5.2.0/../../../../../H-x86_64-mingw32/nios2-elf/lib\libc.a(lib_a-findfp.o)
                0x00000000101072b0                __sfp_lock_release
 .text.__sinit_lock_acquire
                0x00000000101072b4        0x4 c:/altera_lite/16.0/nios2eds/bin/gnu/h-x86_64-mingw32/bin/../lib/gcc/nios2-elf/5.2.0/../../../../../H-x86_64-mingw32/nios2-elf/lib\libc.a(lib_a-findfp.o)
                0x00000000101072b4                __sinit_lock_acquire
 .text.__sinit_lock_release
                0x00000000101072b8        0x4 c:/altera_lite/16.0/nios2eds/bin/gnu/h-x86_64-mingw32/bin/../lib/gcc/nios2-elf/5.2.0/../../../../../H-x86_64-mingw32/nios2-elf/lib\libc.a(lib_a-findfp.o)
                0x00000000101072b8                __sinit_lock_release
 .text.__fp_lock_all
                0x00000000101072bc       0x18 c:/altera_lite/16.0/nios2eds/bin/gnu/h-x86_64-mingw32/bin/../lib/gcc/nios2-elf/5.2.0/../../../../../H-x86_64-mingw32/nios2-elf/lib\libc.a(lib_a-findfp.o)
                0x00000000101072bc                __fp_lock_all
 .text.__fp_unlock_all
                0x00000000101072d4       0x18 c:/altera_lite/16.0/nios2eds/bin/gnu/h-x86_64-mingw32/bin/../lib/gcc/nios2-elf/5.2.0/../../../../../H-x86_64-mingw32/nios2-elf/lib\libc.a(lib_a-findfp.o)
                0x00000000101072d4                __fp_unlock_all
 .text          0x00000000101072ec        0x0 c:/altera_lite/16.0/nios2eds/bin/gnu/h-x86_64-mingw32/bin/../lib/gcc/nios2-elf/5.2.0/../../../../../H-x86_64-mingw32/nios2-elf/lib\libc.a(lib_a-flags.o)
 .text.__sflags
                0x00000000101072ec       0xac c:/altera_lite/16.0/nios2eds/bin/gnu/h-x86_64-mingw32/bin/../lib/gcc/nios2-elf/5.2.0/../../../../../H-x86_64-mingw32/nios2-elf/lib\libc.a(lib_a-flags.o)
                0x00000000101072ec                __sflags
 .text          0x0000000010107398        0x0 c:/altera_lite/16.0/nios2eds/bin/gnu/h-x86_64-mingw32/bin/../lib/gcc/nios2-elf/5.2.0/../../../../../H-x86_64-mingw32/nios2-elf/lib\libc.a(lib_a-fvwrite.o)
 .text.__sfvwrite_r
                0x0000000010107398      0x4bc c:/altera_lite/16.0/nios2eds/bin/gnu/h-x86_64-mingw32/bin/../lib/gcc/nios2-elf/5.2.0/../../../../../H-x86_64-mingw32/nios2-elf/lib\libc.a(lib_a-fvwrite.o)
                0x0000000010107398                __sfvwrite_r
 .text          0x0000000010107854        0x0 c:/altera_lite/16.0/nios2eds/bin/gnu/h-x86_64-mingw32/bin/../lib/gcc/nios2-elf/5.2.0/../../../../../H-x86_64-mingw32/nios2-elf/lib\libc.a(lib_a-fwalk.o)
 .text._fwalk   0x0000000010107854       0xc4 c:/altera_lite/16.0/nios2eds/bin/gnu/h-x86_64-mingw32/bin/../lib/gcc/nios2-elf/5.2.0/../../../../../H-x86_64-mingw32/nios2-elf/lib\libc.a(lib_a-fwalk.o)
                0x0000000010107854                _fwalk
 .text._fwalk_reent
                0x0000000010107918       0xc4 c:/altera_lite/16.0/nios2eds/bin/gnu/h-x86_64-mingw32/bin/../lib/gcc/nios2-elf/5.2.0/../../../../../H-x86_64-mingw32/nios2-elf/lib\libc.a(lib_a-fwalk.o)
                0x0000000010107918                _fwalk_reent
 .text          0x00000000101079dc        0x0 c:/altera_lite/16.0/nios2eds/bin/gnu/h-x86_64-mingw32/bin/../lib/gcc/nios2-elf/5.2.0/../../../../../H-x86_64-mingw32/nios2-elf/lib\libc.a(lib_a-isattyr.o)
 .text._isatty_r
                0x00000000101079dc       0x54 c:/altera_lite/16.0/nios2eds/bin/gnu/h-x86_64-mingw32/bin/../lib/gcc/nios2-elf/5.2.0/../../../../../H-x86_64-mingw32/nios2-elf/lib\libc.a(lib_a-isattyr.o)
                0x00000000101079dc                _isatty_r
 .text          0x0000000010107a30        0x0 c:/altera_lite/16.0/nios2eds/bin/gnu/h-x86_64-mingw32/bin/../lib/gcc/nios2-elf/5.2.0/../../../../../H-x86_64-mingw32/nios2-elf/lib\libc.a(lib_a-locale.o)
 .text._setlocale_r
                0x0000000010107a30       0x7c c:/altera_lite/16.0/nios2eds/bin/gnu/h-x86_64-mingw32/bin/../lib/gcc/nios2-elf/5.2.0/../../../../../H-x86_64-mingw32/nios2-elf/lib\libc.a(lib_a-locale.o)
                0x0000000010107a30                _setlocale_r
 .text.__locale_charset
                0x0000000010107aac        0xc c:/altera_lite/16.0/nios2eds/bin/gnu/h-x86_64-mingw32/bin/../lib/gcc/nios2-elf/5.2.0/../../../../../H-x86_64-mingw32/nios2-elf/lib\libc.a(lib_a-locale.o)
                0x0000000010107aac                __locale_charset
 .text.__locale_mb_cur_max
                0x0000000010107ab8       0x10 c:/altera_lite/16.0/nios2eds/bin/gnu/h-x86_64-mingw32/bin/../lib/gcc/nios2-elf/5.2.0/../../../../../H-x86_64-mingw32/nios2-elf/lib\libc.a(lib_a-locale.o)
                0x0000000010107ab8                __locale_mb_cur_max
 .text.__locale_msgcharset
                0x0000000010107ac8        0xc c:/altera_lite/16.0/nios2eds/bin/gnu/h-x86_64-mingw32/bin/../lib/gcc/nios2-elf/5.2.0/../../../../../H-x86_64-mingw32/nios2-elf/lib\libc.a(lib_a-locale.o)
                0x0000000010107ac8                __locale_msgcharset
 .text.__locale_cjk_lang
                0x0000000010107ad4        0x8 c:/altera_lite/16.0/nios2eds/bin/gnu/h-x86_64-mingw32/bin/../lib/gcc/nios2-elf/5.2.0/../../../../../H-x86_64-mingw32/nios2-elf/lib\libc.a(lib_a-locale.o)
                0x0000000010107ad4                __locale_cjk_lang
 .text._localeconv_r
                0x0000000010107adc        0xc c:/altera_lite/16.0/nios2eds/bin/gnu/h-x86_64-mingw32/bin/../lib/gcc/nios2-elf/5.2.0/../../../../../H-x86_64-mingw32/nios2-elf/lib\libc.a(lib_a-locale.o)
                0x0000000010107adc                _localeconv_r
 .text.setlocale
                0x0000000010107ae8       0x18 c:/altera_lite/16.0/nios2eds/bin/gnu/h-x86_64-mingw32/bin/../lib/gcc/nios2-elf/5.2.0/../../../../../H-x86_64-mingw32/nios2-elf/lib\libc.a(lib_a-locale.o)
                0x0000000010107ae8                setlocale
 .text.localeconv
                0x0000000010107b00        0xc c:/altera_lite/16.0/nios2eds/bin/gnu/h-x86_64-mingw32/bin/../lib/gcc/nios2-elf/5.2.0/../../../../../H-x86_64-mingw32/nios2-elf/lib\libc.a(lib_a-locale.o)
                0x0000000010107b00                localeconv
 .text          0x0000000010107b0c        0x0 c:/altera_lite/16.0/nios2eds/bin/gnu/h-x86_64-mingw32/bin/../lib/gcc/nios2-elf/5.2.0/../../../../../H-x86_64-mingw32/nios2-elf/lib\libc.a(lib_a-lseekr.o)
 .text._lseek_r
                0x0000000010107b0c       0x60 c:/altera_lite/16.0/nios2eds/bin/gnu/h-x86_64-mingw32/bin/../lib/gcc/nios2-elf/5.2.0/../../../../../H-x86_64-mingw32/nios2-elf/lib\libc.a(lib_a-lseekr.o)
                0x0000000010107b0c                _lseek_r
 .text          0x0000000010107b6c        0x0 c:/altera_lite/16.0/nios2eds/bin/gnu/h-x86_64-mingw32/bin/../lib/gcc/nios2-elf/5.2.0/../../../../../H-x86_64-mingw32/nios2-elf/lib\libc.a(lib_a-memchr.o)
 .text.memchr   0x0000000010107b6c       0xe4 c:/altera_lite/16.0/nios2eds/bin/gnu/h-x86_64-mingw32/bin/../lib/gcc/nios2-elf/5.2.0/../../../../../H-x86_64-mingw32/nios2-elf/lib\libc.a(lib_a-memchr.o)
                0x0000000010107b6c                memchr
 .text          0x0000000010107c50        0x0 c:/altera_lite/16.0/nios2eds/bin/gnu/h-x86_64-mingw32/bin/../lib/gcc/nios2-elf/5.2.0/../../../../../H-x86_64-mingw32/nios2-elf/lib\libc.a(lib_a-memmove.o)
 .text.memmove  0x0000000010107c50      0x15c c:/altera_lite/16.0/nios2eds/bin/gnu/h-x86_64-mingw32/bin/../lib/gcc/nios2-elf/5.2.0/../../../../../H-x86_64-mingw32/nios2-elf/lib\libc.a(lib_a-memmove.o)
                0x0000000010107c50                memmove
 .text          0x0000000010107dac        0x0 c:/altera_lite/16.0/nios2eds/bin/gnu/h-x86_64-mingw32/bin/../lib/gcc/nios2-elf/5.2.0/../../../../../H-x86_64-mingw32/nios2-elf/lib\libc.a(lib_a-mprec.o)
 .text._Balloc  0x0000000010107dac       0xa8 c:/altera_lite/16.0/nios2eds/bin/gnu/h-x86_64-mingw32/bin/../lib/gcc/nios2-elf/5.2.0/../../../../../H-x86_64-mingw32/nios2-elf/lib\libc.a(lib_a-mprec.o)
                0x0000000010107dac                _Balloc
 .text._Bfree   0x0000000010107e54       0x28 c:/altera_lite/16.0/nios2eds/bin/gnu/h-x86_64-mingw32/bin/../lib/gcc/nios2-elf/5.2.0/../../../../../H-x86_64-mingw32/nios2-elf/lib\libc.a(lib_a-mprec.o)
                0x0000000010107e54                _Bfree
 .text.__multadd
                0x0000000010107e7c      0x120 c:/altera_lite/16.0/nios2eds/bin/gnu/h-x86_64-mingw32/bin/../lib/gcc/nios2-elf/5.2.0/../../../../../H-x86_64-mingw32/nios2-elf/lib\libc.a(lib_a-mprec.o)
                0x0000000010107e7c                __multadd
 .text.__s2b    0x0000000010107f9c      0x104 c:/altera_lite/16.0/nios2eds/bin/gnu/h-x86_64-mingw32/bin/../lib/gcc/nios2-elf/5.2.0/../../../../../H-x86_64-mingw32/nios2-elf/lib\libc.a(lib_a-mprec.o)
                0x0000000010107f9c                __s2b
 .text.__hi0bits
                0x00000000101080a0       0x68 c:/altera_lite/16.0/nios2eds/bin/gnu/h-x86_64-mingw32/bin/../lib/gcc/nios2-elf/5.2.0/../../../../../H-x86_64-mingw32/nios2-elf/lib\libc.a(lib_a-mprec.o)
                0x00000000101080a0                __hi0bits
 .text.__lo0bits
                0x0000000010108108       0xb0 c:/altera_lite/16.0/nios2eds/bin/gnu/h-x86_64-mingw32/bin/../lib/gcc/nios2-elf/5.2.0/../../../../../H-x86_64-mingw32/nios2-elf/lib\libc.a(lib_a-mprec.o)
                0x0000000010108108                __lo0bits
 .text.__i2b    0x00000000101081b8       0x3c c:/altera_lite/16.0/nios2eds/bin/gnu/h-x86_64-mingw32/bin/../lib/gcc/nios2-elf/5.2.0/../../../../../H-x86_64-mingw32/nios2-elf/lib\libc.a(lib_a-mprec.o)
                0x00000000101081b8                __i2b
 .text.__multiply
                0x00000000101081f4      0x1f8 c:/altera_lite/16.0/nios2eds/bin/gnu/h-x86_64-mingw32/bin/../lib/gcc/nios2-elf/5.2.0/../../../../../H-x86_64-mingw32/nios2-elf/lib\libc.a(lib_a-mprec.o)
                0x00000000101081f4                __multiply
 .text.__pow5mult
                0x00000000101083ec      0x140 c:/altera_lite/16.0/nios2eds/bin/gnu/h-x86_64-mingw32/bin/../lib/gcc/nios2-elf/5.2.0/../../../../../H-x86_64-mingw32/nios2-elf/lib\libc.a(lib_a-mprec.o)
                0x00000000101083ec                __pow5mult
 .text.__lshift
                0x000000001010852c      0x148 c:/altera_lite/16.0/nios2eds/bin/gnu/h-x86_64-mingw32/bin/../lib/gcc/nios2-elf/5.2.0/../../../../../H-x86_64-mingw32/nios2-elf/lib\libc.a(lib_a-mprec.o)
                0x000000001010852c                __lshift
 .text.__mcmp   0x0000000010108674       0x60 c:/altera_lite/16.0/nios2eds/bin/gnu/h-x86_64-mingw32/bin/../lib/gcc/nios2-elf/5.2.0/../../../../../H-x86_64-mingw32/nios2-elf/lib\libc.a(lib_a-mprec.o)
                0x0000000010108674                __mcmp
 .text.__mdiff  0x00000000101086d4      0x1fc c:/altera_lite/16.0/nios2eds/bin/gnu/h-x86_64-mingw32/bin/../lib/gcc/nios2-elf/5.2.0/../../../../../H-x86_64-mingw32/nios2-elf/lib\libc.a(lib_a-mprec.o)
                0x00000000101086d4                __mdiff
 .text.__ulp    0x00000000101088d0       0x64 c:/altera_lite/16.0/nios2eds/bin/gnu/h-x86_64-mingw32/bin/../lib/gcc/nios2-elf/5.2.0/../../../../../H-x86_64-mingw32/nios2-elf/lib\libc.a(lib_a-mprec.o)
                0x00000000101088d0                __ulp
 .text.__b2d    0x0000000010108934      0x10c c:/altera_lite/16.0/nios2eds/bin/gnu/h-x86_64-mingw32/bin/../lib/gcc/nios2-elf/5.2.0/../../../../../H-x86_64-mingw32/nios2-elf/lib\libc.a(lib_a-mprec.o)
                0x0000000010108934                __b2d
 .text.__d2b    0x0000000010108a40      0x14c c:/altera_lite/16.0/nios2eds/bin/gnu/h-x86_64-mingw32/bin/../lib/gcc/nios2-elf/5.2.0/../../../../../H-x86_64-mingw32/nios2-elf/lib\libc.a(lib_a-mprec.o)
                0x0000000010108a40                __d2b
 .text.__ratio  0x0000000010108b8c       0xa4 c:/altera_lite/16.0/nios2eds/bin/gnu/h-x86_64-mingw32/bin/../lib/gcc/nios2-elf/5.2.0/../../../../../H-x86_64-mingw32/nios2-elf/lib\libc.a(lib_a-mprec.o)
                0x0000000010108b8c                __ratio
 .text._mprec_log10
                0x0000000010108c30       0x74 c:/altera_lite/16.0/nios2eds/bin/gnu/h-x86_64-mingw32/bin/../lib/gcc/nios2-elf/5.2.0/../../../../../H-x86_64-mingw32/nios2-elf/lib\libc.a(lib_a-mprec.o)
                0x0000000010108c30                _mprec_log10
 .text.__copybits
                0x0000000010108ca4       0x78 c:/altera_lite/16.0/nios2eds/bin/gnu/h-x86_64-mingw32/bin/../lib/gcc/nios2-elf/5.2.0/../../../../../H-x86_64-mingw32/nios2-elf/lib\libc.a(lib_a-mprec.o)
                0x0000000010108ca4                __copybits
 .text.__any_on
                0x0000000010108d1c       0x8c c:/altera_lite/16.0/nios2eds/bin/gnu/h-x86_64-mingw32/bin/../lib/gcc/nios2-elf/5.2.0/../../../../../H-x86_64-mingw32/nios2-elf/lib\libc.a(lib_a-mprec.o)
                0x0000000010108d1c                __any_on
 .text          0x0000000010108da8        0x0 c:/altera_lite/16.0/nios2eds/bin/gnu/h-x86_64-mingw32/bin/../lib/gcc/nios2-elf/5.2.0/../../../../../H-x86_64-mingw32/nios2-elf/lib\libc.a(lib_a-readr.o)
 .text._read_r  0x0000000010108da8       0x60 c:/altera_lite/16.0/nios2eds/bin/gnu/h-x86_64-mingw32/bin/../lib/gcc/nios2-elf/5.2.0/../../../../../H-x86_64-mingw32/nios2-elf/lib\libc.a(lib_a-readr.o)
                0x0000000010108da8                _read_r
 .text          0x0000000010108e08        0x0 c:/altera_lite/16.0/nios2eds/bin/gnu/h-x86_64-mingw32/bin/../lib/gcc/nios2-elf/5.2.0/../../../../../H-x86_64-mingw32/nios2-elf/lib\libc.a(lib_a-reallocr.o)
 .text._realloc_r
                0x0000000010108e08      0x564 c:/altera_lite/16.0/nios2eds/bin/gnu/h-x86_64-mingw32/bin/../lib/gcc/nios2-elf/5.2.0/../../../../../H-x86_64-mingw32/nios2-elf/lib\libc.a(lib_a-reallocr.o)
                0x0000000010108e08                _realloc_r
 .text          0x000000001010936c        0x0 c:/altera_lite/16.0/nios2eds/bin/gnu/h-x86_64-mingw32/bin/../lib/gcc/nios2-elf/5.2.0/../../../../../H-x86_64-mingw32/nios2-elf/lib\libc.a(lib_a-s_fpclassify.o)
 .text.__fpclassifyd
                0x000000001010936c       0x74 c:/altera_lite/16.0/nios2eds/bin/gnu/h-x86_64-mingw32/bin/../lib/gcc/nios2-elf/5.2.0/../../../../../H-x86_64-mingw32/nios2-elf/lib\libc.a(lib_a-s_fpclassify.o)
                0x000000001010936c                __fpclassifyd
 .text          0x00000000101093e0        0x0 c:/altera_lite/16.0/nios2eds/bin/gnu/h-x86_64-mingw32/bin/../lib/gcc/nios2-elf/5.2.0/../../../../../H-x86_64-mingw32/nios2-elf/lib\libc.a(lib_a-signal.o)
 .text._init_signal_r
                0x00000000101093e0       0x6c c:/altera_lite/16.0/nios2eds/bin/gnu/h-x86_64-mingw32/bin/../lib/gcc/nios2-elf/5.2.0/../../../../../H-x86_64-mingw32/nios2-elf/lib\libc.a(lib_a-signal.o)
                0x00000000101093e0                _init_signal_r
 .text._signal_r
                0x000000001010944c       0x84 c:/altera_lite/16.0/nios2eds/bin/gnu/h-x86_64-mingw32/bin/../lib/gcc/nios2-elf/5.2.0/../../../../../H-x86_64-mingw32/nios2-elf/lib\libc.a(lib_a-signal.o)
                0x000000001010944c                _signal_r
 .text._raise_r
                0x00000000101094d0       0xbc c:/altera_lite/16.0/nios2eds/bin/gnu/h-x86_64-mingw32/bin/../lib/gcc/nios2-elf/5.2.0/../../../../../H-x86_64-mingw32/nios2-elf/lib\libc.a(lib_a-signal.o)
                0x00000000101094d0                _raise_r
 .text.__sigtramp_r
                0x000000001010958c       0xa8 c:/altera_lite/16.0/nios2eds/bin/gnu/h-x86_64-mingw32/bin/../lib/gcc/nios2-elf/5.2.0/../../../../../H-x86_64-mingw32/nios2-elf/lib\libc.a(lib_a-signal.o)
                0x000000001010958c                __sigtramp_r
 .text.raise    0x0000000010109634       0x14 c:/altera_lite/16.0/nios2eds/bin/gnu/h-x86_64-mingw32/bin/../lib/gcc/nios2-elf/5.2.0/../../../../../H-x86_64-mingw32/nios2-elf/lib\libc.a(lib_a-signal.o)
                0x0000000010109634                raise
 .text.signal   0x0000000010109648       0x18 c:/altera_lite/16.0/nios2eds/bin/gnu/h-x86_64-mingw32/bin/../lib/gcc/nios2-elf/5.2.0/../../../../../H-x86_64-mingw32/nios2-elf/lib\libc.a(lib_a-signal.o)
                0x0000000010109648                signal
 .text._init_signal
                0x0000000010109660       0x10 c:/altera_lite/16.0/nios2eds/bin/gnu/h-x86_64-mingw32/bin/../lib/gcc/nios2-elf/5.2.0/../../../../../H-x86_64-mingw32/nios2-elf/lib\libc.a(lib_a-signal.o)
                0x0000000010109660                _init_signal
 .text.__sigtramp
                0x0000000010109670       0x14 c:/altera_lite/16.0/nios2eds/bin/gnu/h-x86_64-mingw32/bin/../lib/gcc/nios2-elf/5.2.0/../../../../../H-x86_64-mingw32/nios2-elf/lib\libc.a(lib_a-signal.o)
                0x0000000010109670                __sigtramp
 .text          0x0000000010109684        0x0 c:/altera_lite/16.0/nios2eds/bin/gnu/h-x86_64-mingw32/bin/../lib/gcc/nios2-elf/5.2.0/../../../../../H-x86_64-mingw32/nios2-elf/lib\libc.a(lib_a-signalr.o)
 .text._kill_r  0x0000000010109684       0x5c c:/altera_lite/16.0/nios2eds/bin/gnu/h-x86_64-mingw32/bin/../lib/gcc/nios2-elf/5.2.0/../../../../../H-x86_64-mingw32/nios2-elf/lib\libc.a(lib_a-signalr.o)
                0x0000000010109684                _kill_r
 .text._getpid_r
                0x00000000101096e0        0x4 c:/altera_lite/16.0/nios2eds/bin/gnu/h-x86_64-mingw32/bin/../lib/gcc/nios2-elf/5.2.0/../../../../../H-x86_64-mingw32/nios2-elf/lib\libc.a(lib_a-signalr.o)
                0x00000000101096e0                _getpid_r
 .text          0x00000000101096e4        0x0 c:/altera_lite/16.0/nios2eds/bin/gnu/h-x86_64-mingw32/bin/../lib/gcc/nios2-elf/5.2.0/../../../../../H-x86_64-mingw32/nios2-elf/lib\libc.a(lib_a-strcmp.o)
 .text.strcmp   0x00000000101096e4       0xdc c:/altera_lite/16.0/nios2eds/bin/gnu/h-x86_64-mingw32/bin/../lib/gcc/nios2-elf/5.2.0/../../../../../H-x86_64-mingw32/nios2-elf/lib\libc.a(lib_a-strcmp.o)
                0x00000000101096e4                strcmp
 .text          0x00000000101097c0        0x0 c:/altera_lite/16.0/nios2eds/bin/gnu/h-x86_64-mingw32/bin/../lib/gcc/nios2-elf/5.2.0/../../../../../H-x86_64-mingw32/nios2-elf/lib\libc.a(lib_a-vfiprintf.o)
 .text.__sprint_r.part.0
                0x00000000101097c0       0xfc c:/altera_lite/16.0/nios2eds/bin/gnu/h-x86_64-mingw32/bin/../lib/gcc/nios2-elf/5.2.0/../../../../../H-x86_64-mingw32/nios2-elf/lib\libc.a(lib_a-vfiprintf.o)
 .text.__sprint_r
                0x00000000101098bc       0x18 c:/altera_lite/16.0/nios2eds/bin/gnu/h-x86_64-mingw32/bin/../lib/gcc/nios2-elf/5.2.0/../../../../../H-x86_64-mingw32/nios2-elf/lib\libc.a(lib_a-vfiprintf.o)
                0x00000000101098bc                __sprint_r
 .text.___vfiprintf_internal_r
                0x00000000101098d4     0x145c c:/altera_lite/16.0/nios2eds/bin/gnu/h-x86_64-mingw32/bin/../lib/gcc/nios2-elf/5.2.0/../../../../../H-x86_64-mingw32/nios2-elf/lib\libc.a(lib_a-vfiprintf.o)
                0x00000000101098d4                ___vfiprintf_internal_r
 .text.__vfiprintf_internal
                0x000000001010ad30       0x1c c:/altera_lite/16.0/nios2eds/bin/gnu/h-x86_64-mingw32/bin/../lib/gcc/nios2-elf/5.2.0/../../../../../H-x86_64-mingw32/nios2-elf/lib\libc.a(lib_a-vfiprintf.o)
                0x000000001010ad30                __vfiprintf_internal
 .text.__sbprintf
                0x000000001010ad4c       0xbc c:/altera_lite/16.0/nios2eds/bin/gnu/h-x86_64-mingw32/bin/../lib/gcc/nios2-elf/5.2.0/../../../../../H-x86_64-mingw32/nios2-elf/lib\libc.a(lib_a-vfiprintf.o)
 .text          0x000000001010ae08        0x0 c:/altera_lite/16.0/nios2eds/bin/gnu/h-x86_64-mingw32/bin/../lib/gcc/nios2-elf/5.2.0/../../../../../H-x86_64-mingw32/nios2-elf/lib\libc.a(lib_a-callocr.o)
 .text._calloc_r
                0x000000001010ae08       0xc4 c:/altera_lite/16.0/nios2eds/bin/gnu/h-x86_64-mingw32/bin/../lib/gcc/nios2-elf/5.2.0/../../../../../H-x86_64-mingw32/nios2-elf/lib\libc.a(lib_a-callocr.o)
                0x000000001010ae08                _calloc_r
 .text          0x000000001010aecc        0x0 c:/altera_lite/16.0/nios2eds/bin/gnu/h-x86_64-mingw32/bin/../lib/gcc/nios2-elf/5.2.0/../../../../../H-x86_64-mingw32/nios2-elf/lib\libc.a(lib_a-fclose.o)
 .text._fclose_r
                0x000000001010aecc       0xf0 c:/altera_lite/16.0/nios2eds/bin/gnu/h-x86_64-mingw32/bin/../lib/gcc/nios2-elf/5.2.0/../../../../../H-x86_64-mingw32/nios2-elf/lib\libc.a(lib_a-fclose.o)
                0x000000001010aecc                _fclose_r
 .text.fclose   0x000000001010afbc       0x14 c:/altera_lite/16.0/nios2eds/bin/gnu/h-x86_64-mingw32/bin/../lib/gcc/nios2-elf/5.2.0/../../../../../H-x86_64-mingw32/nios2-elf/lib\libc.a(lib_a-fclose.o)
                0x000000001010afbc                fclose
 .text          0x000000001010afd0        0x0 c:/altera_lite/16.0/nios2eds/bin/gnu/h-x86_64-mingw32/bin/../lib/gcc/nios2-elf/5.2.0/../../../../../H-x86_64-mingw32/nios2-elf/lib\libc.a(lib_a-fputwc.o)
 .text.__fputwc
                0x000000001010afd0      0x164 c:/altera_lite/16.0/nios2eds/bin/gnu/h-x86_64-mingw32/bin/../lib/gcc/nios2-elf/5.2.0/../../../../../H-x86_64-mingw32/nios2-elf/lib\libc.a(lib_a-fputwc.o)
                0x000000001010afd0                __fputwc
 .text._fputwc_r
                0x000000001010b134       0x24 c:/altera_lite/16.0/nios2eds/bin/gnu/h-x86_64-mingw32/bin/../lib/gcc/nios2-elf/5.2.0/../../../../../H-x86_64-mingw32/nios2-elf/lib\libc.a(lib_a-fputwc.o)
                0x000000001010b134                _fputwc_r
 .text.fputwc   0x000000001010b158       0x80 c:/altera_lite/16.0/nios2eds/bin/gnu/h-x86_64-mingw32/bin/../lib/gcc/nios2-elf/5.2.0/../../../../../H-x86_64-mingw32/nios2-elf/lib\libc.a(lib_a-fputwc.o)
                0x000000001010b158                fputwc
 .text          0x000000001010b1d8        0x0 c:/altera_lite/16.0/nios2eds/bin/gnu/h-x86_64-mingw32/bin/../lib/gcc/nios2-elf/5.2.0/../../../../../H-x86_64-mingw32/nios2-elf/lib\libc.a(lib_a-wbuf.o)
 .text.__swbuf_r
                0x000000001010b1d8      0x140 c:/altera_lite/16.0/nios2eds/bin/gnu/h-x86_64-mingw32/bin/../lib/gcc/nios2-elf/5.2.0/../../../../../H-x86_64-mingw32/nios2-elf/lib\libc.a(lib_a-wbuf.o)
                0x000000001010b1d8                __swbuf_r
 .text.__swbuf  0x000000001010b318       0x18 c:/altera_lite/16.0/nios2eds/bin/gnu/h-x86_64-mingw32/bin/../lib/gcc/nios2-elf/5.2.0/../../../../../H-x86_64-mingw32/nios2-elf/lib\libc.a(lib_a-wbuf.o)
                0x000000001010b318                __swbuf
 .text          0x000000001010b330        0x0 c:/altera_lite/16.0/nios2eds/bin/gnu/h-x86_64-mingw32/bin/../lib/gcc/nios2-elf/5.2.0/../../../../../H-x86_64-mingw32/nios2-elf/lib\libc.a(lib_a-wcrtomb.o)
 .text._wcrtomb_r
                0x000000001010b330       0x9c c:/altera_lite/16.0/nios2eds/bin/gnu/h-x86_64-mingw32/bin/../lib/gcc/nios2-elf/5.2.0/../../../../../H-x86_64-mingw32/nios2-elf/lib\libc.a(lib_a-wcrtomb.o)
                0x000000001010b330                _wcrtomb_r
 .text.wcrtomb  0x000000001010b3cc       0xc0 c:/altera_lite/16.0/nios2eds/bin/gnu/h-x86_64-mingw32/bin/../lib/gcc/nios2-elf/5.2.0/../../../../../H-x86_64-mingw32/nios2-elf/lib\libc.a(lib_a-wcrtomb.o)
                0x000000001010b3cc                wcrtomb
 .text          0x000000001010b48c        0x0 c:/altera_lite/16.0/nios2eds/bin/gnu/h-x86_64-mingw32/bin/../lib/gcc/nios2-elf/5.2.0/../../../../../H-x86_64-mingw32/nios2-elf/lib\libc.a(lib_a-wctomb_r.o)
 .text.__ascii_wctomb
                0x000000001010b48c       0x30 c:/altera_lite/16.0/nios2eds/bin/gnu/h-x86_64-mingw32/bin/../lib/gcc/nios2-elf/5.2.0/../../../../../H-x86_64-mingw32/nios2-elf/lib\libc.a(lib_a-wctomb_r.o)
                0x000000001010b48c                __ascii_wctomb
 .text._wctomb_r
                0x000000001010b4bc       0x5c c:/altera_lite/16.0/nios2eds/bin/gnu/h-x86_64-mingw32/bin/../lib/gcc/nios2-elf/5.2.0/../../../../../H-x86_64-mingw32/nios2-elf/lib\libc.a(lib_a-wctomb_r.o)
                0x000000001010b4bc                _wctomb_r
 .text          0x000000001010b518      0x578 c:/altera_lite/16.0/nios2eds/bin/gnu/h-x86_64-mingw32/bin/../lib/gcc/nios2-elf/5.2.0\libgcc.a(_udivdi3.o)
                0x000000001010b518                __udivdi3
 .text          0x000000001010ba90      0x538 c:/altera_lite/16.0/nios2eds/bin/gnu/h-x86_64-mingw32/bin/../lib/gcc/nios2-elf/5.2.0\libgcc.a(_umoddi3.o)
                0x000000001010ba90                __umoddi3
 .text          0x000000001010bfc8      0x8ac c:/altera_lite/16.0/nios2eds/bin/gnu/h-x86_64-mingw32/bin/../lib/gcc/nios2-elf/5.2.0\libgcc.a(adddf3.o)
                0x000000001010bfc8                __adddf3
 .text          0x000000001010c874      0x8e8 c:/altera_lite/16.0/nios2eds/bin/gnu/h-x86_64-mingw32/bin/../lib/gcc/nios2-elf/5.2.0\libgcc.a(divdf3.o)
                0x000000001010c874                __divdf3
 .text          0x000000001010d15c       0x88 c:/altera_lite/16.0/nios2eds/bin/gnu/h-x86_64-mingw32/bin/../lib/gcc/nios2-elf/5.2.0\libgcc.a(eqdf2.o)
                0x000000001010d15c                __nedf2
                0x000000001010d15c                __eqdf2
 .text          0x000000001010d1e4       0xdc c:/altera_lite/16.0/nios2eds/bin/gnu/h-x86_64-mingw32/bin/../lib/gcc/nios2-elf/5.2.0\libgcc.a(gedf2.o)
                0x000000001010d1e4                __gedf2
                0x000000001010d1e4                __gtdf2
 .text          0x000000001010d2c0       0xf4 c:/altera_lite/16.0/nios2eds/bin/gnu/h-x86_64-mingw32/bin/../lib/gcc/nios2-elf/5.2.0\libgcc.a(ledf2.o)
                0x000000001010d2c0                __ledf2
                0x000000001010d2c0                __ltdf2
 .text          0x000000001010d3b4      0x718 c:/altera_lite/16.0/nios2eds/bin/gnu/h-x86_64-mingw32/bin/../lib/gcc/nios2-elf/5.2.0\libgcc.a(muldf3.o)
                0x000000001010d3b4                __muldf3
 .text          0x000000001010dacc      0x8fc c:/altera_lite/16.0/nios2eds/bin/gnu/h-x86_64-mingw32/bin/../lib/gcc/nios2-elf/5.2.0\libgcc.a(subdf3.o)
                0x000000001010dacc                __subdf3
 .text          0x000000001010e3c8       0x80 c:/altera_lite/16.0/nios2eds/bin/gnu/h-x86_64-mingw32/bin/../lib/gcc/nios2-elf/5.2.0\libgcc.a(fixdfsi.o)
                0x000000001010e3c8                __fixdfsi
 .text          0x000000001010e448       0xdc c:/altera_lite/16.0/nios2eds/bin/gnu/h-x86_64-mingw32/bin/../lib/gcc/nios2-elf/5.2.0\libgcc.a(floatsidf.o)
                0x000000001010e448                __floatsidf
 .text          0x000000001010e524       0xa8 c:/altera_lite/16.0/nios2eds/bin/gnu/h-x86_64-mingw32/bin/../lib/gcc/nios2-elf/5.2.0\libgcc.a(floatunsidf.o)
                0x000000001010e524                __floatunsidf
 .text          0x000000001010e5cc        0x0 c:/altera_lite/16.0/nios2eds/bin/gnu/h-x86_64-mingw32/bin/../lib/gcc/nios2-elf/5.2.0\libgcc.a(_clz.o)
 .text          0x000000001010e5cc       0x64 c:/altera_lite/16.0/nios2eds/bin/gnu/h-x86_64-mingw32/bin/../lib/gcc/nios2-elf/5.2.0\libgcc.a(_clzsi2.o)
                0x000000001010e5cc                __clzsi2
 .text          0x000000001010e630      0x120 C:/Users/Lukas/OneDrive/Documents/EPFL/Autumn_16/Embedded_Systems/GIT/LCD/sw/nios2/lcd_bsp/\libhal_bsp.a(alt_close.o)
                0x000000001010e680                close
 .text          0x000000001010e750       0x2c C:/Users/Lukas/OneDrive/Documents/EPFL/Autumn_16/Embedded_Systems/GIT/LCD/sw/nios2/lcd_bsp/\libhal_bsp.a(alt_dev.o)
 .text          0x000000001010e77c        0x0 C:/Users/Lukas/OneDrive/Documents/EPFL/Autumn_16/Embedded_Systems/GIT/LCD/sw/nios2/lcd_bsp/\libhal_bsp.a(alt_errno.o)
 .text          0x000000001010e77c       0x34 C:/Users/Lukas/OneDrive/Documents/EPFL/Autumn_16/Embedded_Systems/GIT/LCD/sw/nios2/lcd_bsp/\libhal_bsp.a(alt_exit.o)
                0x000000001010e77c                _exit
 .text          0x000000001010e7b0      0x100 C:/Users/Lukas/OneDrive/Documents/EPFL/Autumn_16/Embedded_Systems/GIT/LCD/sw/nios2/lcd_bsp/\libhal_bsp.a(alt_fstat.o)
                0x000000001010e800                fstat
 .text          0x000000001010e8b0       0x20 C:/Users/Lukas/OneDrive/Documents/EPFL/Autumn_16/Embedded_Systems/GIT/LCD/sw/nios2/lcd_bsp/\libhal_bsp.a(alt_getpid.o)
                0x000000001010e8b0                getpid
 .text          0x000000001010e8d0       0xf4 C:/Users/Lukas/OneDrive/Documents/EPFL/Autumn_16/Embedded_Systems/GIT/LCD/sw/nios2/lcd_bsp/\libhal_bsp.a(alt_isatty.o)
                0x000000001010e920                isatty
 .text          0x000000001010e9c4      0x180 C:/Users/Lukas/OneDrive/Documents/EPFL/Autumn_16/Embedded_Systems/GIT/LCD/sw/nios2/lcd_bsp/\libhal_bsp.a(alt_kill.o)
                0x000000001010ea14                kill
 .text          0x000000001010eb44       0xec C:/Users/Lukas/OneDrive/Documents/EPFL/Autumn_16/Embedded_Systems/GIT/LCD/sw/nios2/lcd_bsp/\libhal_bsp.a(alt_load.o)
                0x000000001010ebac                alt_load
 .text          0x000000001010ec30      0x124 C:/Users/Lukas/OneDrive/Documents/EPFL/Autumn_16/Embedded_Systems/GIT/LCD/sw/nios2/lcd_bsp/\libhal_bsp.a(alt_lseek.o)
                0x000000001010ec80                lseek
 .text          0x000000001010ed54       0x7c C:/Users/Lukas/OneDrive/Documents/EPFL/Autumn_16/Embedded_Systems/GIT/LCD/sw/nios2/lcd_bsp/\libhal_bsp.a(alt_main.o)
                0x000000001010ed54                alt_main
 .text          0x000000001010edd0       0x48 C:/Users/Lukas/OneDrive/Documents/EPFL/Autumn_16/Embedded_Systems/GIT/LCD/sw/nios2/lcd_bsp/\libhal_bsp.a(alt_malloc_lock.o)
                0x000000001010edd0                __malloc_lock
                0x000000001010edf4                __malloc_unlock
 .text          0x000000001010ee18      0x274 C:/Users/Lukas/OneDrive/Documents/EPFL/Autumn_16/Embedded_Systems/GIT/LCD/sw/nios2/lcd_bsp/\libhal_bsp.a(alt_open.o)
                0x000000001010ef34                open
 .text          0x000000001010f08c      0x14c C:/Users/Lukas/OneDrive/Documents/EPFL/Autumn_16/Embedded_Systems/GIT/LCD/sw/nios2/lcd_bsp/\libhal_bsp.a(alt_read.o)
                0x000000001010f0dc                read
 .text          0x000000001010f1d8       0x64 C:/Users/Lukas/OneDrive/Documents/EPFL/Autumn_16/Embedded_Systems/GIT/LCD/sw/nios2/lcd_bsp/\libhal_bsp.a(alt_release_fd.o)
                0x000000001010f1d8                alt_release_fd
 .text          0x000000001010f23c       0xb0 C:/Users/Lukas/OneDrive/Documents/EPFL/Autumn_16/Embedded_Systems/GIT/LCD/sw/nios2/lcd_bsp/\libhal_bsp.a(alt_sbrk.o)
                0x000000001010f23c                sbrk
 .text          0x000000001010f2ec      0x148 C:/Users/Lukas/OneDrive/Documents/EPFL/Autumn_16/Embedded_Systems/GIT/LCD/sw/nios2/lcd_bsp/\libhal_bsp.a(alt_write.o)
                0x000000001010f33c                write
 .text          0x000000001010f434       0xc4 C:/Users/Lukas/OneDrive/Documents/EPFL/Autumn_16/Embedded_Systems/GIT/LCD/sw/nios2/lcd_bsp/\libhal_bsp.a(alt_sys_init.o)
                0x000000001010f46c                alt_irq_init
                0x000000001010f4a4                alt_sys_init
 .text          0x000000001010f4f8      0x164 C:/Users/Lukas/OneDrive/Documents/EPFL/Autumn_16/Embedded_Systems/GIT/LCD/sw/nios2/lcd_bsp/\libhal_bsp.a(altera_avalon_jtag_uart_fd.o)
                0x000000001010f4f8                altera_avalon_jtag_uart_read_fd
                0x000000001010f558                altera_avalon_jtag_uart_write_fd
                0x000000001010f5b8                altera_avalon_jtag_uart_close_fd
                0x000000001010f608                altera_avalon_jtag_uart_ioctl_fd
 .text          0x000000001010f65c      0x3e4 C:/Users/Lukas/OneDrive/Documents/EPFL/Autumn_16/Embedded_Systems/GIT/LCD/sw/nios2/lcd_bsp/\libhal_bsp.a(altera_avalon_jtag_uart_init.o)
                0x000000001010f65c                altera_avalon_jtag_uart_init
                0x000000001010f9d8                altera_avalon_jtag_uart_close
 .text          0x000000001010fa40       0xf0 C:/Users/Lukas/OneDrive/Documents/EPFL/Autumn_16/Embedded_Systems/GIT/LCD/sw/nios2/lcd_bsp/\libhal_bsp.a(altera_avalon_jtag_uart_ioctl.o)
                0x000000001010fa40                altera_avalon_jtag_uart_ioctl
 .text          0x000000001010fb30      0x21c C:/Users/Lukas/OneDrive/Documents/EPFL/Autumn_16/Embedded_Systems/GIT/LCD/sw/nios2/lcd_bsp/\libhal_bsp.a(altera_avalon_jtag_uart_read.o)
                0x000000001010fb30                altera_avalon_jtag_uart_read
 .text          0x000000001010fd4c      0x224 C:/Users/Lukas/OneDrive/Documents/EPFL/Autumn_16/Embedded_Systems/GIT/LCD/sw/nios2/lcd_bsp/\libhal_bsp.a(altera_avalon_jtag_uart_write.o)
                0x000000001010fd4c                altera_avalon_jtag_uart_write
 .text          0x000000001010ff70      0x484 C:/Users/Lukas/OneDrive/Documents/EPFL/Autumn_16/Embedded_Systems/GIT/LCD/sw/nios2/lcd_bsp/\libhal_bsp.a(altera_hostfs.o)
                0x000000001010ff70                alt_hostfs_open
                0x000000001011008c                alt_hostfs_close
                0x00000000101100d0                alt_hostfs_read
                0x000000001011013c                alt_hostfs_write
                0x00000000101101a8                alt_hostfs_seek
                0x0000000010110210                alt_hostfs_fstat
 .text          0x00000000101103f4      0x140 C:/Users/Lukas/OneDrive/Documents/EPFL/Autumn_16/Embedded_Systems/GIT/LCD/sw/nios2/lcd_bsp/\libhal_bsp.a(alt_alarm_start.o)
                0x00000000101103f4                alt_alarm_start
 .text          0x0000000010110534       0x48 C:/Users/Lukas/OneDrive/Documents/EPFL/Autumn_16/Embedded_Systems/GIT/LCD/sw/nios2/lcd_bsp/\libhal_bsp.a(alt_dcache_flush_all.o)
                0x0000000010110534                alt_dcache_flush_all
 .text          0x000000001011057c       0xf4 C:/Users/Lukas/OneDrive/Documents/EPFL/Autumn_16/Embedded_Systems/GIT/LCD/sw/nios2/lcd_bsp/\libhal_bsp.a(alt_dev_llist_insert.o)
                0x00000000101105cc                alt_dev_llist_insert
 .text          0x0000000010110670       0x60 C:/Users/Lukas/OneDrive/Documents/EPFL/Autumn_16/Embedded_Systems/GIT/LCD/sw/nios2/lcd_bsp/\libhal_bsp.a(alt_do_ctors.o)
                0x0000000010110670                _do_ctors
 .text          0x00000000101106d0       0x60 C:/Users/Lukas/OneDrive/Documents/EPFL/Autumn_16/Embedded_Systems/GIT/LCD/sw/nios2/lcd_bsp/\libhal_bsp.a(alt_do_dtors.o)
                0x00000000101106d0                _do_dtors
 .text          0x0000000010110730       0x90 C:/Users/Lukas/OneDrive/Documents/EPFL/Autumn_16/Embedded_Systems/GIT/LCD/sw/nios2/lcd_bsp/\libhal_bsp.a(alt_find_dev.o)
                0x0000000010110730                alt_find_dev
 .text          0x00000000101107c0      0x114 C:/Users/Lukas/OneDrive/Documents/EPFL/Autumn_16/Embedded_Systems/GIT/LCD/sw/nios2/lcd_bsp/\libhal_bsp.a(alt_find_file.o)
                0x00000000101107c0                alt_find_file
 .text          0x00000000101108d4       0x84 C:/Users/Lukas/OneDrive/Documents/EPFL/Autumn_16/Embedded_Systems/GIT/LCD/sw/nios2/lcd_bsp/\libhal_bsp.a(alt_fs_reg.o)
                0x00000000101108d4                alt_fs_reg
 .text          0x0000000010110958       0xb4 C:/Users/Lukas/OneDrive/Documents/EPFL/Autumn_16/Embedded_Systems/GIT/LCD/sw/nios2/lcd_bsp/\libhal_bsp.a(alt_get_fd.o)
                0x0000000010110958                alt_get_fd
 .text          0x0000000010110a0c       0x34 C:/Users/Lukas/OneDrive/Documents/EPFL/Autumn_16/Embedded_Systems/GIT/LCD/sw/nios2/lcd_bsp/\libhal_bsp.a(alt_icache_flush_all.o)
                0x0000000010110a0c                alt_icache_flush_all
 .text          0x0000000010110a40      0x1e0 C:/Users/Lukas/OneDrive/Documents/EPFL/Autumn_16/Embedded_Systems/GIT/LCD/sw/nios2/lcd_bsp/\libhal_bsp.a(alt_iic.o)
                0x0000000010110a40                alt_ic_isr_register
                0x0000000010110a90                alt_ic_irq_enable
                0x0000000010110b30                alt_ic_irq_disable
                0x0000000010110bd4                alt_ic_irq_enabled
 .text          0x0000000010110c20       0xf0 C:/Users/Lukas/OneDrive/Documents/EPFL/Autumn_16/Embedded_Systems/GIT/LCD/sw/nios2/lcd_bsp/\libhal_bsp.a(alt_iic_isr_register.o)
                0x0000000010110c20                alt_iic_isr_register
 .text          0x0000000010110d10      0x140 C:/Users/Lukas/OneDrive/Documents/EPFL/Autumn_16/Embedded_Systems/GIT/LCD/sw/nios2/lcd_bsp/\libhal_bsp.a(alt_io_redirect.o)
                0x0000000010110dd4                alt_io_redirect
 .text          0x0000000010110e50        0x0 C:/Users/Lukas/OneDrive/Documents/EPFL/Autumn_16/Embedded_Systems/GIT/LCD/sw/nios2/lcd_bsp/\libhal_bsp.a(alt_irq_entry.o)
 .text          0x0000000010110e50        0x0 C:/Users/Lukas/OneDrive/Documents/EPFL/Autumn_16/Embedded_Systems/GIT/LCD/sw/nios2/lcd_bsp/\libhal_bsp.a(alt_irq_handler.o)
 .text          0x0000000010110e50        0x0 C:/Users/Lukas/OneDrive/Documents/EPFL/Autumn_16/Embedded_Systems/GIT/LCD/sw/nios2/lcd_bsp/\libhal_bsp.a(alt_irq_vars.o)
 .text          0x0000000010110e50      0x1a4 C:/Users/Lukas/OneDrive/Documents/EPFL/Autumn_16/Embedded_Systems/GIT/LCD/sw/nios2/lcd_bsp/\libhal_bsp.a(alt_tick.o)
                0x0000000010110e50                alt_alarm_stop
                0x0000000010110eec                alt_tick
 .text          0x0000000010110ff4       0x24 C:/Users/Lukas/OneDrive/Documents/EPFL/Autumn_16/Embedded_Systems/GIT/LCD/sw/nios2/lcd_bsp/\libhal_bsp.a(altera_nios2_gen2_irq.o)
                0x0000000010110ff4                altera_nios2_gen2_irq_init
 .text          0x0000000010111018        0x0 C:/Users/Lukas/OneDrive/Documents/EPFL/Autumn_16/Embedded_Systems/GIT/LCD/sw/nios2/lcd_bsp/\libhal_bsp.a(alt_exception_entry.o)
 .text          0x0000000010111018       0x90 C:/Users/Lukas/OneDrive/Documents/EPFL/Autumn_16/Embedded_Systems/GIT/LCD/sw/nios2/lcd_bsp/\libhal_bsp.a(alt_icache_flush.o)
                0x0000000010111018                alt_icache_flush
 .text          0x00000000101110a8       0x9c C:/Users/Lukas/OneDrive/Documents/EPFL/Autumn_16/Embedded_Systems/GIT/LCD/sw/nios2/lcd_bsp/\libhal_bsp.a(alt_instruction_exception_entry.o)
                0x00000000101110a8                alt_exception_cause_generated_bad_addr
 .text          0x0000000010111144        0x0 c:/altera_lite/16.0/nios2eds/bin/gnu/h-x86_64-mingw32/bin/../lib/gcc/nios2-elf/5.2.0/../../../../../H-x86_64-mingw32/nios2-elf/lib\libc.a(lib_a-atexit.o)
 .text.atexit   0x0000000010111144       0x14 c:/altera_lite/16.0/nios2eds/bin/gnu/h-x86_64-mingw32/bin/../lib/gcc/nios2-elf/5.2.0/../../../../../H-x86_64-mingw32/nios2-elf/lib\libc.a(lib_a-atexit.o)
                0x0000000010111144                atexit
 .text          0x0000000010111158        0x0 c:/altera_lite/16.0/nios2eds/bin/gnu/h-x86_64-mingw32/bin/../lib/gcc/nios2-elf/5.2.0/../../../../../H-x86_64-mingw32/nios2-elf/lib\libc.a(lib_a-exit.o)
 .text.exit     0x0000000010111158       0x38 c:/altera_lite/16.0/nios2eds/bin/gnu/h-x86_64-mingw32/bin/../lib/gcc/nios2-elf/5.2.0/../../../../../H-x86_64-mingw32/nios2-elf/lib\libc.a(lib_a-exit.o)
                0x0000000010111158                exit
 .text          0x0000000010111190        0x0 c:/altera_lite/16.0/nios2eds/bin/gnu/h-x86_64-mingw32/bin/../lib/gcc/nios2-elf/5.2.0/../../../../../H-x86_64-mingw32/nios2-elf/lib\libc.a(lib_a-memcmp.o)
 .text.memcmp   0x0000000010111190       0x7c c:/altera_lite/16.0/nios2eds/bin/gnu/h-x86_64-mingw32/bin/../lib/gcc/nios2-elf/5.2.0/../../../../../H-x86_64-mingw32/nios2-elf/lib\libc.a(lib_a-memcmp.o)
                0x0000000010111190                memcmp
 .text          0x000000001011120c        0x0 c:/altera_lite/16.0/nios2eds/bin/gnu/h-x86_64-mingw32/bin/../lib/gcc/nios2-elf/5.2.0/../../../../../H-x86_64-mingw32/nios2-elf/lib\libc.a(lib_a-__atexit.o)
 .text.__register_exitproc
                0x000000001011120c      0x118 c:/altera_lite/16.0/nios2eds/bin/gnu/h-x86_64-mingw32/bin/../lib/gcc/nios2-elf/5.2.0/../../../../../H-x86_64-mingw32/nios2-elf/lib\libc.a(lib_a-__atexit.o)
                0x000000001011120c                __register_exitproc
 .text          0x0000000010111324        0x0 c:/altera_lite/16.0/nios2eds/bin/gnu/h-x86_64-mingw32/bin/../lib/gcc/nios2-elf/5.2.0/../../../../../H-x86_64-mingw32/nios2-elf/lib\libc.a(lib_a-__call_atexit.o)
 .text.__call_exitprocs
                0x0000000010111324      0x180 c:/altera_lite/16.0/nios2eds/bin/gnu/h-x86_64-mingw32/bin/../lib/gcc/nios2-elf/5.2.0/../../../../../H-x86_64-mingw32/nios2-elf/lib\libc.a(lib_a-__call_atexit.o)
                0x0000000010111324                __call_exitprocs
 *(.gnu.warning.*)
 *(.fini)
                [!provide]                        PROVIDE (__etext, ABSOLUTE (.))
                [!provide]                        PROVIDE (_etext, ABSOLUTE (.))
                [!provide]                        PROVIDE (etext, ABSOLUTE (.))
 *(.eh_frame_hdr)
                0x00000000101114a4                . = ALIGN (0x4)
                [!provide]                        PROVIDE (__preinit_array_start, ABSOLUTE (.))
 *(.preinit_array)
                [!provide]                        PROVIDE (__preinit_array_end, ABSOLUTE (.))
                [!provide]                        PROVIDE (__init_array_start, ABSOLUTE (.))
 *(.init_array)
                [!provide]                        PROVIDE (__init_array_end, ABSOLUTE (.))
                [!provide]                        PROVIDE (__fini_array_start, ABSOLUTE (.))
 *(.fini_array)
                [!provide]                        PROVIDE (__fini_array_end, ABSOLUTE (.))
 *(.eh_frame)
 *(.gcc_except_table .gcc_except_table.*)
 *(.dynamic)
                0x00000000101114a4                PROVIDE (__CTOR_LIST__, ABSOLUTE (.))
 *(.ctors)
 *(SORT(.ctors.*))
                0x00000000101114a4                PROVIDE (__CTOR_END__, ABSOLUTE (.))
                0x00000000101114a4                PROVIDE (__DTOR_LIST__, ABSOLUTE (.))
 *(.dtors)
 *(SORT(.dtors.*))
                0x00000000101114a4                PROVIDE (__DTOR_END__, ABSOLUTE (.))
 *(.jcr)
                0x00000000101114a4                . = ALIGN (0x4)

.rodata         0x00000000101114a4      0x79c
                0x00000000101114a4                PROVIDE (__ram_rodata_start, ABSOLUTE (.))
                0x00000000101114a4                . = ALIGN (0x4)
 *(.rodata .rodata.* .gnu.linkonce.r.*)
 .rodata        0x00000000101114a4      0x44d obj/default/hello_world.o
 *fill*         0x00000000101118f1        0x3 
 .rodata.str1.4
                0x00000000101118f4       0x3f c:/altera_lite/16.0/nios2eds/bin/gnu/h-x86_64-mingw32/bin/../lib/gcc/nios2-elf/5.2.0/../../../../../H-x86_64-mingw32/nios2-elf/lib\libc.a(lib_a-assert.o)
                                         0x43 (size before relaxing)
 *fill*         0x0000000010111933        0x1 
 .rodata.str1.4
                0x0000000010111934        0x2 c:/altera_lite/16.0/nios2eds/bin/gnu/h-x86_64-mingw32/bin/../lib/gcc/nios2-elf/5.2.0/../../../../../H-x86_64-mingw32/nios2-elf/lib\libc.a(lib_a-impure.o)
 *fill*         0x0000000010111936        0x2 
 .rodata.str1.4
                0x0000000010111938        0x2 c:/altera_lite/16.0/nios2eds/bin/gnu/h-x86_64-mingw32/bin/../lib/gcc/nios2-elf/5.2.0/../../../../../H-x86_64-mingw32/nios2-elf/lib\libc.a(lib_a-puts.o)
 *fill*         0x000000001011193a        0x2 
 .rodata.str1.4
                0x000000001011193c       0x42 c:/altera_lite/16.0/nios2eds/bin/gnu/h-x86_64-mingw32/bin/../lib/gcc/nios2-elf/5.2.0/../../../../../H-x86_64-mingw32/nios2-elf/lib\libc.a(lib_a-vfprintf.o)
 .rodata.zeroes.4404
                0x000000001011197e       0x10 c:/altera_lite/16.0/nios2eds/bin/gnu/h-x86_64-mingw32/bin/../lib/gcc/nios2-elf/5.2.0/../../../../../H-x86_64-mingw32/nios2-elf/lib\libc.a(lib_a-vfprintf.o)
 .rodata.blanks.4403
                0x000000001011198e       0x10 c:/altera_lite/16.0/nios2eds/bin/gnu/h-x86_64-mingw32/bin/../lib/gcc/nios2-elf/5.2.0/../../../../../H-x86_64-mingw32/nios2-elf/lib\libc.a(lib_a-vfprintf.o)
 *fill*         0x000000001011199e        0x2 
 .rodata.str1.4
                0x00000000101119a0       0x10 c:/altera_lite/16.0/nios2eds/bin/gnu/h-x86_64-mingw32/bin/../lib/gcc/nios2-elf/5.2.0/../../../../../H-x86_64-mingw32/nios2-elf/lib\libc.a(lib_a-dtoa.o)
                                         0x12 (size before relaxing)
 .rodata.str1.4
                0x00000000101119b0        0xc c:/altera_lite/16.0/nios2eds/bin/gnu/h-x86_64-mingw32/bin/../lib/gcc/nios2-elf/5.2.0/../../../../../H-x86_64-mingw32/nios2-elf/lib\libc.a(lib_a-locale.o)
                                         0x12 (size before relaxing)
 .rodata.p05.2768
                0x00000000101119bc        0xc c:/altera_lite/16.0/nios2eds/bin/gnu/h-x86_64-mingw32/bin/../lib/gcc/nios2-elf/5.2.0/../../../../../H-x86_64-mingw32/nios2-elf/lib\libc.a(lib_a-mprec.o)
 .rodata.__mprec_tinytens
                0x00000000101119c8       0x28 c:/altera_lite/16.0/nios2eds/bin/gnu/h-x86_64-mingw32/bin/../lib/gcc/nios2-elf/5.2.0/../../../../../H-x86_64-mingw32/nios2-elf/lib\libc.a(lib_a-mprec.o)
                0x00000000101119c8                __mprec_tinytens
 .rodata.__mprec_bigtens
                0x00000000101119f0       0x28 c:/altera_lite/16.0/nios2eds/bin/gnu/h-x86_64-mingw32/bin/../lib/gcc/nios2-elf/5.2.0/../../../../../H-x86_64-mingw32/nios2-elf/lib\libc.a(lib_a-mprec.o)
                0x00000000101119f0                __mprec_bigtens
 .rodata.__mprec_tens
                0x0000000010111a18       0xc8 c:/altera_lite/16.0/nios2eds/bin/gnu/h-x86_64-mingw32/bin/../lib/gcc/nios2-elf/5.2.0/../../../../../H-x86_64-mingw32/nios2-elf/lib\libc.a(lib_a-mprec.o)
                0x0000000010111a18                __mprec_tens
 .rodata.str1.4
                0x0000000010111ae0       0x2f c:/altera_lite/16.0/nios2eds/bin/gnu/h-x86_64-mingw32/bin/../lib/gcc/nios2-elf/5.2.0/../../../../../H-x86_64-mingw32/nios2-elf/lib\libc.a(lib_a-vfiprintf.o)
 .rodata.zeroes.4349
                0x0000000010111ae0       0x10 c:/altera_lite/16.0/nios2eds/bin/gnu/h-x86_64-mingw32/bin/../lib/gcc/nios2-elf/5.2.0/../../../../../H-x86_64-mingw32/nios2-elf/lib\libc.a(lib_a-vfiprintf.o)
 .rodata.blanks.4348
                0x0000000010111af0       0x10 c:/altera_lite/16.0/nios2eds/bin/gnu/h-x86_64-mingw32/bin/../lib/gcc/nios2-elf/5.2.0/../../../../../H-x86_64-mingw32/nios2-elf/lib\libc.a(lib_a-vfiprintf.o)
 .rodata        0x0000000010111b00      0x100 c:/altera_lite/16.0/nios2eds/bin/gnu/h-x86_64-mingw32/bin/../lib/gcc/nios2-elf/5.2.0\libgcc.a(_clz.o)
                0x0000000010111b00                __clz_tab
 .rodata        0x0000000010111c00        0xa C:/Users/Lukas/OneDrive/Documents/EPFL/Autumn_16/Embedded_Systems/GIT/LCD/sw/nios2/lcd_bsp/\libhal_bsp.a(alt_dev.o)
 *fill*         0x0000000010111c0a        0x2 
 .rodata        0x0000000010111c0c       0x11 C:/Users/Lukas/OneDrive/Documents/EPFL/Autumn_16/Embedded_Systems/GIT/LCD/sw/nios2/lcd_bsp/\libhal_bsp.a(alt_main.o)
 *fill*         0x0000000010111c1d        0x3 
 .rodata        0x0000000010111c20       0x1e C:/Users/Lukas/OneDrive/Documents/EPFL/Autumn_16/Embedded_Systems/GIT/LCD/sw/nios2/lcd_bsp/\libhal_bsp.a(alt_sys_init.o)
 *(.rodata1)
                0x0000000010111c40                . = ALIGN (0x4)
 *fill*         0x0000000010111c3e        0x2 
                0x0000000010111c40                PROVIDE (__ram_rodata_end, ABSOLUTE (.))
                0x00000000101114a4                PROVIDE (__flash_rodata_start, LOADADDR (.rodata))

.rwdata         0x0000000010111c40     0x1b5c load address 0x000000001011379c
                0x0000000010111c40                PROVIDE (__ram_rwdata_start, ABSOLUTE (.))
                0x0000000010111c40                . = ALIGN (0x4)
 *(.got.plt)
 *(.got)
 *(.data1)
 *(.data .data.* .gnu.linkonce.d.*)
 .data          0x0000000010111c40        0x0 C:/Users/Lukas/OneDrive/Documents/EPFL/Autumn_16/Embedded_Systems/GIT/LCD/sw/nios2/lcd_bsp//obj/HAL/src/crt0.o
 .data          0x0000000010111c40        0x0 obj/default/hello_world.o
 .data          0x0000000010111c40        0x0 c:/altera_lite/16.0/nios2eds/bin/gnu/h-x86_64-mingw32/bin/../lib/gcc/nios2-elf/5.2.0\libgcc.a(lib2-divmod.o)
 .data          0x0000000010111c40        0x0 c:/altera_lite/16.0/nios2eds/bin/gnu/h-x86_64-mingw32/bin/../lib/gcc/nios2-elf/5.2.0/../../../../../H-x86_64-mingw32/nios2-elf/lib\libc.a(lib_a-assert.o)
 .data          0x0000000010111c40        0x0 c:/altera_lite/16.0/nios2eds/bin/gnu/h-x86_64-mingw32/bin/../lib/gcc/nios2-elf/5.2.0/../../../../../H-x86_64-mingw32/nios2-elf/lib\libc.a(lib_a-fiprintf.o)
 .data          0x0000000010111c40        0x0 c:/altera_lite/16.0/nios2eds/bin/gnu/h-x86_64-mingw32/bin/../lib/gcc/nios2-elf/5.2.0/../../../../../H-x86_64-mingw32/nios2-elf/lib\libc.a(lib_a-fopen.o)
 .data          0x0000000010111c40        0x0 c:/altera_lite/16.0/nios2eds/bin/gnu/h-x86_64-mingw32/bin/../lib/gcc/nios2-elf/5.2.0/../../../../../H-x86_64-mingw32/nios2-elf/lib\libc.a(lib_a-fread.o)
 .data          0x0000000010111c40        0x0 c:/altera_lite/16.0/nios2eds/bin/gnu/h-x86_64-mingw32/bin/../lib/gcc/nios2-elf/5.2.0/../../../../../H-x86_64-mingw32/nios2-elf/lib\libc.a(lib_a-freer.o)
 .data          0x0000000010111c40        0x0 c:/altera_lite/16.0/nios2eds/bin/gnu/h-x86_64-mingw32/bin/../lib/gcc/nios2-elf/5.2.0/../../../../../H-x86_64-mingw32/nios2-elf/lib\libc.a(lib_a-fseek.o)
 .data          0x0000000010111c40        0x0 c:/altera_lite/16.0/nios2eds/bin/gnu/h-x86_64-mingw32/bin/../lib/gcc/nios2-elf/5.2.0/../../../../../H-x86_64-mingw32/nios2-elf/lib\libc.a(lib_a-fseeko.o)
 .data          0x0000000010111c40        0x0 c:/altera_lite/16.0/nios2eds/bin/gnu/h-x86_64-mingw32/bin/../lib/gcc/nios2-elf/5.2.0/../../../../../H-x86_64-mingw32/nios2-elf/lib\libc.a(lib_a-fstatr.o)
 .data          0x0000000010111c40        0x0 c:/altera_lite/16.0/nios2eds/bin/gnu/h-x86_64-mingw32/bin/../lib/gcc/nios2-elf/5.2.0/../../../../../H-x86_64-mingw32/nios2-elf/lib\libc.a(lib_a-impure.o)
 .data.impure_data
                0x0000000010111c40      0x424 c:/altera_lite/16.0/nios2eds/bin/gnu/h-x86_64-mingw32/bin/../lib/gcc/nios2-elf/5.2.0/../../../../../H-x86_64-mingw32/nios2-elf/lib\libc.a(lib_a-impure.o)
 .data          0x0000000010112064        0x0 c:/altera_lite/16.0/nios2eds/bin/gnu/h-x86_64-mingw32/bin/../lib/gcc/nios2-elf/5.2.0/../../../../../H-x86_64-mingw32/nios2-elf/lib\libc.a(lib_a-int_errno.o)
 .data          0x0000000010112064        0x0 c:/altera_lite/16.0/nios2eds/bin/gnu/h-x86_64-mingw32/bin/../lib/gcc/nios2-elf/5.2.0/../../../../../H-x86_64-mingw32/nios2-elf/lib\libc.a(lib_a-makebuf.o)
 .data          0x0000000010112064        0x0 c:/altera_lite/16.0/nios2eds/bin/gnu/h-x86_64-mingw32/bin/../lib/gcc/nios2-elf/5.2.0/../../../../../H-x86_64-mingw32/nios2-elf/lib\libc.a(lib_a-mallocr.o)
 .data.__malloc_av_
                0x0000000010112064      0x408 c:/altera_lite/16.0/nios2eds/bin/gnu/h-x86_64-mingw32/bin/../lib/gcc/nios2-elf/5.2.0/../../../../../H-x86_64-mingw32/nios2-elf/lib\libc.a(lib_a-mallocr.o)
                0x0000000010112064                __malloc_av_
 .data          0x000000001011246c        0x0 c:/altera_lite/16.0/nios2eds/bin/gnu/h-x86_64-mingw32/bin/../lib/gcc/nios2-elf/5.2.0/../../../../../H-x86_64-mingw32/nios2-elf/lib\libc.a(lib_a-memcpy.o)
 .data          0x000000001011246c        0x0 c:/altera_lite/16.0/nios2eds/bin/gnu/h-x86_64-mingw32/bin/../lib/gcc/nios2-elf/5.2.0/../../../../../H-x86_64-mingw32/nios2-elf/lib\libc.a(lib_a-memset.o)
 .data          0x000000001011246c        0x0 c:/altera_lite/16.0/nios2eds/bin/gnu/h-x86_64-mingw32/bin/../lib/gcc/nios2-elf/5.2.0/../../../../../H-x86_64-mingw32/nios2-elf/lib\libc.a(lib_a-openr.o)
 .data          0x000000001011246c        0x0 c:/altera_lite/16.0/nios2eds/bin/gnu/h-x86_64-mingw32/bin/../lib/gcc/nios2-elf/5.2.0/../../../../../H-x86_64-mingw32/nios2-elf/lib\libc.a(lib_a-printf.o)
 .data          0x000000001011246c        0x0 c:/altera_lite/16.0/nios2eds/bin/gnu/h-x86_64-mingw32/bin/../lib/gcc/nios2-elf/5.2.0/../../../../../H-x86_64-mingw32/nios2-elf/lib\libc.a(lib_a-puts.o)
 .data          0x000000001011246c        0x0 c:/altera_lite/16.0/nios2eds/bin/gnu/h-x86_64-mingw32/bin/../lib/gcc/nios2-elf/5.2.0/../../../../../H-x86_64-mingw32/nios2-elf/lib\libc.a(lib_a-refill.o)
 .data          0x000000001011246c        0x0 c:/altera_lite/16.0/nios2eds/bin/gnu/h-x86_64-mingw32/bin/../lib/gcc/nios2-elf/5.2.0/../../../../../H-x86_64-mingw32/nios2-elf/lib\libc.a(lib_a-sbrkr.o)
 .data          0x000000001011246c        0x0 c:/altera_lite/16.0/nios2eds/bin/gnu/h-x86_64-mingw32/bin/../lib/gcc/nios2-elf/5.2.0/../../../../../H-x86_64-mingw32/nios2-elf/lib\libc.a(lib_a-stdio.o)
 .data          0x000000001011246c        0x0 c:/altera_lite/16.0/nios2eds/bin/gnu/h-x86_64-mingw32/bin/../lib/gcc/nios2-elf/5.2.0/../../../../../H-x86_64-mingw32/nios2-elf/lib\libc.a(lib_a-strlen.o)
 .data          0x000000001011246c        0x0 c:/altera_lite/16.0/nios2eds/bin/gnu/h-x86_64-mingw32/bin/../lib/gcc/nios2-elf/5.2.0/../../../../../H-x86_64-mingw32/nios2-elf/lib\libc.a(lib_a-vfiprintfr_1.o)
 .data          0x000000001011246c        0x0 c:/altera_lite/16.0/nios2eds/bin/gnu/h-x86_64-mingw32/bin/../lib/gcc/nios2-elf/5.2.0/../../../../../H-x86_64-mingw32/nios2-elf/lib\libc.a(lib_a-vfprintf.o)
 .data          0x000000001011246c        0x0 c:/altera_lite/16.0/nios2eds/bin/gnu/h-x86_64-mingw32/bin/../lib/gcc/nios2-elf/5.2.0/../../../../../H-x86_64-mingw32/nios2-elf/lib\libc.a(lib_a-writer.o)
 .data          0x000000001011246c        0x0 c:/altera_lite/16.0/nios2eds/bin/gnu/h-x86_64-mingw32/bin/../lib/gcc/nios2-elf/5.2.0/../../../../../H-x86_64-mingw32/nios2-elf/lib\libc.a(lib_a-wsetup.o)
 .data          0x000000001011246c        0x0 c:/altera_lite/16.0/nios2eds/bin/gnu/h-x86_64-mingw32/bin/../lib/gcc/nios2-elf/5.2.0/../../../../../H-x86_64-mingw32/nios2-elf/lib\libc.a(closer.o)
 .data          0x000000001011246c        0x0 c:/altera_lite/16.0/nios2eds/bin/gnu/h-x86_64-mingw32/bin/../lib/gcc/nios2-elf/5.2.0/../../../../../H-x86_64-mingw32/nios2-elf/lib\libc.a(lib_a-abort.o)
 .data          0x000000001011246c        0x0 c:/altera_lite/16.0/nios2eds/bin/gnu/h-x86_64-mingw32/bin/../lib/gcc/nios2-elf/5.2.0/../../../../../H-x86_64-mingw32/nios2-elf/lib\libc.a(lib_a-dtoa.o)
 .data          0x000000001011246c        0x0 c:/altera_lite/16.0/nios2eds/bin/gnu/h-x86_64-mingw32/bin/../lib/gcc/nios2-elf/5.2.0/../../../../../H-x86_64-mingw32/nios2-elf/lib\libc.a(lib_a-fflush.o)
 .data          0x000000001011246c        0x0 c:/altera_lite/16.0/nios2eds/bin/gnu/h-x86_64-mingw32/bin/../lib/gcc/nios2-elf/5.2.0/../../../../../H-x86_64-mingw32/nios2-elf/lib\libc.a(lib_a-findfp.o)
 .data          0x000000001011246c        0x0 c:/altera_lite/16.0/nios2eds/bin/gnu/h-x86_64-mingw32/bin/../lib/gcc/nios2-elf/5.2.0/../../../../../H-x86_64-mingw32/nios2-elf/lib\libc.a(lib_a-flags.o)
 .data          0x000000001011246c        0x0 c:/altera_lite/16.0/nios2eds/bin/gnu/h-x86_64-mingw32/bin/../lib/gcc/nios2-elf/5.2.0/../../../../../H-x86_64-mingw32/nios2-elf/lib\libc.a(lib_a-fvwrite.o)
 .data          0x000000001011246c        0x0 c:/altera_lite/16.0/nios2eds/bin/gnu/h-x86_64-mingw32/bin/../lib/gcc/nios2-elf/5.2.0/../../../../../H-x86_64-mingw32/nios2-elf/lib\libc.a(lib_a-fwalk.o)
 .data          0x000000001011246c        0x0 c:/altera_lite/16.0/nios2eds/bin/gnu/h-x86_64-mingw32/bin/../lib/gcc/nios2-elf/5.2.0/../../../../../H-x86_64-mingw32/nios2-elf/lib\libc.a(lib_a-isattyr.o)
 .data          0x000000001011246c        0x0 c:/altera_lite/16.0/nios2eds/bin/gnu/h-x86_64-mingw32/bin/../lib/gcc/nios2-elf/5.2.0/../../../../../H-x86_64-mingw32/nios2-elf/lib\libc.a(lib_a-locale.o)
 .data.lc_message_charset
                0x000000001011246c       0x20 c:/altera_lite/16.0/nios2eds/bin/gnu/h-x86_64-mingw32/bin/../lib/gcc/nios2-elf/5.2.0/../../../../../H-x86_64-mingw32/nios2-elf/lib\libc.a(lib_a-locale.o)
 .data.lc_ctype_charset
                0x000000001011248c       0x20 c:/altera_lite/16.0/nios2eds/bin/gnu/h-x86_64-mingw32/bin/../lib/gcc/nios2-elf/5.2.0/../../../../../H-x86_64-mingw32/nios2-elf/lib\libc.a(lib_a-locale.o)
 .data.lconv    0x00000000101124ac       0x38 c:/altera_lite/16.0/nios2eds/bin/gnu/h-x86_64-mingw32/bin/../lib/gcc/nios2-elf/5.2.0/../../../../../H-x86_64-mingw32/nios2-elf/lib\libc.a(lib_a-locale.o)
 .data          0x00000000101124e4        0x0 c:/altera_lite/16.0/nios2eds/bin/gnu/h-x86_64-mingw32/bin/../lib/gcc/nios2-elf/5.2.0/../../../../../H-x86_64-mingw32/nios2-elf/lib\libc.a(lib_a-lseekr.o)
 .data          0x00000000101124e4        0x0 c:/altera_lite/16.0/nios2eds/bin/gnu/h-x86_64-mingw32/bin/../lib/gcc/nios2-elf/5.2.0/../../../../../H-x86_64-mingw32/nios2-elf/lib\libc.a(lib_a-memchr.o)
 .data          0x00000000101124e4        0x0 c:/altera_lite/16.0/nios2eds/bin/gnu/h-x86_64-mingw32/bin/../lib/gcc/nios2-elf/5.2.0/../../../../../H-x86_64-mingw32/nios2-elf/lib\libc.a(lib_a-memmove.o)
 .data          0x00000000101124e4        0x0 c:/altera_lite/16.0/nios2eds/bin/gnu/h-x86_64-mingw32/bin/../lib/gcc/nios2-elf/5.2.0/../../../../../H-x86_64-mingw32/nios2-elf/lib\libc.a(lib_a-mprec.o)
 .data          0x00000000101124e4        0x0 c:/altera_lite/16.0/nios2eds/bin/gnu/h-x86_64-mingw32/bin/../lib/gcc/nios2-elf/5.2.0/../../../../../H-x86_64-mingw32/nios2-elf/lib\libc.a(lib_a-readr.o)
 .data          0x00000000101124e4        0x0 c:/altera_lite/16.0/nios2eds/bin/gnu/h-x86_64-mingw32/bin/../lib/gcc/nios2-elf/5.2.0/../../../../../H-x86_64-mingw32/nios2-elf/lib\libc.a(lib_a-reallocr.o)
 .data          0x00000000101124e4        0x0 c:/altera_lite/16.0/nios2eds/bin/gnu/h-x86_64-mingw32/bin/../lib/gcc/nios2-elf/5.2.0/../../../../../H-x86_64-mingw32/nios2-elf/lib\libc.a(lib_a-s_fpclassify.o)
 .data          0x00000000101124e4        0x0 c:/altera_lite/16.0/nios2eds/bin/gnu/h-x86_64-mingw32/bin/../lib/gcc/nios2-elf/5.2.0/../../../../../H-x86_64-mingw32/nios2-elf/lib\libc.a(lib_a-signal.o)
 .data          0x00000000101124e4        0x0 c:/altera_lite/16.0/nios2eds/bin/gnu/h-x86_64-mingw32/bin/../lib/gcc/nios2-elf/5.2.0/../../../../../H-x86_64-mingw32/nios2-elf/lib\libc.a(lib_a-signalr.o)
 .data          0x00000000101124e4        0x0 c:/altera_lite/16.0/nios2eds/bin/gnu/h-x86_64-mingw32/bin/../lib/gcc/nios2-elf/5.2.0/../../../../../H-x86_64-mingw32/nios2-elf/lib\libc.a(lib_a-strcmp.o)
 .data          0x00000000101124e4        0x0 c:/altera_lite/16.0/nios2eds/bin/gnu/h-x86_64-mingw32/bin/../lib/gcc/nios2-elf/5.2.0/../../../../../H-x86_64-mingw32/nios2-elf/lib\libc.a(lib_a-vfiprintf.o)
 .data          0x00000000101124e4        0x0 c:/altera_lite/16.0/nios2eds/bin/gnu/h-x86_64-mingw32/bin/../lib/gcc/nios2-elf/5.2.0/../../../../../H-x86_64-mingw32/nios2-elf/lib\libc.a(lib_a-callocr.o)
 .data          0x00000000101124e4        0x0 c:/altera_lite/16.0/nios2eds/bin/gnu/h-x86_64-mingw32/bin/../lib/gcc/nios2-elf/5.2.0/../../../../../H-x86_64-mingw32/nios2-elf/lib\libc.a(lib_a-fclose.o)
 .data          0x00000000101124e4        0x0 c:/altera_lite/16.0/nios2eds/bin/gnu/h-x86_64-mingw32/bin/../lib/gcc/nios2-elf/5.2.0/../../../../../H-x86_64-mingw32/nios2-elf/lib\libc.a(lib_a-fputwc.o)
 .data          0x00000000101124e4        0x0 c:/altera_lite/16.0/nios2eds/bin/gnu/h-x86_64-mingw32/bin/../lib/gcc/nios2-elf/5.2.0/../../../../../H-x86_64-mingw32/nios2-elf/lib\libc.a(lib_a-wbuf.o)
 .data          0x00000000101124e4        0x0 c:/altera_lite/16.0/nios2eds/bin/gnu/h-x86_64-mingw32/bin/../lib/gcc/nios2-elf/5.2.0/../../../../../H-x86_64-mingw32/nios2-elf/lib\libc.a(lib_a-wcrtomb.o)
 .data          0x00000000101124e4        0x0 c:/altera_lite/16.0/nios2eds/bin/gnu/h-x86_64-mingw32/bin/../lib/gcc/nios2-elf/5.2.0/../../../../../H-x86_64-mingw32/nios2-elf/lib\libc.a(lib_a-wctomb_r.o)
 .data          0x00000000101124e4        0x0 c:/altera_lite/16.0/nios2eds/bin/gnu/h-x86_64-mingw32/bin/../lib/gcc/nios2-elf/5.2.0\libgcc.a(_udivdi3.o)
 .data          0x00000000101124e4        0x0 c:/altera_lite/16.0/nios2eds/bin/gnu/h-x86_64-mingw32/bin/../lib/gcc/nios2-elf/5.2.0\libgcc.a(_umoddi3.o)
 .data          0x00000000101124e4        0x0 c:/altera_lite/16.0/nios2eds/bin/gnu/h-x86_64-mingw32/bin/../lib/gcc/nios2-elf/5.2.0\libgcc.a(adddf3.o)
 .data          0x00000000101124e4        0x0 c:/altera_lite/16.0/nios2eds/bin/gnu/h-x86_64-mingw32/bin/../lib/gcc/nios2-elf/5.2.0\libgcc.a(divdf3.o)
 .data          0x00000000101124e4        0x0 c:/altera_lite/16.0/nios2eds/bin/gnu/h-x86_64-mingw32/bin/../lib/gcc/nios2-elf/5.2.0\libgcc.a(eqdf2.o)
 .data          0x00000000101124e4        0x0 c:/altera_lite/16.0/nios2eds/bin/gnu/h-x86_64-mingw32/bin/../lib/gcc/nios2-elf/5.2.0\libgcc.a(gedf2.o)
 .data          0x00000000101124e4        0x0 c:/altera_lite/16.0/nios2eds/bin/gnu/h-x86_64-mingw32/bin/../lib/gcc/nios2-elf/5.2.0\libgcc.a(ledf2.o)
 .data          0x00000000101124e4        0x0 c:/altera_lite/16.0/nios2eds/bin/gnu/h-x86_64-mingw32/bin/../lib/gcc/nios2-elf/5.2.0\libgcc.a(muldf3.o)
 .data          0x00000000101124e4        0x0 c:/altera_lite/16.0/nios2eds/bin/gnu/h-x86_64-mingw32/bin/../lib/gcc/nios2-elf/5.2.0\libgcc.a(subdf3.o)
 .data          0x00000000101124e4        0x0 c:/altera_lite/16.0/nios2eds/bin/gnu/h-x86_64-mingw32/bin/../lib/gcc/nios2-elf/5.2.0\libgcc.a(fixdfsi.o)
 .data          0x00000000101124e4        0x0 c:/altera_lite/16.0/nios2eds/bin/gnu/h-x86_64-mingw32/bin/../lib/gcc/nios2-elf/5.2.0\libgcc.a(floatsidf.o)
 .data          0x00000000101124e4        0x0 c:/altera_lite/16.0/nios2eds/bin/gnu/h-x86_64-mingw32/bin/../lib/gcc/nios2-elf/5.2.0\libgcc.a(floatunsidf.o)
 .data          0x00000000101124e4        0x0 c:/altera_lite/16.0/nios2eds/bin/gnu/h-x86_64-mingw32/bin/../lib/gcc/nios2-elf/5.2.0\libgcc.a(_clz.o)
 .data          0x00000000101124e4        0x0 c:/altera_lite/16.0/nios2eds/bin/gnu/h-x86_64-mingw32/bin/../lib/gcc/nios2-elf/5.2.0\libgcc.a(_clzsi2.o)
 .data          0x00000000101124e4        0x0 C:/Users/Lukas/OneDrive/Documents/EPFL/Autumn_16/Embedded_Systems/GIT/LCD/sw/nios2/lcd_bsp/\libhal_bsp.a(alt_close.o)
 .data          0x00000000101124e4      0x1a8 C:/Users/Lukas/OneDrive/Documents/EPFL/Autumn_16/Embedded_Systems/GIT/LCD/sw/nios2/lcd_bsp/\libhal_bsp.a(alt_dev.o)
                0x00000000101124e4                alt_dev_null
                0x000000001011250c                alt_fd_list
 .data          0x000000001011268c        0x0 C:/Users/Lukas/OneDrive/Documents/EPFL/Autumn_16/Embedded_Systems/GIT/LCD/sw/nios2/lcd_bsp/\libhal_bsp.a(alt_errno.o)
 .data          0x000000001011268c        0x0 C:/Users/Lukas/OneDrive/Documents/EPFL/Autumn_16/Embedded_Systems/GIT/LCD/sw/nios2/lcd_bsp/\libhal_bsp.a(alt_exit.o)
 .data          0x000000001011268c        0x0 C:/Users/Lukas/OneDrive/Documents/EPFL/Autumn_16/Embedded_Systems/GIT/LCD/sw/nios2/lcd_bsp/\libhal_bsp.a(alt_fstat.o)
 .data          0x000000001011268c        0x0 C:/Users/Lukas/OneDrive/Documents/EPFL/Autumn_16/Embedded_Systems/GIT/LCD/sw/nios2/lcd_bsp/\libhal_bsp.a(alt_getpid.o)
 .data          0x000000001011268c        0x0 C:/Users/Lukas/OneDrive/Documents/EPFL/Autumn_16/Embedded_Systems/GIT/LCD/sw/nios2/lcd_bsp/\libhal_bsp.a(alt_isatty.o)
 .data          0x000000001011268c        0x0 C:/Users/Lukas/OneDrive/Documents/EPFL/Autumn_16/Embedded_Systems/GIT/LCD/sw/nios2/lcd_bsp/\libhal_bsp.a(alt_kill.o)
 .data          0x000000001011268c        0x0 C:/Users/Lukas/OneDrive/Documents/EPFL/Autumn_16/Embedded_Systems/GIT/LCD/sw/nios2/lcd_bsp/\libhal_bsp.a(alt_load.o)
 .data          0x000000001011268c        0x0 C:/Users/Lukas/OneDrive/Documents/EPFL/Autumn_16/Embedded_Systems/GIT/LCD/sw/nios2/lcd_bsp/\libhal_bsp.a(alt_lseek.o)
 .data          0x000000001011268c        0x0 C:/Users/Lukas/OneDrive/Documents/EPFL/Autumn_16/Embedded_Systems/GIT/LCD/sw/nios2/lcd_bsp/\libhal_bsp.a(alt_main.o)
 .data          0x000000001011268c        0x0 C:/Users/Lukas/OneDrive/Documents/EPFL/Autumn_16/Embedded_Systems/GIT/LCD/sw/nios2/lcd_bsp/\libhal_bsp.a(alt_malloc_lock.o)
 .data          0x000000001011268c        0x0 C:/Users/Lukas/OneDrive/Documents/EPFL/Autumn_16/Embedded_Systems/GIT/LCD/sw/nios2/lcd_bsp/\libhal_bsp.a(alt_open.o)
 .data          0x000000001011268c        0x0 C:/Users/Lukas/OneDrive/Documents/EPFL/Autumn_16/Embedded_Systems/GIT/LCD/sw/nios2/lcd_bsp/\libhal_bsp.a(alt_read.o)
 .data          0x000000001011268c        0x0 C:/Users/Lukas/OneDrive/Documents/EPFL/Autumn_16/Embedded_Systems/GIT/LCD/sw/nios2/lcd_bsp/\libhal_bsp.a(alt_release_fd.o)
 .data          0x000000001011268c        0x0 C:/Users/Lukas/OneDrive/Documents/EPFL/Autumn_16/Embedded_Systems/GIT/LCD/sw/nios2/lcd_bsp/\libhal_bsp.a(alt_sbrk.o)
 .data          0x000000001011268c        0x0 C:/Users/Lukas/OneDrive/Documents/EPFL/Autumn_16/Embedded_Systems/GIT/LCD/sw/nios2/lcd_bsp/\libhal_bsp.a(alt_write.o)
 .data          0x000000001011268c     0x1088 C:/Users/Lukas/OneDrive/Documents/EPFL/Autumn_16/Embedded_Systems/GIT/LCD/sw/nios2/lcd_bsp/\libhal_bsp.a(alt_sys_init.o)
 .data          0x0000000010113714        0x0 C:/Users/Lukas/OneDrive/Documents/EPFL/Autumn_16/Embedded_Systems/GIT/LCD/sw/nios2/lcd_bsp/\libhal_bsp.a(altera_avalon_jtag_uart_fd.o)
 .data          0x0000000010113714        0x0 C:/Users/Lukas/OneDrive/Documents/EPFL/Autumn_16/Embedded_Systems/GIT/LCD/sw/nios2/lcd_bsp/\libhal_bsp.a(altera_avalon_jtag_uart_init.o)
 .data          0x0000000010113714        0x0 C:/Users/Lukas/OneDrive/Documents/EPFL/Autumn_16/Embedded_Systems/GIT/LCD/sw/nios2/lcd_bsp/\libhal_bsp.a(altera_avalon_jtag_uart_ioctl.o)
 .data          0x0000000010113714        0x0 C:/Users/Lukas/OneDrive/Documents/EPFL/Autumn_16/Embedded_Systems/GIT/LCD/sw/nios2/lcd_bsp/\libhal_bsp.a(altera_avalon_jtag_uart_read.o)